<html>
<body>
<pre>
<h1>µVision Build Log</h1>
<h2>Tool Versions:</h2>
IDE-Version: ¦ÌVision V5.40.0.0
Copyright (C) 2024 ARM Ltd and ARM Germany GmbH. All rights reserved.
License Information: huang yan, A, LIC=YA39H-WBB3W-WFAI7-EIPGA-63JT5-NEMTH
 
Tool Versions:
Toolchain:       MDK-ARM Plus  Version: 5.40.0.3
Toolchain Path:  D:\Keil5\ARM\ARMCC\Bin
C Compiler:      Armcc.exe V5.06 update 5 (build 528)
Assembler:       Armasm.exe V5.06 update 5 (build 528)
Linker/Locator:  ArmLink.exe V5.06 update 5 (build 528)
Library Manager: ArmAr.exe V5.06 update 5 (build 528)
Hex Converter:   FromElf.exe V5.06 update 5 (build 528)
CPU DLL:         SARMCM3.DLL V5.40.0.3
Dialog DLL:      DCM.DLL V1.17.5.0
Target DLL:      CMSIS_AGDI.dll V1.33.18.0
Dialog DLL:      TCM.DLL V1.56.4.0
 
<h2>Project:</h2>
D:\RM\2027Ó¢ÐÛ\ÐÂÓ¢ÐÛ´úÂë\Hero\MDK-ARM\CtrlBoard-H7_WS1812.uvprojx
Project File Date:  05/30/2026

<h2>Output:</h2>
*** Using Compiler 'V5.06 update 5 (build 528)', folder: 'D:\Keil5\ARM\ARMCC\Bin'
Build target 'CtrlBoard-H7_WS1812'
compiling spi.c...
compiling stm32h7xx_hal_pcd_ex.c...
compiling stm32h7xx_it.c...
compiling stm32h7xx_hal_msp.c...
compiling gpio.c...
compiling tim.c...
compiling freertos.c...
../User/APP/chassis_task.h(14): warning:  #47-D: incompatible redefinition of macro "CHASSIS_X_CHANNEL"  (declared at line 69 of "../User/Communication/example/device/comm_app_config.h")
  #define CHASSIS_X_CHANNEL          1
../User/APP/chassis_task.h(15): warning:  #47-D: incompatible redefinition of macro "CHASSIS_Y_CHANNEL"  (declared at line 73 of "../User/Communication/example/device/comm_app_config.h")
  #define CHASSIS_Y_CHANNEL          0
../User/APP/chassis_task.h(19): warning:  #47-D: incompatible redefinition of macro "CHASSIS_VX_RC_SEN"  (declared at line 89 of "../User/Communication/example/device/comm_app_config.h")
  #define CHASSIS_VX_RC_SEN          0.004f
../User/APP/chassis_task.h(20): warning:  #47-D: incompatible redefinition of macro "CHASSIS_VY_RC_SEN"  (declared at line 93 of "../User/Communication/example/device/comm_app_config.h")
  #define CHASSIS_VY_RC_SEN          0.004f
../Core/Src/freertos.c: 4 warnings, 0 errors
compiling fdcan.c...
compiling usart.c...
compiling dma.c...
compiling stm32h7xx_hal_timebase_tim.c...
compiling stm32h7xx_hal_pcd.c...
compiling stm32h7xx_hal_tim_ex.c...
compiling main.c...
compiling stm32h7xx_hal_tim.c...
compiling stm32h7xx_ll_usb.c...
compiling stm32h7xx_hal.c...
compiling stm32h7xx_hal_flash_ex.c...
compiling stm32h7xx_hal_gpio.c...
compiling stm32h7xx_hal_cortex.c...
compiling stm32h7xx_hal_i2c.c...
compiling stm32h7xx_hal_hsem.c...
compiling stm32h7xx_hal_flash.c...
compiling stm32h7xx_hal_pwr.c...
compiling stm32h7xx_hal_mdma.c...
compiling croutine.c...
compiling list.c...
compiling event_groups.c...
compiling stream_buffer.c...
compiling queue.c...
compiling timers.c...
compiling tasks.c...
compiling stm32h7xx_hal_dma_ex.c...
compiling heap_4.c...
compiling cmsis_os.c...
compiling stm32h7xx_hal_rcc_ex.c...
compiling port.c...
compiling service_task.c...
..\User\APP\service_task.c(15): warning:  #550-D: variable "serviceTaskHandle"  was set but never used
  static osThreadId serviceTaskHandle = NULL;
..\User\APP\service_task.c: 1 warning, 0 errors
compiling stm32h7xx_hal_pwr_ex.c...
compiling stm32h7xx_hal_rcc.c...
compiling stm32h7xx_hal_dma.c...
compiling stm32h7xx_hal_i2c_ex.c...
compiling stm32h7xx_hal_spi_ex.c...
compiling stm32h7xx_hal_spi.c...
compiling stm32h7xx_hal_uart_ex.c...
compiling auto_aim.c...
compiling stm32h7xx_hal_exti.c...
compiling system_stm32h7xx.c...
compiling target_curve.c...
compiling chassis_task.c...
../User/APP_Support/protocol.h(27): warning:  #47-D: incompatible redefinition of macro "REF_PROTOCOL_FRAME_MAX_SIZE"  (declared at line 166 of "../User/APP_Support/project_config.h")
  #define REF_PROTOCOL_FRAME_MAX_SIZE         300
..\User\APP\chassis_task.c: 1 warning, 0 errors
compiling detect_task.c...
compiling light_task.c...
compiling chassis_behaviour.c...
compiling Safewarning.c...
..\User\APP\Safewarning.c(53): warning:  #188-D: enumerated type mixed with another type
  static Beep_State_t beep_state = {0};
..\User\APP\Safewarning.c: 1 warning, 0 errors
compiling stm32h7xx_hal_uart.c...
compiling stm32h7xx_hal_fdcan.c...
compiling camera_channel.c...
..\User\Communication\channel\camera\camera_channel.c(112): warning:  #185-D: dynamic initialization in unreachable code
      uint64_t ts = 0;
..\User\Communication\channel\camera\camera_channel.c: 1 warning, 0 errors
compiling time_sync_channel.c...
compiling gimbal_task.c...
..\User\APP\gimbal_task.c(24): warning:  #550-D: variable "gimbalTaskHandle"  was set but never used
  static osThreadId gimbalTaskHandle = NULL;
..\User\APP\gimbal_task.c: 1 warning, 0 errors
compiling bsp_fdcan.c...
compiling pm01_api.c...
compiling shoot_task.c...
compiling chassis_power_control.c...
..\User\APP_Support\protocol.h(27): warning:  #47-D: incompatible redefinition of macro "REF_PROTOCOL_FRAME_MAX_SIZE"  (declared at line 166 of "../User/APP_Support/project_config.h")
  #define REF_PROTOCOL_FRAME_MAX_SIZE         300
..\User\APP_Support\chassis_power_control.c: 1 warning, 0 errors
compiling chassis_calculate.c...
compiling platform_stm32.c...
compiling hwt_imu.c...
compiling gimbal_channel.c...
compiling adrc.c...
compiling comm.c...
compiling usb_cdc_port.c...
compiling CRC8_CRC16.c...
compiling uproto.c...
compiling referee.c...
compiling pid.c...
compiling user_lib.c...
compiling bsp_usart.c...
compiling gimbal_behaviour.c...
compiling yaw_pitch_direct.c...
compiling comm_app.c...
../User/BSP/remote_control.h(55): warning:  #3108-D: attribute "__packed__" does not apply here
  typedef __packed  struct
..\User\Communication\example\device\comm_app.c(130): warning:  #177-D: function "now_us_fallback"  was declared but never referenced
  static uint64_t now_us_fallback(void) {
..\User\Communication\example\device\comm_app.c: 2 warnings, 0 errors
compiling usbd_core.c...
compiling usbd_cdc_if.c...
../USB_DEVICE/App/usbd_cdc_if.c(201): warning:  #177-D: function "proto_port_write"  was declared but never referenced
  static size_t proto_port_write(void *user, const uint8_t *data, size_t len)
../USB_DEVICE/App/usbd_cdc_if.c: 1 warning, 0 errors
compiling vofa.c...
compiling usbd_desc.c...
compiling gravity_comp.c...
compiling bsp_tim24.c...
compiling usbd_ioreq.c...
compiling usbd_cdc.c...
compiling usbd_ctlreq.c...
compiling remote_control.c...
compiling usb_device.c...
compiling ws2812.c...
compiling usbd_conf.c...
linking...
Program Size: Code=75784 RO-data=2764 RW-data=920 ZI-data=42480  
FromELF: creating hex file...
"CtrlBoard-H7_WS1812\CtrlBoard-H7_WS1812.axf" - 0 Error(s), 13 Warning(s).

<h2>Software Packages used:</h2>

Package Vendor: ARM
                https://www.keil.com/pack/ARM.CMSIS.6.1.0.pack
                ARM::CMSIS@6.1.0
                CMSIS (Common Microcontroller Software Interface Standard)
   * Component: CORE Version: 6.1.0

Package Vendor: Keil
                https://www.keil.com/pack/Keil.STM32H7xx_DFP.4.0.0.pack
                Keil::STM32H7xx_DFP@4.0.0
                STMicroelectronics STM32H7 Series Device Support

<h2>Collection of Component include folders:</h2>
  ./RTE/_CtrlBoard-H7_WS1812
  D:/Keil5/ARM/PACK/ARM/CMSIS/6.1.0/CMSIS/Core/Include

<h2>Collection of Component Files used:</h2>

   * Component: ARM::CMSIS:CORE@6.1.0
      Include file:  CMSIS/Core/Include/tz_context.h
Build Time Elapsed:  00:01:39
</pre>
</body>
</html>
