Component: ARM Compiler 5.06 update 5 (build 528) Tool: armlink [4d35e2]

==============================================================================

Section Cross References

    startup_stm32h723xx.o(STACK) refers (Special) to heapauxi.o(.text) for __use_two_region_memory
    startup_stm32h723xx.o(HEAP) refers (Special) to heapauxi.o(.text) for __use_two_region_memory
    startup_stm32h723xx.o(RESET) refers (Special) to heapauxi.o(.text) for __use_two_region_memory
    startup_stm32h723xx.o(RESET) refers to startup_stm32h723xx.o(STACK) for __initial_sp
    startup_stm32h723xx.o(RESET) refers to startup_stm32h723xx.o(.text) for Reset_Handler
    startup_stm32h723xx.o(RESET) refers to stm32h7xx_it.o(i.NMI_Handler) for NMI_Handler
    startup_stm32h723xx.o(RESET) refers to stm32h7xx_it.o(i.HardFault_Handler) for HardFault_Handler
    startup_stm32h723xx.o(RESET) refers to stm32h7xx_it.o(i.MemManage_Handler) for MemManage_Handler
    startup_stm32h723xx.o(RESET) refers to stm32h7xx_it.o(i.BusFault_Handler) for BusFault_Handler
    startup_stm32h723xx.o(RESET) refers to stm32h7xx_it.o(i.UsageFault_Handler) for UsageFault_Handler
    startup_stm32h723xx.o(RESET) refers to port.o(.emb_text) for SVC_Handler
    startup_stm32h723xx.o(RESET) refers to stm32h7xx_it.o(i.DebugMon_Handler) for DebugMon_Handler
    startup_stm32h723xx.o(RESET) refers to port.o(i.SysTick_Handler) for SysTick_Handler
    startup_stm32h723xx.o(RESET) refers to stm32h7xx_it.o(i.DMA1_Stream0_IRQHandler) for DMA1_Stream0_IRQHandler
    startup_stm32h723xx.o(RESET) refers to stm32h7xx_it.o(i.DMA1_Stream1_IRQHandler) for DMA1_Stream1_IRQHandler
    startup_stm32h723xx.o(RESET) refers to stm32h7xx_it.o(i.DMA1_Stream2_IRQHandler) for DMA1_Stream2_IRQHandler
    startup_stm32h723xx.o(RESET) refers to stm32h7xx_it.o(i.DMA1_Stream3_IRQHandler) for DMA1_Stream3_IRQHandler
    startup_stm32h723xx.o(RESET) refers to stm32h7xx_it.o(i.DMA1_Stream4_IRQHandler) for DMA1_Stream4_IRQHandler
    startup_stm32h723xx.o(RESET) refers to stm32h7xx_it.o(i.DMA1_Stream5_IRQHandler) for DMA1_Stream5_IRQHandler
    startup_stm32h723xx.o(RESET) refers to stm32h7xx_it.o(i.DMA1_Stream6_IRQHandler) for DMA1_Stream6_IRQHandler
    startup_stm32h723xx.o(RESET) refers to stm32h7xx_it.o(i.FDCAN1_IT0_IRQHandler) for FDCAN1_IT0_IRQHandler
    startup_stm32h723xx.o(RESET) refers to stm32h7xx_it.o(i.FDCAN2_IT0_IRQHandler) for FDCAN2_IT0_IRQHandler
    startup_stm32h723xx.o(RESET) refers to stm32h7xx_it.o(i.FDCAN1_IT1_IRQHandler) for FDCAN1_IT1_IRQHandler
    startup_stm32h723xx.o(RESET) refers to stm32h7xx_it.o(i.FDCAN2_IT1_IRQHandler) for FDCAN2_IT1_IRQHandler
    startup_stm32h723xx.o(RESET) refers to stm32h7xx_it.o(i.SPI2_IRQHandler) for SPI2_IRQHandler
    startup_stm32h723xx.o(RESET) refers to stm32h7xx_it.o(i.USART1_IRQHandler) for USART1_IRQHandler
    startup_stm32h723xx.o(RESET) refers to stm32h7xx_it.o(i.UART5_IRQHandler) for UART5_IRQHandler
    startup_stm32h723xx.o(RESET) refers to stm32h7xx_it.o(i.TIM6_DAC_IRQHandler) for TIM6_DAC_IRQHandler
    startup_stm32h723xx.o(RESET) refers to stm32h7xx_it.o(i.DMA2_Stream0_IRQHandler) for DMA2_Stream0_IRQHandler
    startup_stm32h723xx.o(RESET) refers to stm32h7xx_it.o(i.DMA2_Stream1_IRQHandler) for DMA2_Stream1_IRQHandler
    startup_stm32h723xx.o(RESET) refers to stm32h7xx_it.o(i.UART7_IRQHandler) for UART7_IRQHandler
    startup_stm32h723xx.o(RESET) refers to stm32h7xx_it.o(i.USART10_IRQHandler) for USART10_IRQHandler
    startup_stm32h723xx.o(RESET) refers to stm32h7xx_it.o(i.FDCAN3_IT0_IRQHandler) for FDCAN3_IT0_IRQHandler
    startup_stm32h723xx.o(RESET) refers to stm32h7xx_it.o(i.FDCAN3_IT1_IRQHandler) for FDCAN3_IT1_IRQHandler
    startup_stm32h723xx.o(RESET) refers to stm32h7xx_it.o(i.TIM23_IRQHandler) for TIM23_IRQHandler
    startup_stm32h723xx.o(.text) refers (Special) to heapauxi.o(.text) for __use_two_region_memory
    startup_stm32h723xx.o(.text) refers to system_stm32h7xx.o(i.SystemInit) for SystemInit
    startup_stm32h723xx.o(.text) refers to __main.o(!!!main) for __main
    startup_stm32h723xx.o(.text) refers to startup_stm32h723xx.o(HEAP) for Heap_Mem
    startup_stm32h723xx.o(.text) refers to startup_stm32h723xx.o(STACK) for Stack_Mem
    main.o(i.HAL_TIM_PeriodElapsedCallback) refers to safewarning.o(i.Beep_Task) for Beep_Task
    main.o(i.HAL_TIM_PeriodElapsedCallback) refers to stm32h7xx_hal.o(i.HAL_IncTick) for HAL_IncTick
    main.o(i.PeriphCommonClock_Config) refers to rt_memclr_w.o(.text) for __aeabi_memclr4
    main.o(i.PeriphCommonClock_Config) refers to stm32h7xx_hal_rcc_ex.o(i.HAL_RCCEx_PeriphCLKConfig) for HAL_RCCEx_PeriphCLKConfig
    main.o(i.SystemClock_Config) refers to rt_memclr_w.o(.text) for __aeabi_memclr4
    main.o(i.SystemClock_Config) refers to stm32h7xx_hal_pwr_ex.o(i.HAL_PWREx_ConfigSupply) for HAL_PWREx_ConfigSupply
    main.o(i.SystemClock_Config) refers to stm32h7xx_hal_rcc.o(i.HAL_RCC_OscConfig) for HAL_RCC_OscConfig
[...]
    HAL_FDCAN_TxEventFifoCallback            0x080032c3   Thumb Code     2  stm32h7xx_hal_fdcan.o(i.HAL_FDCAN_TxEventFifoCallback)
    HAL_FDCAN_TxFifoEmptyCallback            0x080032c5   Thumb Code     2  stm32h7xx_hal_fdcan.o(i.HAL_FDCAN_TxFifoEmptyCallback)
    HAL_GPIO_Init                            0x080032c9   Thumb Code   496  stm32h7xx_hal_gpio.o(i.HAL_GPIO_Init)
    HAL_GPIO_WritePin                        0x080034e5   Thumb Code    10  stm32h7xx_hal_gpio.o(i.HAL_GPIO_WritePin)
    HAL_GetTick                              0x080034f1   Thumb Code     6  stm32h7xx_hal.o(i.HAL_GetTick)
    HAL_IncTick                              0x080034fd   Thumb Code    12  stm32h7xx_hal.o(i.HAL_IncTick)
    HAL_Init                                 0x0800350d   Thumb Code    74  stm32h7xx_hal.o(i.HAL_Init)
    HAL_InitTick                             0x08003569   Thumb Code   110  stm32h7xx_hal_timebase_tim.o(i.HAL_InitTick)
    HAL_MspInit                              0x080035ed   Thumb Code    32  stm32h7xx_hal_msp.o(i.HAL_MspInit)
    HAL_NVIC_EnableIRQ                       0x08003611   Thumb Code    26  stm32h7xx_hal_cortex.o(i.HAL_NVIC_EnableIRQ)
    HAL_NVIC_SetPriority                     0x0800362d   Thumb Code    60  stm32h7xx_hal_cortex.o(i.HAL_NVIC_SetPriority)
    HAL_NVIC_SetPriorityGrouping             0x0800366d   Thumb Code    28  stm32h7xx_hal_cortex.o(i.HAL_NVIC_SetPriorityGrouping)
    HAL_PWREx_ConfigSupply                   0x08003691   Thumb Code    78  stm32h7xx_hal_pwr_ex.o(i.HAL_PWREx_ConfigSupply)
    HAL_RCCEx_GetD3PCLK1Freq                 0x080036e5   Thumb Code    26  stm32h7xx_hal_rcc_ex.o(i.HAL_RCCEx_GetD3PCLK1Freq)
    HAL_RCCEx_GetPLL2ClockFreq               0x08003709   Thumb Code   296  stm32h7xx_hal_rcc_ex.o(i.HAL_RCCEx_GetPLL2ClockFreq)
    HAL_RCCEx_GetPLL3ClockFreq               0x0800384d   Thumb Code   296  stm32h7xx_hal_rcc_ex.o(i.HAL_RCCEx_GetPLL3ClockFreq)
    HAL_RCCEx_PeriphCLKConfig                0x08003991   Thumb Code  2362  stm32h7xx_hal_rcc_ex.o(i.HAL_RCCEx_PeriphCLKConfig)
    HAL_RCC_ClockConfig                      0x080042cd   Thumb Code   580  stm32h7xx_hal_rcc.o(i.HAL_RCC_ClockConfig)
    HAL_RCC_GetClockConfig                   0x08004529   Thumb Code    84  stm32h7xx_hal_rcc.o(i.HAL_RCC_GetClockConfig)
    HAL_RCC_GetHCLKFreq                      0x08004585   Thumb Code    52  stm32h7xx_hal_rcc.o(i.HAL_RCC_GetHCLKFreq)
    HAL_RCC_GetPCLK1Freq                     0x080045c9   Thumb Code    26  stm32h7xx_hal_rcc.o(i.HAL_RCC_GetPCLK1Freq)
    HAL_RCC_GetPCLK2Freq                     0x080045ed   Thumb Code    26  stm32h7xx_hal_rcc.o(i.HAL_RCC_GetPCLK2Freq)
    HAL_RCC_GetSysClockFreq                  0x08004611   Thumb Code   278  stm32h7xx_hal_rcc.o(i.HAL_RCC_GetSysClockFreq)
    HAL_RCC_OscConfig                        0x08004749   Thumb Code  1318  stm32h7xx_hal_rcc.o(i.HAL_RCC_OscConfig)
    HAL_SPI_ErrorCallback                    0x08004c6f   Thumb Code     2  stm32h7xx_hal_spi.o(i.HAL_SPI_ErrorCallback)
    HAL_SPI_IRQHandler                       0x08004c71   Thumb Code   544  stm32h7xx_hal_spi.o(i.HAL_SPI_IRQHandler)
    HAL_SPI_Init                             0x08004e95   Thumb Code   366  stm32h7xx_hal_spi.o(i.HAL_SPI_Init)
    HAL_SPI_MspInit                          0x08005011   Thumb Code   380  spi.o(i.HAL_SPI_MspInit)
    HAL_SPI_RxCpltCallback                   0x080051ad   Thumb Code     2  stm32h7xx_hal_spi.o(i.HAL_SPI_RxCpltCallback)
    HAL_SPI_SuspendCallback                  0x080051af   Thumb Code     2  stm32h7xx_hal_spi.o(i.HAL_SPI_SuspendCallback)
    HAL_SPI_Transmit                         0x080051b1   Thumb Code   578  stm32h7xx_hal_spi.o(i.HAL_SPI_Transmit)
    HAL_SPI_TxCpltCallback                   0x080053f3   Thumb Code     2  stm32h7xx_hal_spi.o(i.HAL_SPI_TxCpltCallback)
    HAL_SPI_TxRxCpltCallback                 0x080053f5   Thumb Code     2  stm32h7xx_hal_spi.o(i.HAL_SPI_TxRxCpltCallback)
    HAL_TIMEx_Break2Callback                 0x080053f7   Thumb Code     2  stm32h7xx_hal_tim_ex.o(i.HAL_TIMEx_Break2Callback)
    HAL_TIMEx_BreakCallback                  0x080053f9   Thumb Code     2  stm32h7xx_hal_tim_ex.o(i.HAL_TIMEx_BreakCallback)
    HAL_TIMEx_CommutCallback                 0x080053fb   Thumb Code     2  stm32h7xx_hal_tim_ex.o(i.HAL_TIMEx_CommutCallback)
    HAL_TIMEx_MasterConfigSynchronization    0x080053fd   Thumb Code   146  stm32h7xx_hal_tim_ex.o(i.HAL_TIMEx_MasterConfigSynchronization)
    HAL_TIM_Base_Init                        0x080054b5   Thumb Code    98  stm32h7xx_hal_tim.o(i.HAL_TIM_Base_Init)
    HAL_TIM_Base_MspInit                     0x08005519   Thumb Code    50  tim.o(i.HAL_TIM_Base_MspInit)
    HAL_TIM_Base_Start_IT                    0x08005555   Thumb Code   118  stm32h7xx_hal_tim.o(i.HAL_TIM_Base_Start_IT)
    HAL_TIM_IC_CaptureCallback               0x080055f5   Thumb Code     2  stm32h7xx_hal_tim.o(i.HAL_TIM_IC_CaptureCallback)
    HAL_TIM_IRQHandler                       0x080055f7   Thumb Code   328  stm32h7xx_hal_tim.o(i.HAL_TIM_IRQHandler)
    HAL_TIM_MspPostInit                      0x08005741   Thumb Code    68  tim.o(i.HAL_TIM_MspPostInit)
    HAL_TIM_OC_DelayElapsedCallback          0x08005791   Thumb Code     2  stm32h7xx_hal_tim.o(i.HAL_TIM_OC_DelayElapsedCallback)
    HAL_TIM_PWM_ConfigChannel                0x08005793   Thumb Code   292  stm32h7xx_hal_tim.o(i.HAL_TIM_PWM_ConfigChannel)
    HAL_TIM_PWM_Init                         0x080058b7   Thumb Code    98  stm32h7xx_hal_tim.o(i.HAL_TIM_PWM_Init)
    HAL_TIM_PWM_MspInit                      0x08005919   Thumb Code    30  tim.o(i.HAL_TIM_PWM_MspInit)
    HAL_TIM_PWM_PulseFinishedCallback        0x08005941   Thumb Code     2  stm32h7xx_hal_tim.o(i.HAL_TIM_PWM_PulseFinishedCallback)
    HAL_TIM_PWM_Start                        0x08005945   Thumb Code   244  stm32h7xx_hal_tim.o(i.HAL_TIM_PWM_Start)
    HAL_TIM_PWM_Stop                         0x08005a69   Thumb Code   154  stm32h7xx_hal_tim.o(i.HAL_TIM_PWM_Stop)
    HAL_TIM_PeriodElapsedCallback            0x08005b19   Thumb Code    34  main.o(i.HAL_TIM_PeriodElapsedCallback)
    HAL_TIM_TriggerCallback                  0x08005b45   Thumb Code     2  stm32h7xx_hal_tim.o(i.HAL_TIM_TriggerCallback)
    HAL_UARTEx_DisableFifoMode               0x08005b47   Thumb Code    64  stm32h7xx_hal_uart_ex.o(i.HAL_UARTEx_DisableFifoMode)
    HAL_UARTEx_ReceiveToIdle_DMA             0x08005b87   Thumb Code    74  stm32h7xx_hal_uart_ex.o(i.HAL_UARTEx_ReceiveToIdle_DMA)
    HAL_UARTEx_RxEventCallback               0x08005bd1   Thumb Code   120  bsp_usart.o(i.HAL_UARTEx_RxEventCallback)
    HAL_UARTEx_RxFifoFullCallback            0x08005c69   Thumb Code     2  stm32h7xx_hal_uart_ex.o(i.HAL_UARTEx_RxFifoFullCallback)
    HAL_UARTEx_SetRxFifoThreshold            0x08005c6b   Thumb Code    76  stm32h7xx_hal_uart_ex.o(i.HAL_UARTEx_SetRxFifoThreshold)
    HAL_UARTEx_SetTxFifoThreshold            0x08005cb7   Thumb Code    76  stm32h7xx_hal_uart_ex.o(i.HAL_UARTEx_SetTxFifoThreshold)
    HAL_UARTEx_TxFifoEmptyCallback           0x08005d03   Thumb Code     2  stm32h7xx_hal_uart_ex.o(i.HAL_UARTEx_TxFifoEmptyCallback)
    HAL_UARTEx_WakeupCallback                0x08005d05   Thumb Code     2  stm32h7xx_hal_uart_ex.o(i.HAL_UARTEx_WakeupCallback)
    HAL_UART_ErrorCallback                   0x08005d09   Thumb Code   122  bsp_usart.o(i.HAL_UART_ErrorCallback)
    HAL_UART_IRQHandler                      0x08005dad   Thumb Code   898  stm32h7xx_hal_uart.o(i.HAL_UART_IRQHandler)
    HAL_UART_Init                            0x08006149   Thumb Code   106  stm32h7xx_hal_uart.o(i.HAL_UART_Init)
    HAL_UART_MspInit                         0x080061b5   Thumb Code   934  usart.o(i.HAL_UART_MspInit)
    HAL_UART_RxCpltCallback                  0x08006599   Thumb Code     2  bsp_usart.o(i.HAL_UART_RxCpltCallback)
    HAL_UART_RxHalfCpltCallback              0x0800659b   Thumb Code     2  stm32h7xx_hal_uart.o(i.HAL_UART_RxHalfCpltCallback)
    HAL_UART_Transmit_DMA                    0x0800659d   Thumb Code   132  stm32h7xx_hal_uart.o(i.HAL_UART_Transmit_DMA)
    HAL_UART_TxCpltCallback                  0x0800662d   Thumb Code     2  bsp_usart.o(i.HAL_UART_TxCpltCallback)
    HAL_UART_TxHalfCpltCallback              0x0800662f   Thumb Code     2  stm32h7xx_hal_uart.o(i.HAL_UART_TxHalfCpltCallback)
    HardFault_Handler                        0x08006631   Thumb Code     2  stm32h7xx_it.o(i.HardFault_Handler)
    MX_DMA_Init                              0x080066f5   Thumb Code   184  dma.o(i.MX_DMA_Init)
    MX_FDCAN1_Init                           0x080067b1   Thumb Code   110  fdcan.o(i.MX_FDCAN1_Init)
    MX_FDCAN2_Init                           0x08006829   Thumb Code   110  fdcan.o(i.MX_FDCAN2_Init)
    MX_FDCAN3_Init                           0x080068a1   Thumb Code   108  fdcan.o(i.MX_FDCAN3_Init)
    MX_FREERTOS_Init                         0x08006915   Thumb Code    38  freertos.o(i.MX_FREERTOS_Init)
    MX_GPIO_Init                             0x08006945   Thumb Code   164  gpio.o(i.MX_GPIO_Init)
    MX_SPI2_Init                             0x080069f5   Thumb Code    90  spi.o(i.MX_SPI2_Init)
    MX_SPI6_Init                             0x08006a59   Thumb Code    90  spi.o(i.MX_SPI6_Init)
    MX_TIM12_Init                            0x08006abd   Thumb Code   106  tim.o(i.MX_TIM12_Init)
    MX_TIM6_Init                             0x08006b31   Thumb Code    62  tim.o(i.MX_TIM6_Init)
    MX_UART5_Init                            0x08006b79   Thumb Code    96  usart.o(i.MX_UART5_Init)
    MX_UART7_Init                            0x08006be5   Thumb Code    94  usart.o(i.MX_UART7_Init)
    MX_USART10_UART_Init                     0x08006c4d   Thumb Code    94  usart.o(i.MX_USART10_UART_Init)
    MX_USART1_UART_Init                      0x08006cb5   Thumb Code    94  usart.o(i.MX_USART1_UART_Init)
    MemManage_Handler                        0x08006d1d   Thumb Code     2  stm32h7xx_it.o(i.MemManage_Handler)
    Motor_ENABLE                             0x08006d21   Thumb Code     8  bsp_fdcan.o(i.Motor_ENABLE)
    Motor_MIT_MODE                           0x08006d2d   Thumb Code     8  bsp_fdcan.o(i.Motor_MIT_MODE)
    NMI_Handler                              0x08006d39   Thumb Code     2  stm32h7xx_it.o(i.NMI_Handler)
    PID_Calc                                 0x08006d3d   Thumb Code   324  pid.o(i.PID_Calc)
    PID_clear                                0x08006e8d   Thumb Code    58  pid.o(i.PID_clear)
    PID_init                                 0x08006ecd   Thumb Code    88  pid.o(i.PID_init)
    PeriphCommonClock_Config                 0x08006f29   Thumb Code    68  main.o(i.PeriphCommonClock_Config)
    SPI2_IRQHandler                          0x080071ad   Thumb Code     6  stm32h7xx_it.o(i.SPI2_IRQHandler)
    ServiceTask_Init                         0x080072d9   Thumb Code    30  service_task.o(i.ServiceTask_Init)
    StartDefaultTask                         0x08007301   Thumb Code     8  freertos.o(i.StartDefaultTask)
    SysTick_Handler                          0x08007309   Thumb Code    38  port.o(i.SysTick_Handler)
    SystemClock_Config                       0x08007335   Thumb Code   144  main.o(i.SystemClock_Config)
    SystemInit                               0x080073c9   Thumb Code   158  system_stm32h7xx.o(i.SystemInit)
    TIM23_IRQHandler                         0x08007489   Thumb Code     6  stm32h7xx_it.o(i.TIM23_IRQHandler)
    TIM6_DAC_IRQHandler                      0x08007495   Thumb Code     6  stm32h7xx_it.o(i.TIM6_DAC_IRQHandler)
    TIM_Base_SetConfig                       0x080074a1   Thumb Code   182  stm32h7xx_hal_tim.o(i.TIM_Base_SetConfig)
    TIM_CCxChannelCmd                        0x08007581   Thumb Code    26  stm32h7xx_hal_tim.o(i.TIM_CCxChannelCmd)
    TIM_OC2_SetConfig                        0x08007641   Thumb Code   126  stm32h7xx_hal_tim.o(i.TIM_OC2_SetConfig)
    UART5_IRQHandler                         0x080078d1   Thumb Code     6  stm32h7xx_it.o(i.UART5_IRQHandler)
    UART7_IRQHandler                         0x080078dd   Thumb Code     6  stm32h7xx_it.o(i.UART7_IRQHandler)
    UART_AdvFeatureConfig                    0x0800792d   Thumb Code   200  stm32h7xx_hal_uart.o(i.UART_AdvFeatureConfig)
    UART_CheckIdleState                      0x080079f5   Thumb Code   170  stm32h7xx_hal_uart.o(i.UART_CheckIdleState)
    UART_SetConfig                           0x08007c6d   Thumb Code   914  stm32h7xx_hal_uart.o(i.UART_SetConfig)
    UART_Start_Receive_DMA                   0x08008049   Thumb Code   156  stm32h7xx_hal_uart.o(i.UART_Start_Receive_DMA)
    UART_WaitOnFlagUntilTimeout              0x080080f1   Thumb Code   148  stm32h7xx_hal_uart.o(i.UART_WaitOnFlagUntilTimeout)
    USART10_IRQHandler                       0x08008185   Thumb Code     6  stm32h7xx_it.o(i.USART10_IRQHandler)
    USART1_IRQHandler                        0x08008191   Thumb Code     6  stm32h7xx_it.o(i.USART1_IRQHandler)
    UsageFault_Handler                       0x0800819d   Thumb Code     2  stm32h7xx_it.o(i.UsageFault_Handler)
    VOFA_Send6                               0x080081a1   Thumb Code    28  vofa.o(i.VOFA_Send6)
    WS2812_Ctrl                              0x080081c5   Thumb Code   150  ws2812.o(i.WS2812_Ctrl)
    __ARM_fpclassifyf                        0x08008261   Thumb Code    38  fpclassifyf.o(i.__ARM_fpclassifyf)
    __hardfp_cosf                            0x080082a9   Thumb Code   276  cosf.o(i.__hardfp_cosf)
    __hardfp_fmaxf                           0x080083f9   Thumb Code    72  fmaxf.o(i.__hardfp_fmaxf)
    __hardfp_fminf                           0x08008441   Thumb Code    72  fminf.o(i.__hardfp_fminf)
    __hardfp_powf                            0x08008489   Thumb Code  1590  powf.o(i.__hardfp_powf)
    __mathlib_powf                           0x08008489   Thumb Code     0  powf.o(i.__hardfp_powf)
    __hardfp_sinf                            0x08008ae1   Thumb Code   344  sinf.o(i.__hardfp_sinf)
    __mathlib_flt_divzero                    0x08008c75   Thumb Code    14  funder.o(i.__mathlib_flt_divzero)
    __mathlib_flt_infnan                     0x08008c8d   Thumb Code     6  funder.o(i.__mathlib_flt_infnan)
    __mathlib_flt_infnan2                    0x08008c93   Thumb Code     6  funder.o(i.__mathlib_flt_infnan2)
    __mathlib_flt_invalid                    0x08008c99   Thumb Code    10  funder.o(i.__mathlib_flt_invalid)
    __mathlib_flt_overflow                   0x08008ca9   Thumb Code    10  funder.o(i.__mathlib_flt_overflow)
    __mathlib_flt_underflow                  0x08008cb9   Thumb Code    10  funder.o(i.__mathlib_flt_underflow)
    __mathlib_rredf2                         0x08008cc9   Thumb Code   316  rredf.o(i.__mathlib_rredf2)
    bsp_can_init                             0x08008f6d   Thumb Code    66  bsp_fdcan.o(i.bsp_can_init)
    can1_filter_init                         0x08008fc1   Thumb Code    58  bsp_fdcan.o(i.can1_filter_init)
    can2_filter_init                         0x08009001   Thumb Code    56  bsp_fdcan.o(i.can2_filter_init)
    can3_filter_init                         0x0800903d   Thumb Code    58  bsp_fdcan.o(i.can3_filter_init)
    canx_send_data                           0x0800907d   Thumb Code   108  bsp_fdcan.o(i.canx_send_data)
    fdcan1_receive                           0x080090ed   Thumb Code    44  bsp_fdcan.o(i.fdcan1_receive)
    fdcan1_rx_callback                       0x08009119   Thumb Code    22  bsp_fdcan.o(i.fdcan1_rx_callback)
    fdcan2_receive                           0x08009139   Thumb Code   222  bsp_fdcan.o(i.fdcan2_receive)
    fdcan2_rx_callback                       0x08009221   Thumb Code    22  bsp_fdcan.o(i.fdcan2_rx_callback)
    fdcan3_receive                           0x08009241   Thumb Code    44  bsp_fdcan.o(i.fdcan3_receive)
    fdcan3_rx_callback                       0x0800926d   Thumb Code    22  bsp_fdcan.o(i.fdcan3_rx_callback)
    float_to_uint                            0x0800935b   Thumb Code    40  bsp_fdcan.o(i.float_to_uint)
    get_INS_angle_point                      0x08009385   Thumb Code     4  hwt_imu.o(i.get_INS_angle_point)
    get_accel_data_point                     0x0800938d   Thumb Code     4  hwt_imu.o(i.get_accel_data_point)
    get_gyro_data_point                      0x08009395   Thumb Code     4  hwt_imu.o(i.get_gyro_data_point)
    get_remote_control_point                 0x0800939d   Thumb Code     4  remote_control.o(i.get_remote_control_point)
    gimbal_absolute_angle_control            0x080093a5   Thumb Code    18  gimbal_behaviour.o(i.gimbal_absolute_angle_control)
    gimbal_absolute_angle_limit              0x080093b9   Thumb Code    48  gimbal_task.o(i.gimbal_absolute_angle_limit)
    gimbal_behaviour_control_set             0x080093f9   Thumb Code    92  gimbal_behaviour.o(i.gimbal_behaviour_control_set)
    gimbal_behaviour_mode_set                0x0800945d   Thumb Code    50  gimbal_behaviour.o(i.gimbal_behaviour_mode_set)
    gimbal_behavour_set                      0x08009495   Thumb Code   196  gimbal_behaviour.o(i.gimbal_behavour_set)
    gimbal_cali_control                      0x08009635   Thumb Code    86  gimbal_behaviour.o(i.gimbal_cali_control)
    gimbal_cmd_to_shoot_stop                 0x080096b9   Thumb Code    32  gimbal_behaviour.o(i.gimbal_cmd_to_shoot_stop)
    gimbal_control_loop                      0x080096dd   Thumb Code    90  yaw_pitch_direct.o(i.gimbal_control_loop)
    gimbal_feedback_update                   0x08009739   Thumb Code   304  yaw_pitch_direct.o(i.gimbal_feedback_update)
    gimbal_init                              0x080099e5   Thumb Code   418  yaw_pitch_direct.o(i.gimbal_init)
    gimbal_init_control                      0x08009bc9   Thumb Code    46  gimbal_behaviour.o(i.gimbal_init_control)
    gimbal_mode_change_control_transit       0x08009c21   Thumb Code   166  yaw_pitch_direct.o(i.gimbal_mode_change_control_transit)
    gimbal_motionless_control                0x08009cc9   Thumb Code    22  gimbal_behaviour.o(i.gimbal_motionless_control)
    gimbal_motor_absolute_angle_control      0x08009ce5   Thumb Code   110  gimbal_task.o(i.gimbal_motor_absolute_angle_control)
    gimbal_motor_raw_angle_control           0x08009d59   Thumb Code    40  gimbal_task.o(i.gimbal_motor_raw_angle_control)
    gimbal_motor_relative_angle_control      0x08009d85   Thumb Code    92  gimbal_task.o(i.gimbal_motor_relative_angle_control)
    gimbal_pid_calc                          0x08009df5   Thumb Code    12  gimbal_task.o(i.gimbal_pid_calc)
    gimbal_pid_clear                         0x08009e05   Thumb Code    10  gimbal_task.o(i.gimbal_pid_clear)
    gimbal_pid_init                          0x08009e0f   Thumb Code    28  gimbal_task.o(i.gimbal_pid_init)
    gimbal_relative_angle_control            0x0800a005   Thumb Code    18  gimbal_behaviour.o(i.gimbal_relative_angle_control)
    gimbal_send_cmd                          0x0800a019   Thumb Code   122  yaw_pitch_direct.o(i.gimbal_send_cmd)
    gimbal_set_control                       0x0800a0a1   Thumb Code   194  yaw_pitch_direct.o(i.gimbal_set_control)
    gimbal_set_mode                          0x0800a169   Thumb Code    10  yaw_pitch_direct.o(i.gimbal_set_mode)
    gimbal_spin_control                      0x0800a175   Thumb Code    54  gimbal_behaviour.o(i.gimbal_spin_control)
    gimbal_zero_force_control                0x0800a261   Thumb Code    22  gimbal_behaviour.o(i.gimbal_zero_force_control)
    gravity_comp_calc_torque                 0x0800a27d   Thumb Code    12  gravity_comp.o(i.gravity_comp_calc_torque)
    gravity_comp_calc_torque_with_param      0x0800a28d   Thumb Code   102  gravity_comp.o(i.gravity_comp_calc_torque_with_param)
    gravity_comp_execute                     0x0800a2fd   Thumb Code    92  gravity_comp.o(i.gravity_comp_execute)
    gravity_comp_init                        0x0800a359   Thumb Code    84  gravity_comp.o(i.gravity_comp_init)
    hwt101_get_yaw_total_rad                 0x0800a3b1   Thumb Code     8  hwt_imu.o(i.hwt101_get_yaw_total_rad)
    hwt101_rx_parse                          0x0800a3bd   Thumb Code    20  hwt_imu.o(i.hwt101_rx_parse)
    hwt906_rx_parse                          0x0800a3d5   Thumb Code    20  hwt_imu.o(i.hwt906_rx_parse)
    hwt_imu_init                             0x0800a5d9   Thumb Code    60  hwt_imu.o(i.hwt_imu_init)
    main                                     0x0800a6fd   Thumb Code   126  main.o(i.main)
    osDelay                                  0x0800a7ab   Thumb Code    14  cmsis_os.o(i.osDelay)
    osKernelStart                            0x0800a7b9   Thumb Code    10  cmsis_os.o(i.osKernelStart)
    osThreadCreate                           0x0800a7c3   Thumb Code    84  cmsis_os.o(i.osThreadCreate)
    pvPortMalloc                             0x0800ab6d   Thumb Code   216  heap_4.o(i.pvPortMalloc)
    pxPortInitialiseStack                    0x0800ac49   Thumb Code    42  port.o(i.pxPortInitialiseStack)
    sbus_to_rc                               0x0800ac79   Thumb Code   154  remote_control.o(i.sbus_to_rc)
    shoot_task_init                          0x0800adf9   Thumb Code    78  shoot_task.o(i.shoot_task_init)
    shoot_task_loop                          0x0800ae51   Thumb Code    40  shoot_task.o(i.shoot_task_loop)
    uint_to_float                            0x0800b129   Thumb Code    40  bsp_fdcan.o(i.uint_to_float)
    uxListRemove                             0x0800b151   Thumb Code    38  list.o(i.uxListRemove)
    vApplicationGetIdleTaskMemory            0x0800b179   Thumb Code    18  freertos.o(i.vApplicationGetIdleTaskMemory)
    vListInitialise                          0x0800b191   Thumb Code    22  list.o(i.vListInitialise)
    vListInitialiseItem                      0x0800b1a7   Thumb Code     6  list.o(i.vListInitialiseItem)
    vListInsert                              0x0800b1ad   Thumb Code    48  list.o(i.vListInsert)
    vListInsertEnd                           0x0800b1dd   Thumb Code    24  list.o(i.vListInsertEnd)
    vPortEnterCritical                       0x0800b1f5   Thumb Code    54  port.o(i.vPortEnterCritical)
    vPortExitCritical                        0x0800b235   Thumb Code    34  port.o(i.vPortExitCritical)
    vPortFree                                0x0800b25d   Thumb Code    94  heap_4.o(i.vPortFree)
    vPortSetupTimerInterrupt                 0x0800b2c1   Thumb Code    32  port.o(i.vPortSetupTimerInterrupt)
    vTaskDelay                               0x0800b2e5   Thumb Code    66  tasks.o(i.vTaskDelay)
    vTaskDelayUntil                          0x0800b331   Thumb Code   132  tasks.o(i.vTaskDelayUntil)
    vTaskStartScheduler                      0x0800b3bd   Thumb Code    90  tasks.o(i.vTaskStartScheduler)
    vTaskSuspendAll                          0x0800b429   Thumb Code    10  tasks.o(i.vTaskSuspendAll)
    vTaskSwitchContext                       0x0800b439   Thumb Code    82  tasks.o(i.vTaskSwitchContext)
    ws2812_task                              0x0800b495   Thumb Code    50  safewarning.o(i.ws2812_task)
    xPortStartScheduler                      0x0800b4cd   Thumb Code   222  port.o(i.xPortStartScheduler)
    xTaskCreate                              0x0800b5c1   Thumb Code    90  tasks.o(i.xTaskCreate)
    xTaskCreateStatic                        0x0800b61b   Thumb Code    86  tasks.o(i.xTaskCreateStatic)
    xTaskGetTickCount                        0x0800b671   Thumb Code     6  tasks.o(i.xTaskGetTickCount)
    xTaskIncrementTick                       0x0800b67d   Thumb Code   194  tasks.o(i.xTaskIncrementTick)
    xTaskResumeAll                           0x0800b749   Thumb Code   184  tasks.o(i.xTaskResumeAll)
    __fcmp4                                  0x0800b80d   Thumb Code    24  fcmp4.o(x$fpl$fcmp4)
    __ARM_fcmp4                              0x0800b825   Thumb Code     0  fcmp4.o(x$fpl$fcmp4)
    _fcmp4                                   0x0800b825   Thumb Code    58  fcmp4.o(x$fpl$fcmp4)
    __fpl_fcmp_Inf                           0x0800b85f   Thumb Code    24  fcmpi.o(x$fpl$fcmpinf)
    __fpl_fnaninf                            0x0800b877   Thumb Code   140  fnaninf.o(x$fpl$fnaninf)
    _fp_init                                 0x0800b903   Thumb Code    10  fpinit.o(x$fpl$fpinit)
    __fplib_config_fpu_vfp                   0x0800b90b   Thumb Code     0  fpinit.o(x$fpl$fpinit)
    __fplib_config_pureend_doubles           0x0800b90b   Thumb Code     0  fpinit.o(x$fpl$fpinit)
    __I$use$fp                               0x0800b90c   Number         0  usenofp.o(x$fpl$usenofp)
    UARTPrescTable                           0x0800b98c   Data          24  stm32h7xx_hal_uart.o(.constdata)
    D1CorePrescTable                         0x0800b9b4   Data          16  system_stm32h7xx.o(.constdata)
    Region$$Table$$Base                      0x0800bbe4   Number         0  anon$$obj.o(Region$$Table)
    Region$$Table$$Limit                     0x0800bc04   Number         0  anon$$obj.o(Region$$Table)
    defaultTaskHandle                        0x24000000   Data           4  freertos.o(.data)
    uwTickFreq                               0x24000008   Data           1  stm32h7xx_hal.o(.data)
    uwTickPrio                               0x2400000c   Data           4  stm32h7xx_hal.o(.data)
    uwTick                                   0x24000010   Data           4  stm32h7xx_hal.o(.data)
    SystemCoreClock                          0x24000014   Data           4  system_stm32h7xx.o(.data)
    SystemD2Clock                            0x24000018   Data           4  system_stm32h7xx.o(.data)
    pxCurrentTCB                             0x2400001c   Data           4  tasks.o(.data)
    r                                        0x24000084   Data           1  safewarning.o(.data)
    g                                        0x24000085   Data           1  safewarning.o(.data)
    b                                        0x24000086   Data           1  safewarning.o(.data)
    yaw_can_set_current                      0x24000090   Data           4  yaw_pitch_direct.o(.data)
    pitch_can_set_current                    0x24000094   Data           4  yaw_pitch_direct.o(.data)
    gimbal_behaviour                         0x240000a4   Data           1  gimbal_behaviour.o(.data)
    service_control                          0x240000b8   Data           4  service_task.o(.data)
    can1_cnt                                 0x240000c0   Data           1  bsp_fdcan.o(.data)
    can2_cnt                                 0x240000c1   Data           1  bsp_fdcan.o(.data)
    len1                                     0x240000c2   Data           1  bsp_fdcan.o(.data)
    len2                                     0x240000c3   Data           1  bsp_fdcan.o(.data)
    len3                                     0x240000c4   Data           1  bsp_fdcan.o(.data)
    can_error_status                         0x240000c6   Data           2  bsp_fdcan.o(.data)
    rec_id1                                  0x240000c8   Data           2  bsp_fdcan.o(.data)
    rec_id2                                  0x240000ca   Data           2  bsp_fdcan.o(.data)
    rec_id3                                  0x240000cc   Data           2  bsp_fdcan.o(.data)
    g_can_fail_len                           0x240000d0   Data           4  bsp_fdcan.o(.data)
    rx_data1                                 0x240000d4   Data           8  bsp_fdcan.o(.data)
    rx_data2                                 0x240000dc   Data           8  bsp_fdcan.o(.data)
    rx_data3                                 0x240000e4   Data           8  bsp_fdcan.o(.data)
    MOTOR_Data                               0x240000ec   Data           8  bsp_fdcan.o(.data)
    MOTOR_Enable                             0x240000f4   Data           8  bsp_fdcan.o(.data)
    MOTOR_Save_zero                          0x240000fc   Data           8  bsp_fdcan.o(.data)
    RS_MOTOR_MIT_MODE                        0x24000104   Data           8  bsp_fdcan.o(.data)
    uart1_rebuffer                           0x24000134   Data          10  main.o(.bss)
    hfdcan1                                  0x24000394   Data         160  fdcan.o(.bss)
    hfdcan2                                  0x24000434   Data         160  fdcan.o(.bss)
    hfdcan3                                  0x240004d4   Data         160  fdcan.o(.bss)
    hspi2                                    0x24000574   Data         136  spi.o(.bss)
    hspi6                                    0x240005fc   Data         136  spi.o(.bss)
    hdma_spi2_rx                             0x24000684   Data         120  spi.o(.bss)
    hdma_spi2_tx                             0x240006fc   Data         120  spi.o(.bss)
    htim6                                    0x24000774   Data          76  tim.o(.bss)
    htim12                                   0x240007c0   Data          76  tim.o(.bss)
    huart5                                   0x2400080c   Data         148  usart.o(.bss)
    huart7                                   0x240008a0   Data         148  usart.o(.bss)
    huart1                                   0x24000934   Data         148  usart.o(.bss)
    huart10                                  0x240009c8   Data         148  usart.o(.bss)
    hdma_uart5_rx                            0x24000a5c   Data         120  usart.o(.bss)
    hdma_uart7_rx                            0x24000ad4   Data         120  usart.o(.bss)
    hdma_uart7_tx                            0x24000b4c   Data         120  usart.o(.bss)
    hdma_usart1_rx                           0x24000bc4   Data         120  usart.o(.bss)
    hdma_usart1_tx                           0x24000c3c   Data         120  usart.o(.bss)
    hdma_usart10_rx                          0x24000cb4   Data         120  usart.o(.bss)
    hdma_usart10_tx                          0x24000d2c   Data         120  usart.o(.bss)
    htim23                                   0x24000da4   Data          76  stm32h7xx_hal_timebase_tim.o(.bss)
    gimbal_control                           0x24004aec   Data         556  gimbal_task.o(.bss)
    shoot_task_control                       0x24004d18   Data         540  shoot_task.o(.bss)
    DJI_MOTOR_MEASURE                        0x24004f44   Data         128  bsp_fdcan.o(.bss)
    MIT_MOTOR_MEASURE                        0x24004fc4   Data         480  bsp_fdcan.o(.bss)
    usart1_buf                               0x240051a4   Data         128  bsp_usart.o(.bss)
    remote_buff                              0x24005224   Data          36  bsp_usart.o(.bss)
    remoter                                  0x24005248   Data          52  bsp_usart.o(.bss)
    usart7_buf                               0x2400527c   Data          64  bsp_usart.o(.bss)
    usart10_buf                              0x240052bc   Data          64  bsp_usart.o(.bss)
    rc_ctrl                                  0x24005310   Data          26  remote_control.o(.bss)
    hwt101_info                              0x2400532c   Data         148  hwt_imu.o(.bss)
    hwt906_info                              0x240053c0   Data         148  hwt_imu.o(.bss)
    __libspace_start                         0x24005484   Data          96  libspace.o(.bss)
    __temporary_stack_top$libspace           0x240054e4   Data           0  libspace.o(.bss)



==============================================================================

Memory Map of the image

  Image Entry point : 0x080002cd

  Load Region LR_IROM1 (Base: 0x08000000, Size: 0x0000bd38, Max: 0x00100000, ABSOLUTE, COMPRESSED[0x0000bc30])

    Execution Region ER_IROM1 (Exec base: 0x08000000, Load base: 0x08000000, Size: 0x0000bc04, Max: 0x00100000, ABSOLUTE)

    Exec Addr    Load Addr    Size         Type   Attr      Idx    E Section Name        Object

    0x08000000   0x08000000   0x000002cc   Data   RO            3    RESET               startup_stm32h723xx.o
    0x080002cc   0x080002cc   0x00000008   Code   RO        14986  * !!!main             c_w.l(__main.o)
    0x080002d4   0x080002d4   0x00000034   Code   RO        15365    !!!scatter          c_w.l(__scatter.o)
    0x08000308   0x08000308   0x0000005a   Code   RO        15363    !!dczerorl2         c_w.l(__dczerorl2.o)
    0x08000362   0x08000362   0x00000002   PAD
    0x08000364   0x08000364   0x0000001c   Code   RO        15367    !!handler_zi        c_w.l(__scatter_zi.o)
    0x08000380   0x08000380   0x00000002   Code   RO        15236    .ARM.Collect$$libinit$$00000000  c_w.l(libinit.o)
    0x08000382   0x08000382   0x00000004   Code   RO        15245    .ARM.Collect$$libinit$$00000001  c_w.l(libinit2.o)
    0x08000386   0x08000386   0x00000000   Code   RO        15248    .ARM.Collect$$libinit$$00000004  c_w.l(libinit2.o)
    0x08000386   0x08000386   0x00000000   Code   RO        15251    .ARM.Collect$$libinit$$0000000A  c_w.l(libinit2.o)
    0x08000386   0x08000386   0x00000000   Code   RO        15253    .ARM.Collect$$libinit$$0000000C  c_w.l(libinit2.o)
    0x08000386   0x08000386   0x00000000   Code   RO        15255    .ARM.Collect$$libinit$$0000000E  c_w.l(libinit2.o)
    0x08000386   0x08000386   0x00000000   Code   RO        15258    .ARM.Collect$$libinit$$00000011  c_w.l(libinit2.o)
    0x08000386   0x08000386   0x00000000   Code   RO        15260    .ARM.Collect$$libinit$$00000013  c_w.l(libinit2.o)
    0x08000386   0x08000386   0x00000000   Code   RO        15262    .ARM.Collect$$libinit$$00000015  c_w.l(libinit2.o)
    0x08000386   0x08000386   0x00000000   Code   RO        15264    .ARM.Collect$$libinit$$00000017  c_w.l(libinit2.o)
    0x08000386   0x08000386   0x00000000   Code   RO        15266    .ARM.Collect$$libinit$$00000019  c_w.l(libinit2.o)
    0x08000386   0x08000386   0x00000000   Code   RO        15268    .ARM.Collect$$libinit$$0000001B  c_w.l(libinit2.o)
    0x08000386   0x08000386   0x00000000   Code   RO        15270    .ARM.Collect$$libinit$$0000001D  c_w.l(libinit2.o)
    0x08000386   0x08000386   0x00000000   Code   RO        15272    .ARM.Collect$$libinit$$0000001F  c_w.l(libinit2.o)
    0x08000386   0x08000386   0x00000000   Code   RO        15274    .ARM.Collect$$libinit$$00000021  c_w.l(libinit2.o)
    0x08000386   0x08000386   0x00000000   Code   RO        15276    .ARM.Collect$$libinit$$00000023  c_w.l(libinit2.o)
    0x08000386   0x08000386   0x00000000   Code   RO        15278    .ARM.Collect$$libinit$$00000025  c_w.l(libinit2.o)
    0x08000386   0x08000386   0x00000000   Code   RO        15282    .ARM.Collect$$libinit$$0000002C  c_w.l(libinit2.o)
    0x08000386   0x08000386   0x00000000   Code   RO        15284    .ARM.Collect$$libinit$$0000002E  c_w.l(libinit2.o)
    0x08000386   0x08000386   0x00000000   Code   RO        15286    .ARM.Collect$$libinit$$00000030  c_w.l(libinit2.o)
    0x08000386   0x08000386   0x00000000   Code   RO        15288    .ARM.Collect$$libinit$$00000032  c_w.l(libinit2.o)
    0x08000386   0x08000386   0x00000002   Code   RO        15289    .ARM.Collect$$libinit$$00000033  c_w.l(libinit2.o)
    0x08000388   0x08000388   0x00000002   Code   RO        15320    .ARM.Collect$$libshutdown$$00000000  c_w.l(libshutdown.o)
    0x0800038a   0x0800038a   0x00000000   Code   RO        15346    .ARM.Collect$$libshutdown$$00000002  c_w.l(libshutdown2.o)
    0x0800038a   0x0800038a   0x00000000   Code   RO        15348    .ARM.Collect$$libshutdown$$00000004  c_w.l(libshutdown2.o)
    0x0800038a   0x0800038a   0x00000000   Code   RO        15351    .ARM.Collect$$libshutdown$$00000007  c_w.l(libshutdown2.o)
    0x0800038a   0x0800038a   0x00000000   Code   RO        15354    .ARM.Collect$$libshutdown$$0000000A  c_w.l(libshutdown2.o)
    0x0800038a   0x0800038a   0x00000000   Code   RO        15356    .ARM.Collect$$libshutdown$$0000000C  c_w.l(libshutdown2.o)
    0x0800038a   0x0800038a   0x00000000   Code   RO        15359    .ARM.Collect$$libshutdown$$0000000F  c_w.l(libshutdown2.o)
    0x0800038a   0x0800038a   0x00000002   Code   RO        15360    .ARM.Collect$$libshutdown$$00000010  c_w.l(libshutdown2.o)
    0x0800038c   0x0800038c   0x00000000   Code   RO        15140    .ARM.Collect$$rtentry$$00000000  c_w.l(__rtentry.o)
    0x0800038c   0x0800038c   0x00000000   Code   RO        15197    .ARM.Collect$$rtentry$$00000002  c_w.l(__rtentry2.o)
    0x0800038c   0x0800038c   0x00000006   Code   RO        15209    .ARM.Collect$$rtentry$$00000004  c_w.l(__rtentry4.o)
    0x08000392   0x08000392   0x00000000   Code   RO        15199    .ARM.Collect$$rtentry$$00000009  c_w.l(__rtentry2.o)
    0x08000392   0x08000392   0x00000004   Code   RO        15200    .ARM.Collect$$rtentry$$0000000A  c_w.l(__rtentry2.o)
    0x08000396   0x08000396   0x00000000   Code   RO        15202    .ARM.Collect$$rtentry$$0000000C  c_w.l(__rtentry2.o)
    0x08000396   0x08000396   0x00000008   Code   RO        15203    .ARM.Collect$$rtentry$$0000000D  c_w.l(__rtentry2.o)
    0x0800039e   0x0800039e   0x00000002   Code   RO        15237    .ARM.Collect$$rtexit$$00000000  c_w.l(rtexit.o)
    0x080003a0   0x080003a0   0x00000000   Code   RO        15293    .ARM.Collect$$rtexit$$00000002  c_w.l(rtexit2.o)
    0x080003a0   0x080003a0   0x00000004   Code   RO        15294    .ARM.Collect$$rtexit$$00000003  c_w.l(rtexit2.o)
    0x080003a4   0x080003a4   0x00000006   Code   RO        15295    .ARM.Collect$$rtexit$$00000004  c_w.l(rtexit2.o)
    0x080003aa   0x080003aa   0x00000002   PAD
    0x080003ac   0x080003ac   0x000000be   Code   RO         7056    .emb_text           port.o
    0x0800046a   0x0800046a   0x00000002   PAD
    0x0800046c   0x0800046c   0x00000040   Code   RO            4    .text               startup_stm32h723xx.o
    0x080004ac   0x080004ac   0x000000ee   Code   RO        14966    .text               c_w.l(lludivv7m.o)
    0x0800059a   0x0800059a   0x00000064   Code   RO        14976    .text               c_w.l(rt_memcpy_w.o)
    0x080005fe   0x080005fe   0x0000004e   Code   RO        14982    .text               c_w.l(rt_memclr_w.o)
    0x0800064c   0x0800064c   0x00000006   Code   RO        14984    .text               c_w.l(heapauxi.o)
    0x08000652   0x08000652   0x00000016   Code   RO        15145    .text               c_w.l(_rserrno.o)
    0x08000668   0x08000668   0x00000008   Code   RO        15216    .text               c_w.l(rt_errno_addr_intlibspace.o)
    0x08000670   0x08000670   0x00000008   Code   RO        15220    .text               c_w.l(libspace.o)
    0x08000678   0x08000678   0x0000004a   Code   RO        15223    .text               c_w.l(sys_stackheap_outer.o)
    0x080006c2   0x080006c2   0x00000012   Code   RO        15225    .text               c_w.l(exit.o)
    0x080006d4   0x080006d4   0x0000000c   Code   RO        15290    .text               c_w.l(sys_exit.o)
    0x080006e0   0x080006e0   0x00000002   Code   RO        15309    .text               c_w.l(use_no_semi.o)
    0x080006e2   0x080006e2   0x00000000   Code   RO        15311    .text               c_w.l(indicate_semi.o)
    0x080006e2   0x080006e2   0x00000002   PAD
    0x080006e4   0x080006e4   0x00000028   Code   RO         8449    i.ADRC_Calc         adrc.o
    0x0800070c   0x0800070c   0x00000014   Code   RO         8451    i.ADRC_GetDisturbance  adrc.o
    0x08000720   0x08000720   0x00000014   Code   RO         8452    i.ADRC_GetLastOutput  adrc.o
    0x08000734   0x08000734   0x00000014   Code   RO         8453    i.ADRC_GetTrackingState  adrc.o
    0x08000748   0x08000748   0x00000148   Code   RO         8454    i.ADRC_Init         adrc.o
    0x08000890   0x08000890   0x00000010   Code   RO         8455    i.ADRC_Reset        adrc.o
    0x080008a0   0x080008a0   0x0000002c   Code   RO         8456    i.ADRC_ResetWithState  adrc.o
    0x080008cc   0x080008cc   0x00000100   Code   RO         8460    i.ADRC_Update       adrc.o
    0x080009cc   0x080009cc   0x00000040   Code   RO         8461    i.ADRC_calc         adrc.o
    0x08000a0c   0x08000a0c   0x00000060   Code   RO         8463    i.ADRC_hot_reset    adrc.o
    0x08000a6c   0x08000a6c   0x00000050   Code   RO         8464    i.ADRC_init         adrc.o
    0x08000abc   0x08000abc   0x00000050   Code   RO         8465    i.ADRC_reset        adrc.o
    0x08000b0c   0x08000b0c   0x0000000a   Code   RO         8467    i.ADRC_update_fdb   adrc.o
    0x08000b16   0x08000b16   0x0000000a   Code   RO         8468    i.ADRC_update_ref   adrc.o
    0x08000b20   0x08000b20   0x00000014   Code   RO         7136    i.Beep_Init         safewarning.o
    0x08000b34   0x08000b34   0x00000020   Code   RO         7138    i.Beep_Play         safewarning.o
    0x08000b54   0x08000b54   0x00000020   Code   RO         7139    i.Beep_Stop         safewarning.o
    0x08000b74   0x08000b74   0x000000b4   Code   RO         7140    i.Beep_Task         safewarning.o
    0x08000c28   0x08000c28   0x00000002   Code   RO          625    i.BusFault_Handler  stm32h7xx_it.o
    0x08000c2a   0x08000c2a   0x00000002   PAD
    0x08000c2c   0x08000c2c   0x000000cc   Code   RO         7895    i.CAN_cmd_MIT       bsp_fdcan.o
    0x08000cf8   0x08000cf8   0x0000000c   Code   RO          626    i.DMA1_Stream0_IRQHandler  stm32h7xx_it.o
    0x08000d04   0x08000d04   0x0000000c   Code   RO          627    i.DMA1_Stream1_IRQHandler  stm32h7xx_it.o
    0x08000d10   0x08000d10   0x0000000c   Code   RO          628    i.DMA1_Stream2_IRQHandler  stm32h7xx_it.o
    0x08000d1c   0x08000d1c   0x0000000c   Code   RO          629    i.DMA1_Stream3_IRQHandler  stm32h7xx_it.o
    0x08000d28   0x08000d28   0x0000000c   Code   RO          630    i.DMA1_Stream4_IRQHandler  stm32h7xx_it.o
    0x08000d34   0x08000d34   0x0000000c   Code   RO          631    i.DMA1_Stream5_IRQHandler  stm32h7xx_it.o
    0x08000d40   0x08000d40   0x0000000c   Code   RO          632    i.DMA1_Stream6_IRQHandler  stm32h7xx_it.o
    0x08000d4c   0x08000d4c   0x0000000c   Code   RO          633    i.DMA2_Stream0_IRQHandler  stm32h7xx_it.o
    0x08000d58   0x08000d58   0x0000000c   Code   RO          634    i.DMA2_Stream1_IRQHandler  stm32h7xx_it.o
    0x08000d64   0x08000d64   0x000000b4   Code   RO         2670    i.DMA_CalcBaseAndBitshift  stm32h7xx_hal_dma.o
    0x08000e18   0x08000e18   0x0000009c   Code   RO         2671    i.DMA_CalcDMAMUXChannelBaseAndMask  stm32h7xx_hal_dma.o
    0x08000eb4   0x08000eb4   0x00000074   Code   RO         2672    i.DMA_CalcDMAMUXRequestGenBaseAndMask  stm32h7xx_hal_dma.o
    0x08000f28   0x08000f28   0x00000054   Code   RO         2673    i.DMA_CheckFifoParam  stm32h7xx_hal_dma.o
    0x08000f7c   0x08000f7c   0x00000220   Code   RO         2674    i.DMA_SetConfig     stm32h7xx_hal_dma.o
    0x0800119c   0x0800119c   0x00000002   Code   RO          635    i.DebugMon_Handler  stm32h7xx_it.o
    0x0800119e   0x0800119e   0x00000004   Code   RO           13    i.Error_Handler     main.o
    0x080011a2   0x080011a2   0x00000002   PAD
    0x080011a4   0x080011a4   0x0000000c   Code   RO          636    i.FDCAN1_IT0_IRQHandler  stm32h7xx_it.o
    0x080011b0   0x080011b0   0x0000000c   Code   RO          637    i.FDCAN1_IT1_IRQHandler  stm32h7xx_it.o
    0x080011bc   0x080011bc   0x0000000c   Code   RO          638    i.FDCAN2_IT0_IRQHandler  stm32h7xx_it.o
    0x080011c8   0x080011c8   0x0000000c   Code   RO          639    i.FDCAN2_IT1_IRQHandler  stm32h7xx_it.o
    0x080011d4   0x080011d4   0x0000000c   Code   RO          640    i.FDCAN3_IT0_IRQHandler  stm32h7xx_it.o
    0x080011e0   0x080011e0   0x0000000c   Code   RO          641    i.FDCAN3_IT1_IRQHandler  stm32h7xx_it.o
    0x080011ec   0x080011ec   0x000001c8   Code   RO         4311    i.FDCAN_CalcultateRamBlockAddresses  stm32h7xx_hal_fdcan.o
    0x080013b4   0x080013b4   0x0000006c   Code   RO         4312    i.FDCAN_CopyMessageToRAM  stm32h7xx_hal_fdcan.o
    0x08001420   0x08001420   0x00000028   Code   RO         7644    i.GimbalTask_Init   gimbal_task.o
    0x08001448   0x08001448   0x00000360   Code   RO         2675    i.HAL_DMA_Abort     stm32h7xx_hal_dma.o
    0x080017a8   0x080017a8   0x00000284   Code   RO         2676    i.HAL_DMA_Abort_IT  stm32h7xx_hal_dma.o
    0x08001a2c   0x08001a2c   0x000006e8   Code   RO         2680    i.HAL_DMA_IRQHandler  stm32h7xx_hal_dma.o
    0x08002114   0x08002114   0x000003bc   Code   RO         2681    i.HAL_DMA_Init      stm32h7xx_hal_dma.o
    0x080024d0   0x080024d0   0x0000029c   Code   RO         2685    i.HAL_DMA_Start_IT  stm32h7xx_hal_dma.o
    0x0800276c   0x0800276c   0x00000024   Code   RO         3372    i.HAL_Delay         stm32h7xx_hal.o
    0x08002790   0x08002790   0x00000088   Code   RO         4314    i.HAL_FDCAN_ActivateNotification  stm32h7xx_hal_fdcan.o
    0x08002818   0x08002818   0x00000066   Code   RO         4316    i.HAL_FDCAN_AddMessageToTxFifoQ  stm32h7xx_hal_fdcan.o
    0x0800287e   0x0800287e   0x00000002   Code   RO         4317    i.HAL_FDCAN_ClockCalibrationCallback  stm32h7xx_hal_fdcan.o
    0x08002880   0x08002880   0x0000005a   Code   RO         4320    i.HAL_FDCAN_ConfigFifoWatermark  stm32h7xx_hal_fdcan.o
    0x080028da   0x080028da   0x0000007e   Code   RO         4321    i.HAL_FDCAN_ConfigFilter  stm32h7xx_hal_fdcan.o
    0x08002958   0x08002958   0x00000032   Code   RO         4322    i.HAL_FDCAN_ConfigGlobalFilter  stm32h7xx_hal_fdcan.o
    0x0800298a   0x0800298a   0x00000002   PAD
    0x0800298c   0x0800298c   0x00000058   Code   RO         7896    i.HAL_FDCAN_ErrorCallback  bsp_fdcan.o
    0x080029e4   0x080029e4   0x00000002   Code   RO         4344    i.HAL_FDCAN_ErrorStatusCallback  stm32h7xx_hal_fdcan.o
    0x080029e6   0x080029e6   0x00000006   Code   RO         4349    i.HAL_FDCAN_GetError  stm32h7xx_hal_fdcan.o
    0x080029ec   0x080029ec   0x0000018c   Code   RO         4355    i.HAL_FDCAN_GetRxMessage  stm32h7xx_hal_fdcan.o
    0x08002b78   0x08002b78   0x00000002   Code   RO         4361    i.HAL_FDCAN_HighPriorityMessageCallback  stm32h7xx_hal_fdcan.o
    0x08002b7a   0x08002b7a   0x00000002   PAD
    0x08002b7c   0x08002b7c   0x00000320   Code   RO         4362    i.HAL_FDCAN_IRQHandler  stm32h7xx_hal_fdcan.o
    0x08002e9c   0x08002e9c   0x00000244   Code   RO         4363    i.HAL_FDCAN_Init    stm32h7xx_hal_fdcan.o
    0x080030e0   0x080030e0   0x0000016c   Code   RO          395    i.HAL_FDCAN_MspInit  fdcan.o
    0x0800324c   0x0800324c   0x00000002   Code   RO         4372    i.HAL_FDCAN_RxBufferNewMessageCallback  stm32h7xx_hal_fdcan.o
    0x0800324e   0x0800324e   0x00000002   PAD
    0x08003250   0x08003250   0x00000020   Code   RO         7897    i.HAL_FDCAN_RxFifo0Callback  bsp_fdcan.o
    0x08003270   0x08003270   0x00000010   Code   RO         7898    i.HAL_FDCAN_RxFifo1Callback  bsp_fdcan.o
    0x08003280   0x08003280   0x00000032   Code   RO         4375    i.HAL_FDCAN_Start   stm32h7xx_hal_fdcan.o
    0x080032b2   0x080032b2   0x00000002   Code   RO         4397    i.HAL_FDCAN_TT_GlobalTimeCallback  stm32h7xx_hal_fdcan.o
    0x080032b4   0x080032b4   0x00000002   Code   RO         4398    i.HAL_FDCAN_TT_ScheduleSyncCallback  stm32h7xx_hal_fdcan.o
    0x080032b6   0x080032b6   0x00000002   Code   RO         4403    i.HAL_FDCAN_TT_StopWatchCallback  stm32h7xx_hal_fdcan.o
    0x080032b8   0x080032b8   0x00000002   Code   RO         4404    i.HAL_FDCAN_TT_TimeMarkCallback  stm32h7xx_hal_fdcan.o
    0x080032ba   0x080032ba   0x00000002   Code   RO         4405    i.HAL_FDCAN_TimeoutOccurredCallback  stm32h7xx_hal_fdcan.o
    0x080032bc   0x080032bc   0x00000002   Code   RO         4406    i.HAL_FDCAN_TimestampWraparoundCallback  stm32h7xx_hal_fdcan.o
    0x080032be   0x080032be   0x00000002   Code   RO         4407    i.HAL_FDCAN_TxBufferAbortCallback  stm32h7xx_hal_fdcan.o
    0x080032c0   0x080032c0   0x00000002   Code   RO         4408    i.HAL_FDCAN_TxBufferCompleteCallback  stm32h7xx_hal_fdcan.o
    0x080032c2   0x080032c2   0x00000002   Code   RO         4409    i.HAL_FDCAN_TxEventFifoCallback  stm32h7xx_hal_fdcan.o
    0x080032c4   0x080032c4   0x00000002   Code   RO         4410    i.HAL_FDCAN_TxFifoEmptyCallback  stm32h7xx_hal_fdcan.o
    0x080032c6   0x080032c6   0x00000002   PAD
    0x080032c8   0x080032c8   0x0000021c   Code   RO         2523    i.HAL_GPIO_Init     stm32h7xx_hal_gpio.o
    0x080034e4   0x080034e4   0x0000000a   Code   RO         2527    i.HAL_GPIO_WritePin  stm32h7xx_hal_gpio.o
    0x080034ee   0x080034ee   0x00000002   PAD
    0x080034f0   0x080034f0   0x0000000c   Code   RO         3388    i.HAL_GetTick       stm32h7xx_hal.o
    0x080034fc   0x080034fc   0x00000010   Code   RO         3394    i.HAL_IncTick       stm32h7xx_hal.o
    0x0800350c   0x0800350c   0x0000005c   Code   RO         3395    i.HAL_Init          stm32h7xx_hal.o
    0x08003568   0x08003568   0x00000084   Code   RO          839    i.HAL_InitTick      stm32h7xx_hal_timebase_tim.o
    0x080035ec   0x080035ec   0x00000024   Code   RO          815    i.HAL_MspInit       stm32h7xx_hal_msp.o
    0x08003610   0x08003610   0x0000001a   Code   RO         1905    i.HAL_NVIC_EnableIRQ  stm32h7xx_hal_cortex.o
    0x0800362a   0x0800362a   0x00000002   PAD
    0x0800362c   0x0800362c   0x00000040   Code   RO         1911    i.HAL_NVIC_SetPriority  stm32h7xx_hal_cortex.o
    0x0800366c   0x0800366c   0x00000024   Code   RO         1912    i.HAL_NVIC_SetPriorityGrouping  stm32h7xx_hal_cortex.o
    0x08003690   0x08003690   0x00000054   Code   RO         3124    i.HAL_PWREx_ConfigSupply  stm32h7xx_hal_pwr_ex.o
    0x080036e4   0x080036e4   0x00000024   Code   RO         2166    i.HAL_RCCEx_GetD3PCLK1Freq  stm32h7xx_hal_rcc_ex.o
    0x08003708   0x08003708   0x00000144   Code   RO         2168    i.HAL_RCCEx_GetPLL2ClockFreq  stm32h7xx_hal_rcc_ex.o
    0x0800384c   0x0800384c   0x00000144   Code   RO         2169    i.HAL_RCCEx_GetPLL3ClockFreq  stm32h7xx_hal_rcc_ex.o
    0x08003990   0x08003990   0x0000093a   Code   RO         2175    i.HAL_RCCEx_PeriphCLKConfig  stm32h7xx_hal_rcc_ex.o
    0x080042ca   0x080042ca   0x00000002   PAD
    0x080042cc   0x080042cc   0x0000025c   Code   RO         2051    i.HAL_RCC_ClockConfig  stm32h7xx_hal_rcc.o
    0x08004528   0x08004528   0x0000005c   Code   RO         2055    i.HAL_RCC_GetClockConfig  stm32h7xx_hal_rcc.o
    0x08004584   0x08004584   0x00000044   Code   RO         2056    i.HAL_RCC_GetHCLKFreq  stm32h7xx_hal_rcc.o
    0x080045c8   0x080045c8   0x00000024   Code   RO         2058    i.HAL_RCC_GetPCLK1Freq  stm32h7xx_hal_rcc.o
    0x080045ec   0x080045ec   0x00000024   Code   RO         2059    i.HAL_RCC_GetPCLK2Freq  stm32h7xx_hal_rcc.o
    0x08004610   0x08004610   0x00000138   Code   RO         2060    i.HAL_RCC_GetSysClockFreq  stm32h7xx_hal_rcc.o
    0x08004748   0x08004748   0x00000526   Code   RO         2063    i.HAL_RCC_OscConfig  stm32h7xx_hal_rcc.o
    0x08004c6e   0x08004c6e   0x00000002   Code   RO         4936    i.HAL_SPI_ErrorCallback  stm32h7xx_hal_spi.o
    0x08004c70   0x08004c70   0x00000224   Code   RO         4939    i.HAL_SPI_IRQHandler  stm32h7xx_hal_spi.o
    0x08004e94   0x08004e94   0x0000017c   Code   RO         4940    i.HAL_SPI_Init      stm32h7xx_hal_spi.o
    0x08005010   0x08005010   0x0000019c   Code   RO          452    i.HAL_SPI_MspInit   spi.o
    0x080051ac   0x080051ac   0x00000002   Code   RO         4946    i.HAL_SPI_RxCpltCallback  stm32h7xx_hal_spi.o
    0x080051ae   0x080051ae   0x00000002   Code   RO         4948    i.HAL_SPI_SuspendCallback  stm32h7xx_hal_spi.o
    0x080051b0   0x080051b0   0x00000242   Code   RO         4949    i.HAL_SPI_Transmit  stm32h7xx_hal_spi.o
    0x080053f2   0x080053f2   0x00000002   Code   RO         4955    i.HAL_SPI_TxCpltCallback  stm32h7xx_hal_spi.o
    0x080053f4   0x080053f4   0x00000002   Code   RO         4957    i.HAL_SPI_TxRxCpltCallback  stm32h7xx_hal_spi.o
    0x080053f6   0x080053f6   0x00000002   Code   RO         1594    i.HAL_TIMEx_Break2Callback  stm32h7xx_hal_tim_ex.o
    0x080053f8   0x080053f8   0x00000002   Code   RO         1595    i.HAL_TIMEx_BreakCallback  stm32h7xx_hal_tim_ex.o
    0x080053fa   0x080053fa   0x00000002   Code   RO         1596    i.HAL_TIMEx_CommutCallback  stm32h7xx_hal_tim_ex.o
    0x080053fc   0x080053fc   0x000000b8   Code   RO         1617    i.HAL_TIMEx_MasterConfigSynchronization  stm32h7xx_hal_tim_ex.o
    0x080054b4   0x080054b4   0x00000062   Code   RO          880    i.HAL_TIM_Base_Init  stm32h7xx_hal_tim.o
    0x08005516   0x08005516   0x00000002   PAD
    0x08005518   0x08005518   0x0000003c   Code   RO          500    i.HAL_TIM_Base_MspInit  tim.o
    0x08005554   0x08005554   0x000000a0   Code   RO          885    i.HAL_TIM_Base_Start_IT  stm32h7xx_hal_tim.o
    0x080055f4   0x080055f4   0x00000002   Code   RO          914    i.HAL_TIM_IC_CaptureCallback  stm32h7xx_hal_tim.o
    0x080055f6   0x080055f6   0x00000148   Code   RO          928    i.HAL_TIM_IRQHandler  stm32h7xx_hal_tim.o
    0x0800573e   0x0800573e   0x00000002   PAD
    0x08005740   0x08005740   0x00000050   Code   RO          501    i.HAL_TIM_MspPostInit  tim.o
    0x08005790   0x08005790   0x00000002   Code   RO          931    i.HAL_TIM_OC_DelayElapsedCallback  stm32h7xx_hal_tim.o
    0x08005792   0x08005792   0x00000124   Code   RO          952    i.HAL_TIM_PWM_ConfigChannel  stm32h7xx_hal_tim.o
    0x080058b6   0x080058b6   0x00000062   Code   RO          955    i.HAL_TIM_PWM_Init  stm32h7xx_hal_tim.o
    0x08005918   0x08005918   0x00000028   Code   RO          503    i.HAL_TIM_PWM_MspInit  tim.o
    0x08005940   0x08005940   0x00000002   Code   RO          958    i.HAL_TIM_PWM_PulseFinishedCallback  stm32h7xx_hal_tim.o
    0x08005942   0x08005942   0x00000002   PAD
    0x08005944   0x08005944   0x00000124   Code   RO          960    i.HAL_TIM_PWM_Start  stm32h7xx_hal_tim.o
    0x08005a68   0x08005a68   0x000000b0   Code   RO          963    i.HAL_TIM_PWM_Stop  stm32h7xx_hal_tim.o
    0x08005b18   0x08005b18   0x0000002c   Code   RO           14    i.HAL_TIM_PeriodElapsedCallback  main.o
    0x08005b44   0x08005b44   0x00000002   Code   RO          971    i.HAL_TIM_TriggerCallback  stm32h7xx_hal_tim.o
    0x08005b46   0x08005b46   0x00000040   Code   RO         5678    i.HAL_UARTEx_DisableFifoMode  stm32h7xx_hal_uart_ex.o
    0x08005b86   0x08005b86   0x0000004a   Code   RO         5684    i.HAL_UARTEx_ReceiveToIdle_DMA  stm32h7xx_hal_uart_ex.o
    0x08005bd0   0x08005bd0   0x00000098   Code   RO         8062    i.HAL_UARTEx_RxEventCallback  bsp_usart.o
    0x08005c68   0x08005c68   0x00000002   Code   RO         5686    i.HAL_UARTEx_RxFifoFullCallback  stm32h7xx_hal_uart_ex.o
    0x08005c6a   0x08005c6a   0x0000004c   Code   RO         5687    i.HAL_UARTEx_SetRxFifoThreshold  stm32h7xx_hal_uart_ex.o
    0x08005cb6   0x08005cb6   0x0000004c   Code   RO         5688    i.HAL_UARTEx_SetTxFifoThreshold  stm32h7xx_hal_uart_ex.o
    0x08005d02   0x08005d02   0x00000002   Code   RO         5690    i.HAL_UARTEx_TxFifoEmptyCallback  stm32h7xx_hal_uart_ex.o
    0x08005d04   0x08005d04   0x00000002   Code   RO         5691    i.HAL_UARTEx_WakeupCallback  stm32h7xx_hal_uart_ex.o
    0x08005d06   0x08005d06   0x00000002   PAD
    0x08005d08   0x08005d08   0x000000a4   Code   RO         8063    i.HAL_UART_ErrorCallback  bsp_usart.o
    0x08005dac   0x08005dac   0x0000039c   Code   RO         5286    i.HAL_UART_IRQHandler  stm32h7xx_hal_uart.o
    0x08006148   0x08006148   0x0000006a   Code   RO         5287    i.HAL_UART_Init     stm32h7xx_hal_uart.o
    0x080061b2   0x080061b2   0x00000002   PAD
    0x080061b4   0x080061b4   0x000003e4   Code   RO          566    i.HAL_UART_MspInit  usart.o
    0x08006598   0x08006598   0x00000002   Code   RO         8064    i.HAL_UART_RxCpltCallback  bsp_usart.o
    0x0800659a   0x0800659a   0x00000002   Code   RO         5295    i.HAL_UART_RxHalfCpltCallback  stm32h7xx_hal_uart.o
    0x0800659c   0x0800659c   0x00000090   Code   RO         5297    i.HAL_UART_Transmit_DMA  stm32h7xx_hal_uart.o
    0x0800662c   0x0800662c   0x00000002   Code   RO         8065    i.HAL_UART_TxCpltCallback  bsp_usart.o
    0x0800662e   0x0800662e   0x00000002   Code   RO         5300    i.HAL_UART_TxHalfCpltCallback  stm32h7xx_hal_uart.o
    0x08006630   0x08006630   0x00000002   Code   RO          642    i.HardFault_Handler  stm32h7xx_it.o
    0x08006632   0x08006632   0x00000002   PAD
    0x08006634   0x08006634   0x000000c0   Code   RO         7899    i.MITFdbData        bsp_fdcan.o
    0x080066f4   0x080066f4   0x000000bc   Code   RO          370    i.MX_DMA_Init       dma.o
    0x080067b0   0x080067b0   0x00000078   Code   RO          396    i.MX_FDCAN1_Init    fdcan.o
    0x08006828   0x08006828   0x00000078   Code   RO          397    i.MX_FDCAN2_Init    fdcan.o
    0x080068a0   0x080068a0   0x00000074   Code   RO          398    i.MX_FDCAN3_Init    fdcan.o
    0x08006914   0x08006914   0x00000030   Code   RO          302    i.MX_FREERTOS_Init  freertos.o
    0x08006944   0x08006944   0x000000b0   Code   RO          278    i.MX_GPIO_Init      gpio.o
    0x080069f4   0x080069f4   0x00000064   Code   RO          453    i.MX_SPI2_Init      spi.o
    0x08006a58   0x08006a58   0x00000064   Code   RO          454    i.MX_SPI6_Init      spi.o
    0x08006abc   0x08006abc   0x00000074   Code   RO          504    i.MX_TIM12_Init     tim.o
    0x08006b30   0x08006b30   0x00000048   Code   RO          505    i.MX_TIM6_Init      tim.o
    0x08006b78   0x08006b78   0x0000006c   Code   RO          567    i.MX_UART5_Init     usart.o
    0x08006be4   0x08006be4   0x00000068   Code   RO          568    i.MX_UART7_Init     usart.o
    0x08006c4c   0x08006c4c   0x00000068   Code   RO          569    i.MX_USART10_UART_Init  usart.o
    0x08006cb4   0x08006cb4   0x00000068   Code   RO          570    i.MX_USART1_UART_Init  usart.o
    0x08006d1c   0x08006d1c   0x00000002   Code   RO          643    i.MemManage_Handler  stm32h7xx_it.o
    0x08006d1e   0x08006d1e   0x00000002   PAD
    0x08006d20   0x08006d20   0x0000000c   Code   RO         7900    i.Motor_ENABLE      bsp_fdcan.o
    0x08006d2c   0x08006d2c   0x0000000c   Code   RO         7901    i.Motor_MIT_MODE    bsp_fdcan.o
    0x08006d38   0x08006d38   0x00000002   Code   RO          644    i.NMI_Handler       stm32h7xx_it.o
    0x08006d3a   0x08006d3a   0x00000002   PAD
    0x08006d3c   0x08006d3c   0x00000150   Code   RO         8692    i.PID_Calc          pid.o
    0x08006e8c   0x08006e8c   0x00000040   Code   RO         8693    i.PID_clear         pid.o
    0x08006ecc   0x08006ecc   0x0000005c   Code   RO         8694    i.PID_init          pid.o
    0x08006f28   0x08006f28   0x00000044   Code   RO           15    i.PeriphCommonClock_Config  main.o
    0x08006f6c   0x08006f6c   0x00000120   Code   RO         2178    i.RCCEx_PLL2_Config  stm32h7xx_hal_rcc_ex.o
    0x0800708c   0x0800708c   0x00000120   Code   RO         2179    i.RCCEx_PLL3_Config  stm32h7xx_hal_rcc_ex.o
    0x080071ac   0x080071ac   0x0000000c   Code   RO          645    i.SPI2_IRQHandler   stm32h7xx_it.o
    0x080071b8   0x080071b8   0x000000bc   Code   RO         4960    i.SPI_CloseTransfer  stm32h7xx_hal_spi.o
    0x08007274   0x08007274   0x0000001a   Code   RO         4961    i.SPI_DMAAbortOnError  stm32h7xx_hal_spi.o
    0x0800728e   0x0800728e   0x00000002   PAD
    0x08007290   0x08007290   0x00000046   Code   RO         4977    i.SPI_WaitOnFlagUntilTimeout  stm32h7xx_hal_spi.o
    0x080072d6   0x080072d6   0x00000002   PAD
    0x080072d8   0x080072d8   0x00000028   Code   RO         7779    i.ServiceTask_Init  service_task.o
    0x08007300   0x08007300   0x00000008   Code   RO          303    i.StartDefaultTask  freertos.o
    0x08007308   0x08007308   0x0000002c   Code   RO         7057    i.SysTick_Handler   port.o
    0x08007334   0x08007334   0x00000094   Code   RO           16    i.SystemClock_Config  main.o
    0x080073c8   0x080073c8   0x000000c0   Code   RO         5797    i.SystemInit        system_stm32h7xx.o
    0x08007488   0x08007488   0x0000000c   Code   RO          646    i.TIM23_IRQHandler  stm32h7xx_it.o
    0x08007494   0x08007494   0x0000000c   Code   RO          647    i.TIM6_DAC_IRQHandler  stm32h7xx_it.o
    0x080074a0   0x080074a0   0x000000e0   Code   RO          973    i.TIM_Base_SetConfig  stm32h7xx_hal_tim.o
    0x08007580   0x08007580   0x0000001a   Code   RO          974    i.TIM_CCxChannelCmd  stm32h7xx_hal_tim.o
    0x0800759a   0x0800759a   0x00000002   PAD
    0x0800759c   0x0800759c   0x000000a4   Code   RO          986    i.TIM_OC1_SetConfig  stm32h7xx_hal_tim.o
    0x08007640   0x08007640   0x00000098   Code   RO          987    i.TIM_OC2_SetConfig  stm32h7xx_hal_tim.o
    0x080076d8   0x080076d8   0x00000098   Code   RO          988    i.TIM_OC3_SetConfig  stm32h7xx_hal_tim.o
    0x08007770   0x08007770   0x00000078   Code   RO          989    i.TIM_OC4_SetConfig  stm32h7xx_hal_tim.o
    0x080077e8   0x080077e8   0x00000074   Code   RO          990    i.TIM_OC5_SetConfig  stm32h7xx_hal_tim.o
    0x0800785c   0x0800785c   0x00000074   Code   RO          991    i.TIM_OC6_SetConfig  stm32h7xx_hal_tim.o
    0x080078d0   0x080078d0   0x0000000c   Code   RO          648    i.UART5_IRQHandler  stm32h7xx_it.o
    0x080078dc   0x080078dc   0x0000000c   Code   RO          649    i.UART7_IRQHandler  stm32h7xx_it.o
    0x080078e8   0x080078e8   0x00000044   Code   RO         5692    i.UARTEx_SetNbDataToProcess  stm32h7xx_hal_uart_ex.o
    0x0800792c   0x0800792c   0x000000c8   Code   RO         5301    i.UART_AdvFeatureConfig  stm32h7xx_hal_uart.o
    0x080079f4   0x080079f4   0x000000aa   Code   RO         5302    i.UART_CheckIdleState  stm32h7xx_hal_uart.o
    0x08007a9e   0x08007a9e   0x00000010   Code   RO         5303    i.UART_DMAAbortOnError  stm32h7xx_hal_uart.o
    0x08007aae   0x08007aae   0x0000004e   Code   RO         5304    i.UART_DMAError     stm32h7xx_hal_uart.o
    0x08007afc   0x08007afc   0x00000082   Code   RO         5305    i.UART_DMAReceiveCplt  stm32h7xx_hal_uart.o
    0x08007b7e   0x08007b7e   0x00000020   Code   RO         5307    i.UART_DMARxHalfCplt  stm32h7xx_hal_uart.o
    0x08007b9e   0x08007b9e   0x00000040   Code   RO         5309    i.UART_DMATransmitCplt  stm32h7xx_hal_uart.o
    0x08007bde   0x08007bde   0x0000000a   Code   RO         5311    i.UART_DMATxHalfCplt  stm32h7xx_hal_uart.o
    0x08007be8   0x08007be8   0x00000054   Code   RO         5313    i.UART_EndRxTransfer  stm32h7xx_hal_uart.o
    0x08007c3c   0x08007c3c   0x0000002e   Code   RO         5314    i.UART_EndTxTransfer  stm32h7xx_hal_uart.o
    0x08007c6a   0x08007c6a   0x00000002   PAD
    0x08007c6c   0x08007c6c   0x000003dc   Code   RO         5319    i.UART_SetConfig    stm32h7xx_hal_uart.o
    0x08008048   0x08008048   0x000000a8   Code   RO         5320    i.UART_Start_Receive_DMA  stm32h7xx_hal_uart.o
    0x080080f0   0x080080f0   0x00000094   Code   RO         5326    i.UART_WaitOnFlagUntilTimeout  stm32h7xx_hal_uart.o
    0x08008184   0x08008184   0x0000000c   Code   RO          650    i.USART10_IRQHandler  stm32h7xx_it.o
    0x08008190   0x08008190   0x0000000c   Code   RO          651    i.USART1_IRQHandler  stm32h7xx_it.o
    0x0800819c   0x0800819c   0x00000002   Code   RO          652    i.UsageFault_Handler  stm32h7xx_it.o
    0x0800819e   0x0800819e   0x00000002   PAD
    0x080081a0   0x080081a0   0x00000024   Code   RO         8223    i.VOFA_Send6        vofa.o
    0x080081c4   0x080081c4   0x0000009c   Code   RO         8252    i.WS2812_Ctrl       ws2812.o
    0x08008260   0x08008260   0x00000026   Code   RO        15174    i.__ARM_fpclassifyf  m_wv.l(fpclassifyf.o)
    0x08008286   0x08008286   0x00000022   Code   RO         1918    i.__NVIC_SetPriority  stm32h7xx_hal_cortex.o
    0x080082a8   0x080082a8   0x00000150   Code   RO        14996    i.__hardfp_cosf     m_wv.l(cosf.o)
    0x080083f8   0x080083f8   0x00000048   Code   RO        15132    i.__hardfp_fmaxf    m_wv.l(fmaxf.o)
    0x08008440   0x08008440   0x00000048   Code   RO        15136    i.__hardfp_fminf    m_wv.l(fminf.o)
    0x08008488   0x08008488   0x00000658   Code   RO        15070    i.__hardfp_powf     m_wv.l(powf.o)
    0x08008ae0   0x08008ae0   0x00000194   Code   RO        15084    i.__hardfp_sinf     m_wv.l(sinf.o)
    0x08008c74   0x08008c74   0x00000018   Code   RO        15176    i.__mathlib_flt_divzero  m_wv.l(funder.o)
    0x08008c8c   0x08008c8c   0x00000006   Code   RO        15177    i.__mathlib_flt_infnan  m_wv.l(funder.o)
    0x08008c92   0x08008c92   0x00000006   Code   RO        15178    i.__mathlib_flt_infnan2  m_wv.l(funder.o)
    0x08008c98   0x08008c98   0x00000010   Code   RO        15179    i.__mathlib_flt_invalid  m_wv.l(funder.o)
    0x08008ca8   0x08008ca8   0x00000010   Code   RO        15180    i.__mathlib_flt_overflow  m_wv.l(funder.o)
    0x08008cb8   0x08008cb8   0x00000010   Code   RO        15182    i.__mathlib_flt_underflow  m_wv.l(funder.o)
    0x08008cc8   0x08008cc8   0x00000154   Code   RO        15193    i.__mathlib_rredf2  m_wv.l(rredf.o)
    0x08008e1c   0x08008e1c   0x00000020   Code   RO         8469    i.adrc_clamp        adrc.o
    0x08008e3c   0x08008e3c   0x0000005c   Code   RO         8470    i.adrc_fal          adrc.o
    0x08008e98   0x08008e98   0x00000070   Code   RO         8471    i.adrc_fill_config_from_param  adrc.o
    0x08008f08   0x08008f08   0x00000040   Code   RO         8472    i.adrc_resolve_b0   adrc.o
    0x08008f48   0x08008f48   0x00000024   Code   RO         8473    i.adrc_sync_public_state  adrc.o
    0x08008f6c   0x08008f6c   0x00000054   Code   RO         7903    i.bsp_can_init      bsp_fdcan.o
    0x08008fc0   0x08008fc0   0x00000040   Code   RO         7904    i.can1_filter_init  bsp_fdcan.o
    0x08009000   0x08009000   0x0000003c   Code   RO         7905    i.can2_filter_init  bsp_fdcan.o
    0x0800903c   0x0800903c   0x00000040   Code   RO         7906    i.can3_filter_init  bsp_fdcan.o
    0x0800907c   0x0800907c   0x00000070   Code   RO         7907    i.canx_send_data    bsp_fdcan.o
    0x080090ec   0x080090ec   0x0000002c   Code   RO         7908    i.fdcan1_receive    bsp_fdcan.o
    0x08009118   0x08009118   0x00000020   Code   RO         7909    i.fdcan1_rx_callback  bsp_fdcan.o
    0x08009138   0x08009138   0x000000e8   Code   RO         7910    i.fdcan2_receive    bsp_fdcan.o
    0x08009220   0x08009220   0x00000020   Code   RO         7911    i.fdcan2_rx_callback  bsp_fdcan.o
    0x08009240   0x08009240   0x0000002c   Code   RO         7912    i.fdcan3_receive    bsp_fdcan.o
    0x0800926c   0x0800926c   0x00000020   Code   RO         7913    i.fdcan3_rx_callback  bsp_fdcan.o
    0x0800928c   0x0800928c   0x00000058   Code   RO         7914    i.fdcan_dlc_to_len  bsp_fdcan.o
    0x080092e4   0x080092e4   0x00000076   Code   RO         7915    i.fdcan_len_to_dlc  bsp_fdcan.o
    0x0800935a   0x0800935a   0x00000028   Code   RO         7917    i.float_to_uint     bsp_fdcan.o
    0x08009382   0x08009382   0x00000002   PAD
    0x08009384   0x08009384   0x00000008   Code   RO         8277    i.get_INS_angle_point  hwt_imu.o
    0x0800938c   0x0800938c   0x00000008   Code   RO         8278    i.get_accel_data_point  hwt_imu.o
    0x08009394   0x08009394   0x00000008   Code   RO         8279    i.get_gyro_data_point  hwt_imu.o
    0x0800939c   0x0800939c   0x00000008   Code   RO         8153    i.get_remote_control_point  remote_control.o
    0x080093a4   0x080093a4   0x00000012   Code   RO         7539    i.gimbal_absolute_angle_control  gimbal_behaviour.o
    0x080093b6   0x080093b6   0x00000002   PAD
    0x080093b8   0x080093b8   0x00000034   Code   RO         7647    i.gimbal_absolute_angle_limit  gimbal_task.o
    0x080093ec   0x080093ec   0x0000000c   Code   RO         7540    i.gimbal_apply_deadband  gimbal_behaviour.o
    0x080093f8   0x080093f8   0x00000064   Code   RO         7541    i.gimbal_behaviour_control_set  gimbal_behaviour.o
    0x0800945c   0x0800945c   0x00000038   Code   RO         7542    i.gimbal_behaviour_mode_set  gimbal_behaviour.o
    0x08009494   0x08009494   0x000000cc   Code   RO         7543    i.gimbal_behavour_set  gimbal_behaviour.o
    0x08009560   0x08009560   0x00000034   Code   RO         7648    i.gimbal_calc_feedback_torque  gimbal_task.o
    0x08009594   0x08009594   0x00000020   Code   RO         7649    i.gimbal_calc_feedforward  gimbal_task.o
    0x080095b4   0x080095b4   0x00000080   Code   RO         7650    i.gimbal_calc_yaw_angle_speed_torque  gimbal_task.o
    0x08009634   0x08009634   0x00000064   Code   RO         7544    i.gimbal_cali_control  gimbal_behaviour.o
    0x08009698   0x08009698   0x00000020   Code   RO         7651    i.gimbal_clamp      gimbal_task.o
    0x080096b8   0x080096b8   0x00000024   Code   RO         7546    i.gimbal_cmd_to_shoot_stop  gimbal_behaviour.o
    0x080096dc   0x080096dc   0x0000005a   Code   RO         7412    i.gimbal_control_loop  yaw_pitch_direct.o
    0x08009736   0x08009736   0x00000002   PAD
    0x08009738   0x08009738   0x00000148   Code   RO         7413    i.gimbal_feedback_update  yaw_pitch_direct.o
    0x08009880   0x08009880   0x00000038   Code   RO         7414    i.gimbal_feedforward_clear  yaw_pitch_direct.o
    0x080098b8   0x080098b8   0x000000a8   Code   RO         7415    i.gimbal_feedforward_track_target  yaw_pitch_direct.o
    0x08009960   0x08009960   0x00000078   Code   RO         7416    i.gimbal_feedforward_update  yaw_pitch_direct.o
    0x080099d8   0x080099d8   0x0000000c   Code   RO         7652    i.gimbal_float_to_torque_cmd  gimbal_task.o
    0x080099e4   0x080099e4   0x000001e4   Code   RO         7417    i.gimbal_init       yaw_pitch_direct.o
    0x08009bc8   0x08009bc8   0x00000038   Code   RO         7547    i.gimbal_init_control  gimbal_behaviour.o
    0x08009c00   0x08009c00   0x00000020   Code   RO         7418    i.gimbal_mit_clamp  yaw_pitch_direct.o
    0x08009c20   0x08009c20   0x000000a6   Code   RO         7419    i.gimbal_mode_change_control_transit  yaw_pitch_direct.o
    0x08009cc6   0x08009cc6   0x00000002   PAD
    0x08009cc8   0x08009cc8   0x0000001c   Code   RO         7548    i.gimbal_motionless_control  gimbal_behaviour.o
    0x08009ce4   0x08009ce4   0x00000074   Code   RO         7653    i.gimbal_motor_absolute_angle_control  gimbal_task.o
    0x08009d58   0x08009d58   0x0000002c   Code   RO         7654    i.gimbal_motor_raw_angle_control  gimbal_task.o
    0x08009d84   0x08009d84   0x00000064   Code   RO         7655    i.gimbal_motor_relative_angle_control  gimbal_task.o
    0x08009de8   0x08009de8   0x0000000c   Code   RO         7420    i.gimbal_output_to_mit_torque  yaw_pitch_direct.o
    0x08009df4   0x08009df4   0x00000010   Code   RO         7656    i.gimbal_pid_calc   gimbal_task.o
    0x08009e04   0x08009e04   0x0000000a   Code   RO         7657    i.gimbal_pid_clear  gimbal_task.o
    0x08009e0e   0x08009e0e   0x0000001c   Code   RO         7658    i.gimbal_pid_init   gimbal_task.o
    0x08009e2a   0x08009e2a   0x00000002   PAD
    0x08009e2c   0x08009e2c   0x000000a4   Code   RO         7421    i.gimbal_pitch_soft_limit_add  yaw_pitch_direct.o
    0x08009ed0   0x08009ed0   0x0000008c   Code   RO         7659    i.gimbal_pitch_soft_limit_output  gimbal_task.o
    0x08009f5c   0x08009f5c   0x000000a8   Code   RO         7549    i.gimbal_read_manual_input  gimbal_behaviour.o
    0x0800a004   0x0800a004   0x00000012   Code   RO         7550    i.gimbal_relative_angle_control  gimbal_behaviour.o
    0x0800a016   0x0800a016   0x00000002   PAD
    0x0800a018   0x0800a018   0x00000088   Code   RO         7422    i.gimbal_send_cmd   yaw_pitch_direct.o
    0x0800a0a0   0x0800a0a0   0x000000c8   Code   RO         7423    i.gimbal_set_control  yaw_pitch_direct.o
    0x0800a168   0x0800a168   0x0000000a   Code   RO         7424    i.gimbal_set_mode   yaw_pitch_direct.o
    0x0800a172   0x0800a172   0x00000002   PAD
    0x0800a174   0x0800a174   0x0000003c   Code   RO         7551    i.gimbal_spin_control  gimbal_behaviour.o
    0x0800a1b0   0x0800a1b0   0x0000007c   Code   RO         7660    i.gimbal_task       gimbal_task.o
    0x0800a22c   0x0800a22c   0x00000034   Code   RO         7661    i.gimbal_wrap_angle  gimbal_task.o
    0x0800a260   0x0800a260   0x0000001c   Code   RO         7552    i.gimbal_zero_force_control  gimbal_behaviour.o
    0x0800a27c   0x0800a27c   0x00000010   Code   RO         8647    i.gravity_comp_calc_torque  gravity_comp.o
    0x0800a28c   0x0800a28c   0x00000070   Code   RO         8648    i.gravity_comp_calc_torque_with_param  gravity_comp.o
    0x0800a2fc   0x0800a2fc   0x0000005c   Code   RO         8649    i.gravity_comp_execute  gravity_comp.o
    0x0800a358   0x0800a358   0x00000058   Code   RO         8650    i.gravity_comp_init  gravity_comp.o
    0x0800a3b0   0x0800a3b0   0x0000000c   Code   RO         8286    i.hwt101_get_yaw_total_rad  hwt_imu.o
    0x0800a3bc   0x0800a3bc   0x00000018   Code   RO         8287    i.hwt101_rx_parse   hwt_imu.o
    0x0800a3d4   0x0800a3d4   0x00000018   Code   RO         8299    i.hwt906_rx_parse   hwt_imu.o
    0x0800a3ec   0x0800a3ec   0x000001ec   Code   RO         8300    i.hwt_handle_frame  hwt_imu.o
    0x0800a5d8   0x0800a5d8   0x00000044   Code   RO         8301    i.hwt_imu_init      hwt_imu.o
    0x0800a61c   0x0800a61c   0x00000060   Code   RO         8302    i.hwt_parse_stream  hwt_imu.o
    0x0800a67c   0x0800a67c   0x00000080   Code   RO         8303    i.hwt_update_yaw_total  hwt_imu.o
    0x0800a6fc   0x0800a6fc   0x000000a0   Code   RO           17    i.main              main.o
    0x0800a79c   0x0800a79c   0x0000000e   Code   RO         6622    i.makeFreeRtosPriority  cmsis_os.o
    0x0800a7aa   0x0800a7aa   0x0000000e   Code   RO         6624    i.osDelay           cmsis_os.o
    0x0800a7b8   0x0800a7b8   0x0000000a   Code   RO         6627    i.osKernelStart     cmsis_os.o
    0x0800a7c2   0x0800a7c2   0x00000054   Code   RO         6661    i.osThreadCreate    cmsis_os.o
    0x0800a816   0x0800a816   0x00000002   PAD
    0x0800a818   0x0800a818   0x00000070   Code   RO         6298    i.prvAddCurrentTaskToDelayedList  tasks.o
    0x0800a888   0x0800a888   0x000000d0   Code   RO         6299    i.prvAddNewTaskToReadyList  tasks.o
    0x0800a958   0x0800a958   0x00000034   Code   RO         6300    i.prvDeleteTCB      tasks.o
    0x0800a98c   0x0800a98c   0x00000050   Code   RO         6989    i.prvHeapInit       heap_4.o
    0x0800a9dc   0x0800a9dc   0x00000060   Code   RO         6301    i.prvIdleTask       tasks.o
    0x0800aa3c   0x0800aa3c   0x0000009a   Code   RO         6302    i.prvInitialiseNewTask  tasks.o
    0x0800aad6   0x0800aad6   0x00000002   PAD
    0x0800aad8   0x0800aad8   0x0000004c   Code   RO         6990    i.prvInsertBlockIntoFreeList  heap_4.o
    0x0800ab24   0x0800ab24   0x00000020   Code   RO         6303    i.prvResetNextTaskUnblockTime  tasks.o
    0x0800ab44   0x0800ab44   0x00000028   Code   RO         7058    i.prvTaskExitError  port.o
    0x0800ab6c   0x0800ab6c   0x000000dc   Code   RO         6991    i.pvPortMalloc      heap_4.o
    0x0800ac48   0x0800ac48   0x00000030   Code   RO         7059    i.pxPortInitialiseStack  port.o
    0x0800ac78   0x0800ac78   0x0000009a   Code   RO         8155    i.sbus_to_rc        remote_control.o
    0x0800ad12   0x0800ad12   0x00000002   PAD
    0x0800ad14   0x0800ad14   0x00000034   Code   RO         7780    i.service_task      service_task.o
    0x0800ad48   0x0800ad48   0x000000b0   Code   RO         7807    i.shoot_task_control_friction  shoot_task.o
    0x0800adf8   0x0800adf8   0x00000058   Code   RO         7808    i.shoot_task_init   shoot_task.o
    0x0800ae50   0x0800ae50   0x0000002c   Code   RO         7809    i.shoot_task_loop   shoot_task.o
    0x0800ae7c   0x0800ae7c   0x0000005c   Code   RO         7810    i.shoot_task_motor_calc  shoot_task.o
    0x0800aed8   0x0800aed8   0x0000002c   Code   RO         7811    i.shoot_task_motor_hot_reset  shoot_task.o
    0x0800af04   0x0800af04   0x0000008c   Code   RO         7812    i.shoot_task_motor_init  shoot_task.o
    0x0800af90   0x0800af90   0x0000001c   Code   RO         7813    i.shoot_task_motor_ready  shoot_task.o
    0x0800afac   0x0800afac   0x00000018   Code   RO         7814    i.shoot_task_motor_reset  shoot_task.o
    0x0800afc4   0x0800afc4   0x0000003c   Code   RO         7815    i.shoot_task_send_friction_current  shoot_task.o
    0x0800b000   0x0800b000   0x00000054   Code   RO         7816    i.shoot_task_set_mode  shoot_task.o
    0x0800b054   0x0800b054   0x00000054   Code   RO         7817    i.shoot_task_stop_friction  shoot_task.o
    0x0800b0a8   0x0800b0a8   0x00000080   Code   RO         7818    i.shoot_task_update_feedback  shoot_task.o
    0x0800b128   0x0800b128   0x00000028   Code   RO         7918    i.uint_to_float     bsp_fdcan.o
    0x0800b150   0x0800b150   0x00000026   Code   RO         5934    i.uxListRemove      list.o
    0x0800b176   0x0800b176   0x00000002   PAD
    0x0800b178   0x0800b178   0x00000018   Code   RO          304    i.vApplicationGetIdleTaskMemory  freertos.o
    0x0800b190   0x0800b190   0x00000016   Code   RO         5935    i.vListInitialise   list.o
    0x0800b1a6   0x0800b1a6   0x00000006   Code   RO         5936    i.vListInitialiseItem  list.o
    0x0800b1ac   0x0800b1ac   0x00000030   Code   RO         5937    i.vListInsert       list.o
    0x0800b1dc   0x0800b1dc   0x00000018   Code   RO         5938    i.vListInsertEnd    list.o
    0x0800b1f4   0x0800b1f4   0x00000040   Code   RO         7061    i.vPortEnterCritical  port.o
    0x0800b234   0x0800b234   0x00000028   Code   RO         7062    i.vPortExitCritical  port.o
    0x0800b25c   0x0800b25c   0x00000064   Code   RO         6992    i.vPortFree         heap_4.o
    0x0800b2c0   0x0800b2c0   0x00000024   Code   RO         7063    i.vPortSetupTimerInterrupt  port.o
    0x0800b2e4   0x0800b2e4   0x0000004c   Code   RO         6312    i.vTaskDelay        tasks.o
    0x0800b330   0x0800b330   0x0000008c   Code   RO         6313    i.vTaskDelayUntil   tasks.o
    0x0800b3bc   0x0800b3bc   0x0000006c   Code   RO         6326    i.vTaskStartScheduler  tasks.o
    0x0800b428   0x0800b428   0x00000010   Code   RO         6328    i.vTaskSuspendAll   tasks.o
    0x0800b438   0x0800b438   0x0000005c   Code   RO         6329    i.vTaskSwitchContext  tasks.o
    0x0800b494   0x0800b494   0x00000038   Code   RO         7142    i.ws2812_task       safewarning.o
    0x0800b4cc   0x0800b4cc   0x000000f4   Code   RO         7065    i.xPortStartScheduler  port.o
    0x0800b5c0   0x0800b5c0   0x0000005a   Code   RO         6332    i.xTaskCreate       tasks.o
    0x0800b61a   0x0800b61a   0x00000056   Code   RO         6333    i.xTaskCreateStatic  tasks.o
    0x0800b670   0x0800b670   0x0000000c   Code   RO         6338    i.xTaskGetTickCount  tasks.o
    0x0800b67c   0x0800b67c   0x000000cc   Code   RO         6340    i.xTaskIncrementTick  tasks.o
    0x0800b748   0x0800b748   0x000000c4   Code   RO         6346    i.xTaskResumeAll    tasks.o
    0x0800b80c   0x0800b80c   0x00000052   Code   RO        15149    x$fpl$fcmp4         fz_wv.l(fcmp4.o)
    0x0800b85e   0x0800b85e   0x00000018   Code   RO        15218    x$fpl$fcmpinf       fz_wv.l(fcmpi.o)
    0x0800b876   0x0800b876   0x0000008c   Code   RO        15153    x$fpl$fnaninf       fz_wv.l(fnaninf.o)
    0x0800b902   0x0800b902   0x0000000a   Code   RO        15305    x$fpl$fpinit        fz_wv.l(fpinit.o)
    0x0800b90c   0x0800b90c   0x00000000   Code   RO        15157    x$fpl$usenofp       fz_wv.l(usenofp.o)
    0x0800b90c   0x0800b90c   0x0000001c   Data   RO          306    .constdata          freertos.o
    0x0800b928   0x0800b928   0x00000008   Data   RO         2687    .constdata          stm32h7xx_hal_dma.o
    0x0800b930   0x0800b930   0x0000005c   Data   RO         4411    .constdata          stm32h7xx_hal_fdcan.o
    0x0800b98c   0x0800b98c   0x00000018   Data   RO         5327    .constdata          stm32h7xx_hal_uart.o
    0x0800b9a4   0x0800b9a4   0x00000010   Data   RO         5693    .constdata          stm32h7xx_hal_uart_ex.o
    0x0800b9b4   0x0800b9b4   0x00000010   Data   RO         5798    .constdata          system_stm32h7xx.o
    0x0800b9c4   0x0800b9c4   0x00000064   Data   RO         7144    .constdata          safewarning.o
    0x0800ba28   0x0800ba28   0x0000001c   Data   RO         7663    .constdata          gimbal_task.o
    0x0800ba44   0x0800ba44   0x0000001c   Data   RO         7781    .constdata          service_task.o
    0x0800ba60   0x0800ba60   0x00000140   Data   RO        15073    .constdata          m_wv.l(powf.o)
    0x0800bba0   0x0800bba0   0x00000020   Data   RO        15194    .constdata          m_wv.l(rredf.o)
    0x0800bbc0   0x0800bbc0   0x0000000c   Data   RO          307    .conststring        freertos.o
    0x0800bbcc   0x0800bbcc   0x0000000b   Data   RO         7664    .conststring        gimbal_task.o
    0x0800bbd7   0x0800bbd7   0x00000001   PAD
    0x0800bbd8   0x0800bbd8   0x0000000c   Data   RO         7782    .conststring        service_task.o
    0x0800bbe4   0x0800bbe4   0x00000020   Data   RO        15361    Region$$Table       anon$$obj.o


    Execution Region RW_IRAM1 (Exec base: 0x20000000, Load base: 0x0800bc04, Size: 0x00000000, Max: 0x00020000, ABSOLUTE)

    **** No section assigned to this execution region ****


    Execution Region RW_IRAM2 (Exec base: 0x24000000, Load base: 0x0800bc04, Size: 0x00005ee8, Max: 0x00050000, ABSOLUTE, COMPRESSED[0x0000002c])

    Exec Addr    Load Addr    Size         Type   Attr      Idx    E Section Name        Object

    0x24000000   COMPRESSED   0x00000004   Data   RW          308    .data               freertos.o
    0x24000004   COMPRESSED   0x00000004   Data   RW          402    .data               fdcan.o
    0x24000008   COMPRESSED   0x0000000c   Data   RW         3419    .data               stm32h7xx_hal.o
    0x24000014   COMPRESSED   0x00000008   Data   RW         5799    .data               system_stm32h7xx.o
    0x2400001c   COMPRESSED   0x0000003c   Data   RW         6349    .data               tasks.o
    0x24000058   COMPRESSED   0x00000020   Data   RW         6998    .data               heap_4.o
    0x24000078   COMPRESSED   0x0000000c   Data   RW         7066    .data               port.o
    0x24000084   COMPRESSED   0x00000006   Data   RW         7145    .data               safewarning.o
    0x2400008a   COMPRESSED   0x00000002   PAD
    0x2400008c   COMPRESSED   0x00000018   Data   RW         7425    .data               yaw_pitch_direct.o
    0x240000a4   COMPRESSED   0x0000000c   Data   RW         7553    .data               gimbal_behaviour.o
    0x240000b0   COMPRESSED   0x00000004   Data   RW         7665    .data               gimbal_task.o
    0x240000b4   COMPRESSED   0x00000008   Data   RW         7783    .data               service_task.o
    0x240000bc   COMPRESSED   0x00000002   Data   RW         7820    .data               shoot_task.o
    0x240000be   COMPRESSED   0x00000002   PAD
    0x240000c0   COMPRESSED   0x0000004c   Data   RW         7921    .data               bsp_fdcan.o
    0x2400010c   COMPRESSED   0x0000001c   Data   RW         8224    .data               vofa.o
    0x24000128   COMPRESSED   0x0000000c   Data   RW         8307    .data               hwt_imu.o
    0x24000134        -       0x0000000a   Zero   RW           18    .bss                main.o
    0x2400013e   COMPRESSED   0x00000002   PAD
    0x24000140        -       0x00000254   Zero   RW          305    .bss                freertos.o
    0x24000394        -       0x000001e0   Zero   RW          401    .bss                fdcan.o
    0x24000574        -       0x00000200   Zero   RW          455    .bss                spi.o
    0x24000774        -       0x00000098   Zero   RW          506    .bss                tim.o
    0x2400080c        -       0x00000598   Zero   RW          571    .bss                usart.o
    0x24000da4        -       0x0000004c   Zero   RW          842    .bss                stm32h7xx_hal_timebase_tim.o
    0x24000df0        -       0x000000f0   Zero   RW         6348    .bss                tasks.o
    0x24000ee0        -       0x00003c00   Zero   RW         6997    .bss                heap_4.o
    0x24004ae0        -       0x0000000c   Zero   RW         7143    .bss                safewarning.o
    0x24004aec        -       0x0000022c   Zero   RW         7662    .bss                gimbal_task.o
    0x24004d18        -       0x0000021c   Zero   RW         7819    .bss                shoot_task.o
    0x24004f34        -       0x00000270   Zero   RW         7919    .bss                bsp_fdcan.o
    0x240051a4        -       0x00000158   Zero   RW         8072    .bss                bsp_usart.o
    0x240052fc        -       0x0000002e   Zero   RW         8158    .bss                remote_control.o
    0x2400532a   COMPRESSED   0x00000002   PAD
    0x2400532c        -       0x00000158   Zero   RW         8306    .bss                hwt_imu.o
    0x24005484        -       0x00000060   Zero   RW        15221    .bss                c_w.l(libspace.o)
    0x240054e4   COMPRESSED   0x00000004   PAD
    0x240054e8        -       0x00000200   Zero   RW            2    HEAP                startup_stm32h723xx.o
    0x240056e8        -       0x00000800   Zero   RW            1    STACK               startup_stm32h723xx.o


==============================================================================

Image component sizes


      Code (inc. data)   RO Data    RW Data    ZI Data      Debug   Object Name

      1420         62          0          0          0      14160   adrc.o
      1642        166          0         76        624      18743   bsp_fdcan.o
       320         74          0          0        344       5409   bsp_usart.o
       122          0          0          0          0      23581   cmsis_os.o
       188          4          0          0          0       1034   dma.o
         0          0          0          0          0      16920   event_groups.o
       720         58          0          4        480       3737   fdcan.o
        80         16         40          4        596       7513   freertos.o
       884        104          0         12          0      12816   gimbal_behaviour.o
       978         86         39          4        556      15131   gimbal_task.o
       176         12          0          0          0       1187   gpio.o
       308         18          0          0          0       3768   gravity_comp.o
       476         24          0         32      15360       7679   heap_4.o
       868         82          0         12        344      10986   hwt_imu.o
       138          0          0          0          0       3794   list.o
       424         48          0          0         10    1278265   main.o
       492         22          0          0          0       2818   pid.o
       706         74          0         12          0      11336   port.o
       162          4          0          0         46       6215   remote_control.o
       320         48        100          6         12       4906   safewarning.o
        92         14         40          8          0       2397   service_task.o
       992         88          0          2        540      10245   shoot_task.o
       612         52          0          0        512       3056   spi.o
        64         26        716          0       2560        856   startup_stm32h723xx.o
       156         32          0         12          0      23198   stm32h7xx_hal.o
       160         12          0          0          0      38922   stm32h7xx_hal_cortex.o
      5980        242          8          0          0      12282   stm32h7xx_hal_dma.o
      2928         48         92          0          0      23343   stm32h7xx_hal_fdcan.o
       550         44          0          0          0       2388   stm32h7xx_hal_gpio.o
        36          4          0          0          0        994   stm32h7xx_hal_msp.o
        84          6          0          0          0        809   stm32h7xx_hal_pwr_ex.o
      2466        110          0          0          0       8025   stm32h7xx_hal_rcc.o
      3622        112          0          0          0       7973   stm32h7xx_hal_rcc_ex.o
      1800         18          0          0          0       9938   stm32h7xx_hal_spi.o
      2522        306          0          0          0      16239   stm32h7xx_hal_tim.o
       190         38          0          0          0       3384   stm32h7xx_hal_tim_ex.o
       132         22          0          0         76       1648   stm32h7xx_hal_timebase_tim.o
      3312        172         24          0          0      35585   stm32h7xx_hal_uart.o
       364          6         16          0          0       6613   stm32h7xx_hal_uart_ex.o
       276        132          0          0          0      13825   stm32h7xx_it.o
         0          0          0          0          0        384   stream_buffer.o
       192         34         16          8          0       1554   system_stm32h7xx.o
         0          0          0          0          0       4475   target_curve.o
      1674        124          0         60        240      21764   tasks.o
       368         52          0          0        152       3789   tim.o
      1416        104          0          0       1432       5247   usart.o
        36          8          0         28          0       1345   vofa.o
       156          6          0          0          0        910   ws2812.o
      1966        180          0         24          0      13482   yaw_pitch_direct.o

    ----------------------------------------------------------------------
     42638       2894       1124        308      23888    1724668   Object Totals
         0          0         32          0          0          0   (incl. Generated)
        68          0          1          4          4          0   (incl. Padding)

    ----------------------------------------------------------------------

      Code (inc. data)   RO Data    RW Data    ZI Data      Debug   Library Member Name

        90          0          0          0          0          0   __dczerorl2.o
         8          0          0          0          0         68   __main.o
         0          0          0          0          0          0   __rtentry.o
        12          0          0          0          0          0   __rtentry2.o
         6          0          0          0          0          0   __rtentry4.o
        52          8          0          0          0          0   __scatter.o
        28          0          0          0          0          0   __scatter_zi.o
        22          0          0          0          0        100   _rserrno.o
        18          0          0          0          0         80   exit.o
         6          0          0          0          0        152   heapauxi.o
         0          0          0          0          0          0   indicate_semi.o
         2          0          0          0          0          0   libinit.o
         6          0          0          0          0          0   libinit2.o
         2          0          0          0          0          0   libshutdown.o
         2          0          0          0          0          0   libshutdown2.o
         8          4          0          0         96         68   libspace.o
       238          0          0          0          0        100   lludivv7m.o
         8          4          0          0          0         68   rt_errno_addr_intlibspace.o
        78          0          0          0          0         80   rt_memclr_w.o
       100          0          0          0          0         80   rt_memcpy_w.o
         2          0          0          0          0          0   rtexit.o
        10          0          0          0          0          0   rtexit2.o
        12          4          0          0          0         68   sys_exit.o
        74          0          0          0          0         80   sys_stackheap_outer.o
         2          0          0          0          0         68   use_no_semi.o
        82          4          0          0          0        160   fcmp4.o
        24          0          0          0          0        116   fcmpi.o
       140          4          0          0          0        132   fnaninf.o
        10          0          0          0          0        116   fpinit.o
         0          0          0          0          0          0   usenofp.o
       336         60          0          0          0        136   cosf.o
        72          0          0          0          0        148   fmaxf.o
        72          0          0          0          0        148   fminf.o
        38          0          0          0          0        116   fpclassifyf.o
        84         28          0          0          0        696   funder.o
      1624        130        320          0          0        400   powf.o
       340         24         32          0          0        160   rredf.o
       404         60          0          0          0        212   sinf.o

    ----------------------------------------------------------------------
      4018        330        352          0        100       3552   Library Totals
         6          0          0          0          4          0   (incl. Padding)

    ----------------------------------------------------------------------

      Code (inc. data)   RO Data    RW Data    ZI Data      Debug   Library Name

       786         20          0          0         96       1012   c_w.l
       256          8          0          0          0        524   fz_wv.l
      2970        302        352          0          0       2016   m_wv.l

    ----------------------------------------------------------------------
      4018        330        352          0        100       3552   Library Totals

    ----------------------------------------------------------------------

==============================================================================


      Code (inc. data)   RO Data    RW Data    ZI Data      Debug   

     46656       3224       1476        308      23988    1693704   Grand Totals
     46656       3224       1476         44      23988    1693704   ELF Image Totals (compressed)
     46656       3224       1476         44          0          0   ROM Totals

==============================================================================

    Total RO  Size (Code + RO Data)                48132 (  47.00kB)
    Total RW  Size (RW Data + ZI Data)             24296 (  23.73kB)
    Total ROM Size (Code + RO Data + RW Data)      48176 (  47.05kB)

==============================================================================

