Component: ARM Compiler 5.06 update 5 (build 528) Tool: armlink [4d35e2]

==============================================================================

Section Cross References

    startup_stm32h723xx.o(STACK) refers (Special) to heapauxi.o(.text) for __use_two_region_memory
    startup_stm32h723xx.o(HEAP) refers (Special) to heapauxi.o(.text) for __use_two_region_memory
    startup_stm32h723xx.o(RESET) refers (Special) to heapauxi.o(.text) for __use_two_region_memory
    startup_stm32h723xx.o(RESET) refers to startup_stm32h723xx.o(STACK) for __initial_sp
    startup_stm32h723xx.o(RESET) refers to startup_stm32h723xx.o(.text) for Reset_Handler
    startup_stm32h723xx.o(RESET) refers to stm32h7xx_it.o(i.NMI_Handler) for NMI_Handler
    startup_stm32h723xx.o(RESET) refers to stm32h7xx_it.o(i.HardFault_Handler) for HardFault_Handler
    startup_stm32h723xx.o(RESET) refers to stm32h7xx_it.o(i.MemManage_Handler) for MemManage_Handler
    startup_stm32h723xx.o(RESET) refers to stm32h7xx_it.o(i.BusFault_Handler) for BusFault_Handler
    startup_stm32h723xx.o(RESET) refers to stm32h7xx_it.o(i.UsageFault_Handler) for UsageFault_Handler
    startup_stm32h723xx.o(RESET) refers to port.o(.emb_text) for SVC_Handler
    startup_stm32h723xx.o(RESET) refers to stm32h7xx_it.o(i.DebugMon_Handler) for DebugMon_Handler
    startup_stm32h723xx.o(RESET) refers to port.o(i.SysTick_Handler) for SysTick_Handler
    startup_stm32h723xx.o(RESET) refers to stm32h7xx_it.o(i.DMA1_Stream0_IRQHandler) for DMA1_Stream0_IRQHandler
    startup_stm32h723xx.o(RESET) refers to stm32h7xx_it.o(i.DMA1_Stream1_IRQHandler) for DMA1_Stream1_IRQHandler
    startup_stm32h723xx.o(RESET) refers to stm32h7xx_it.o(i.DMA1_Stream2_IRQHandler) for DMA1_Stream2_IRQHandler
    startup_stm32h723xx.o(RESET) refers to stm32h7xx_it.o(i.DMA1_Stream3_IRQHandler) for DMA1_Stream3_IRQHandler
    startup_stm32h723xx.o(RESET) refers to stm32h7xx_it.o(i.DMA1_Stream4_IRQHandler) for DMA1_Stream4_IRQHandler
    startup_stm32h723xx.o(RESET) refers to stm32h7xx_it.o(i.DMA1_Stream5_IRQHandler) for DMA1_Stream5_IRQHandler
    startup_stm32h723xx.o(RESET) refers to stm32h7xx_it.o(i.DMA1_Stream6_IRQHandler) for DMA1_Stream6_IRQHandler
    startup_stm32h723xx.o(RESET) refers to stm32h7xx_it.o(i.FDCAN1_IT0_IRQHandler) for FDCAN1_IT0_IRQHandler
    startup_stm32h723xx.o(RESET) refers to stm32h7xx_it.o(i.FDCAN2_IT0_IRQHandler) for FDCAN2_IT0_IRQHandler
    startup_stm32h723xx.o(RESET) refers to stm32h7xx_it.o(i.FDCAN1_IT1_IRQHandler) for FDCAN1_IT1_IRQHandler
    startup_stm32h723xx.o(RESET) refers to stm32h7xx_it.o(i.FDCAN2_IT1_IRQHandler) for FDCAN2_IT1_IRQHandler
    startup_stm32h723xx.o(RESET) refers to stm32h7xx_it.o(i.SPI2_IRQHandler) for SPI2_IRQHandler
    startup_stm32h723xx.o(RESET) refers to stm32h7xx_it.o(i.USART1_IRQHandler) for USART1_IRQHandler
    startup_stm32h723xx.o(RESET) refers to stm32h7xx_it.o(i.DMA1_Stream7_IRQHandler) for DMA1_Stream7_IRQHandler
    startup_stm32h723xx.o(RESET) refers to stm32h7xx_it.o(i.UART5_IRQHandler) for UART5_IRQHandler
    startup_stm32h723xx.o(RESET) refers to stm32h7xx_it.o(i.TIM6_DAC_IRQHandler) for TIM6_DAC_IRQHandler
    startup_stm32h723xx.o(RESET) refers to stm32h7xx_it.o(i.DMA2_Stream0_IRQHandler) for DMA2_Stream0_IRQHandler
    startup_stm32h723xx.o(RESET) refers to stm32h7xx_it.o(i.DMA2_Stream1_IRQHandler) for DMA2_Stream1_IRQHandler
    startup_stm32h723xx.o(RESET) refers to stm32h7xx_it.o(i.OTG_HS_IRQHandler) for OTG_HS_IRQHandler
    startup_stm32h723xx.o(RESET) refers to stm32h7xx_it.o(i.UART7_IRQHandler) for UART7_IRQHandler
    startup_stm32h723xx.o(RESET) refers to stm32h7xx_it.o(i.UART8_IRQHandler) for UART8_IRQHandler
    startup_stm32h723xx.o(RESET) refers to stm32h7xx_it.o(i.USART10_IRQHandler) for USART10_IRQHandler
    startup_stm32h723xx.o(RESET) refers to stm32h7xx_it.o(i.FDCAN3_IT0_IRQHandler) for FDCAN3_IT0_IRQHandler
    startup_stm32h723xx.o(RESET) refers to stm32h7xx_it.o(i.FDCAN3_IT1_IRQHandler) for FDCAN3_IT1_IRQHandler
    startup_stm32h723xx.o(RESET) refers to stm32h7xx_it.o(i.TIM23_IRQHandler) for TIM23_IRQHandler
    startup_stm32h723xx.o(RESET) refers to stm32h7xx_it.o(i.TIM24_IRQHandler) for TIM24_IRQHandler
    startup_stm32h723xx.o(.text) refers (Special) to heapauxi.o(.text) for __use_two_region_memory
    startup_stm32h723xx.o(.text) refers to system_stm32h7xx.o(i.SystemInit) for SystemInit
    startup_stm32h723xx.o(.text) refers to __main.o(!!!main) for __main
    startup_stm32h723xx.o(.text) refers to startup_stm32h723xx.o(HEAP) for Heap_Mem
    startup_stm32h723xx.o(.text) refers to startup_stm32h723xx.o(STACK) for Stack_Mem
    main.o(i.HAL_TIM_PeriodElapsedCallback) refers to safewarning.o(i.Beep_Task) for Beep_Task
    main.o(i.HAL_TIM_PeriodElapsedCallback) refers to stm32h7xx_hal.o(i.HAL_IncTick) for HAL_IncTick
    main.o(i.HAL_TIM_PeriodElapsedCallback) refers to bsp_tim24.o(i.tim24_timebase_on_overflow) for tim24_timebase_on_overflow
[...]
    0x08003562   0x08003562   0x00000002   Code   RO         5146    i.HAL_FDCAN_TxEventFifoCallback  stm32h7xx_hal_fdcan.o
    0x08003564   0x08003564   0x00000002   Code   RO         5147    i.HAL_FDCAN_TxFifoEmptyCallback  stm32h7xx_hal_fdcan.o
    0x08003566   0x08003566   0x00000002   PAD
    0x08003568   0x08003568   0x0000021c   Code   RO         3107    i.HAL_GPIO_Init     stm32h7xx_hal_gpio.o
    0x08003784   0x08003784   0x0000000a   Code   RO         3111    i.HAL_GPIO_WritePin  stm32h7xx_hal_gpio.o
    0x0800378e   0x0800378e   0x00000002   PAD
    0x08003790   0x08003790   0x0000000c   Code   RO         4125    i.HAL_GetTick       stm32h7xx_hal.o
    0x0800379c   0x0800379c   0x00000010   Code   RO         4131    i.HAL_IncTick       stm32h7xx_hal.o
    0x080037ac   0x080037ac   0x0000005c   Code   RO         4132    i.HAL_Init          stm32h7xx_hal.o
    0x08003808   0x08003808   0x00000084   Code   RO          967    i.HAL_InitTick      stm32h7xx_hal_timebase_tim.o
    0x0800388c   0x0800388c   0x00000024   Code   RO          943    i.HAL_MspInit       stm32h7xx_hal_msp.o
    0x080038b0   0x080038b0   0x0000001a   Code   RO         3957    i.HAL_NVIC_EnableIRQ  stm32h7xx_hal_cortex.o
    0x080038ca   0x080038ca   0x00000002   PAD
    0x080038cc   0x080038cc   0x00000040   Code   RO         3963    i.HAL_NVIC_SetPriority  stm32h7xx_hal_cortex.o
    0x0800390c   0x0800390c   0x00000024   Code   RO         3964    i.HAL_NVIC_SetPriorityGrouping  stm32h7xx_hal_cortex.o
    0x08003930   0x08003930   0x00000028   Code   RO         2258    i.HAL_PCDEx_ActivateLPM  stm32h7xx_hal_pcd_ex.o
    0x08003958   0x08003958   0x00000002   Code   RO         2263    i.HAL_PCDEx_LPM_Callback  stm32h7xx_hal_pcd_ex.o
    0x0800395a   0x0800395a   0x00000008   Code   RO         2264    i.HAL_PCDEx_SetRxFiFo  stm32h7xx_hal_pcd_ex.o
    0x08003962   0x08003962   0x00000046   Code   RO         2265    i.HAL_PCDEx_SetTxFiFo  stm32h7xx_hal_pcd_ex.o
    0x080039a8   0x080039a8   0x00000008   Code   RO        12241    i.HAL_PCD_ConnectCallback  usbd_conf.o
    0x080039b0   0x080039b0   0x00000012   Code   RO        12242    i.HAL_PCD_DataInStageCallback  usbd_conf.o
    0x080039c2   0x080039c2   0x00000014   Code   RO        12243    i.HAL_PCD_DataOutStageCallback  usbd_conf.o
    0x080039d6   0x080039d6   0x00000008   Code   RO        12244    i.HAL_PCD_DisconnectCallback  usbd_conf.o
    0x080039de   0x080039de   0x0000001e   Code   RO         2034    i.HAL_PCD_EP_Abort  stm32h7xx_hal_pcd.o
    0x080039fc   0x080039fc   0x0000004a   Code   RO         2035    i.HAL_PCD_EP_Close  stm32h7xx_hal_pcd.o
    0x08003a46   0x08003a46   0x0000005a   Code   RO         2036    i.HAL_PCD_EP_ClrStall  stm32h7xx_hal_pcd.o
    0x08003aa0   0x08003aa0   0x00000012   Code   RO         2038    i.HAL_PCD_EP_GetRxCount  stm32h7xx_hal_pcd.o
    0x08003ab2   0x08003ab2   0x00000062   Code   RO         2039    i.HAL_PCD_EP_Open   stm32h7xx_hal_pcd.o
    0x08003b14   0x08003b14   0x00000034   Code   RO         2040    i.HAL_PCD_EP_Receive  stm32h7xx_hal_pcd.o
    0x08003b48   0x08003b48   0x00000072   Code   RO         2041    i.HAL_PCD_EP_SetStall  stm32h7xx_hal_pcd.o
    0x08003bba   0x08003bba   0x00000034   Code   RO         2042    i.HAL_PCD_EP_Transmit  stm32h7xx_hal_pcd.o
    0x08003bee   0x08003bee   0x00000002   PAD
    0x08003bf0   0x08003bf0   0x00000594   Code   RO         2044    i.HAL_PCD_IRQHandler  stm32h7xx_hal_pcd.o
    0x08004184   0x08004184   0x00000008   Code   RO        12245    i.HAL_PCD_ISOINIncompleteCallback  usbd_conf.o
    0x0800418c   0x0800418c   0x00000008   Code   RO        12246    i.HAL_PCD_ISOOUTIncompleteCallback  usbd_conf.o
    0x08004194   0x08004194   0x000000cc   Code   RO         2047    i.HAL_PCD_Init      stm32h7xx_hal_pcd.o
    0x08004260   0x08004260   0x00000064   Code   RO        12248    i.HAL_PCD_MspInit   usbd_conf.o
    0x080042c4   0x080042c4   0x0000002c   Code   RO        12249    i.HAL_PCD_ResetCallback  usbd_conf.o
    0x080042f0   0x080042f0   0x00000008   Code   RO        12250    i.HAL_PCD_ResumeCallback  usbd_conf.o
    0x080042f8   0x080042f8   0x00000008   Code   RO        12251    i.HAL_PCD_SOFCallback  usbd_conf.o
    0x08004300   0x08004300   0x00000026   Code   RO         2053    i.HAL_PCD_SetAddress  stm32h7xx_hal_pcd.o
    0x08004326   0x08004326   0x0000000e   Code   RO        12252    i.HAL_PCD_SetupStageCallback  usbd_conf.o
    0x08004334   0x08004334   0x00000042   Code   RO         2056    i.HAL_PCD_Start     stm32h7xx_hal_pcd.o
    0x08004376   0x08004376   0x00000002   PAD
    0x08004378   0x08004378   0x00000030   Code   RO        12253    i.HAL_PCD_SuspendCallback  usbd_conf.o
    0x080043a8   0x080043a8   0x00000054   Code   RO         3708    i.HAL_PWREx_ConfigSupply  stm32h7xx_hal_pwr_ex.o
    0x080043fc   0x080043fc   0x00000010   Code   RO         3725    i.HAL_PWREx_EnableUSBVoltageDetector  stm32h7xx_hal_pwr_ex.o
    0x0800440c   0x0800440c   0x00000024   Code   RO         2750    i.HAL_RCCEx_GetD3PCLK1Freq  stm32h7xx_hal_rcc_ex.o
    0x08004430   0x08004430   0x00000144   Code   RO         2752    i.HAL_RCCEx_GetPLL2ClockFreq  stm32h7xx_hal_rcc_ex.o
    0x08004574   0x08004574   0x00000144   Code   RO         2753    i.HAL_RCCEx_GetPLL3ClockFreq  stm32h7xx_hal_rcc_ex.o
    0x080046b8   0x080046b8   0x0000093a   Code   RO         2759    i.HAL_RCCEx_PeriphCLKConfig  stm32h7xx_hal_rcc_ex.o
    0x08004ff2   0x08004ff2   0x00000002   PAD
    0x08004ff4   0x08004ff4   0x0000025c   Code   RO         2635    i.HAL_RCC_ClockConfig  stm32h7xx_hal_rcc.o
    0x08005250   0x08005250   0x0000005c   Code   RO         2639    i.HAL_RCC_GetClockConfig  stm32h7xx_hal_rcc.o
    0x080052ac   0x080052ac   0x00000044   Code   RO         2640    i.HAL_RCC_GetHCLKFreq  stm32h7xx_hal_rcc.o
    0x080052f0   0x080052f0   0x00000024   Code   RO         2642    i.HAL_RCC_GetPCLK1Freq  stm32h7xx_hal_rcc.o
    0x08005314   0x08005314   0x00000024   Code   RO         2643    i.HAL_RCC_GetPCLK2Freq  stm32h7xx_hal_rcc.o
    0x08005338   0x08005338   0x00000138   Code   RO         2644    i.HAL_RCC_GetSysClockFreq  stm32h7xx_hal_rcc.o
    0x08005470   0x08005470   0x00000526   Code   RO         2647    i.HAL_RCC_OscConfig  stm32h7xx_hal_rcc.o
    0x08005996   0x08005996   0x00000002   Code   RO         5673    i.HAL_SPI_ErrorCallback  stm32h7xx_hal_spi.o
    0x08005998   0x08005998   0x00000224   Code   RO         5676    i.HAL_SPI_IRQHandler  stm32h7xx_hal_spi.o
    0x08005bbc   0x08005bbc   0x0000017c   Code   RO         5677    i.HAL_SPI_Init      stm32h7xx_hal_spi.o
    0x08005d38   0x08005d38   0x0000019c   Code   RO          544    i.HAL_SPI_MspInit   spi.o
    0x08005ed4   0x08005ed4   0x00000002   Code   RO         5683    i.HAL_SPI_RxCpltCallback  stm32h7xx_hal_spi.o
    0x08005ed6   0x08005ed6   0x00000002   Code   RO         5685    i.HAL_SPI_SuspendCallback  stm32h7xx_hal_spi.o
    0x08005ed8   0x08005ed8   0x0000023c   Code   RO         5686    i.HAL_SPI_Transmit  stm32h7xx_hal_spi.o
    0x08006114   0x08006114   0x00000002   Code   RO         5692    i.HAL_SPI_TxCpltCallback  stm32h7xx_hal_spi.o
    0x08006116   0x08006116   0x00000002   Code   RO         5694    i.HAL_SPI_TxRxCpltCallback  stm32h7xx_hal_spi.o
    0x08006118   0x08006118   0x00000002   Code   RO         1722    i.HAL_TIMEx_Break2Callback  stm32h7xx_hal_tim_ex.o
    0x0800611a   0x0800611a   0x00000002   Code   RO         1723    i.HAL_TIMEx_BreakCallback  stm32h7xx_hal_tim_ex.o
    0x0800611c   0x0800611c   0x00000002   Code   RO         1724    i.HAL_TIMEx_CommutCallback  stm32h7xx_hal_tim_ex.o
    0x0800611e   0x0800611e   0x00000002   PAD
    0x08006120   0x08006120   0x000000ac   Code   RO         1745    i.HAL_TIMEx_MasterConfigSynchronization  stm32h7xx_hal_tim_ex.o
    0x080061cc   0x080061cc   0x00000044   Code   RO         1008    i.HAL_TIM_Base_Init  stm32h7xx_hal_tim.o
    0x08006210   0x08006210   0x00000068   Code   RO          592    i.HAL_TIM_Base_MspInit  tim.o
    0x08006278   0x08006278   0x0000009c   Code   RO         1013    i.HAL_TIM_Base_Start_IT  stm32h7xx_hal_tim.o
    0x08006314   0x08006314   0x000000f4   Code   RO         1017    i.HAL_TIM_ConfigClockSource  stm32h7xx_hal_tim.o
    0x08006408   0x08006408   0x00000002   Code   RO         1042    i.HAL_TIM_IC_CaptureCallback  stm32h7xx_hal_tim.o
    0x0800640a   0x0800640a   0x00000148   Code   RO         1056    i.HAL_TIM_IRQHandler  stm32h7xx_hal_tim.o
    0x08006552   0x08006552   0x00000002   PAD
    0x08006554   0x08006554   0x00000050   Code   RO          593    i.HAL_TIM_MspPostInit  tim.o
    0x080065a4   0x080065a4   0x00000002   Code   RO         1059    i.HAL_TIM_OC_DelayElapsedCallback  stm32h7xx_hal_tim.o
    0x080065a6   0x080065a6   0x0000011e   Code   RO         1080    i.HAL_TIM_PWM_ConfigChannel  stm32h7xx_hal_tim.o
    0x080066c4   0x080066c4   0x00000044   Code   RO         1083    i.HAL_TIM_PWM_Init  stm32h7xx_hal_tim.o
    0x08006708   0x08006708   0x00000028   Code   RO          595    i.HAL_TIM_PWM_MspInit  tim.o
    0x08006730   0x08006730   0x00000002   Code   RO         1086    i.HAL_TIM_PWM_PulseFinishedCallback  stm32h7xx_hal_tim.o
    0x08006732   0x08006732   0x00000002   PAD
    0x08006734   0x08006734   0x0000010c   Code   RO         1088    i.HAL_TIM_PWM_Start  stm32h7xx_hal_tim.o
    0x08006840   0x08006840   0x000000a4   Code   RO         1091    i.HAL_TIM_PWM_Stop  stm32h7xx_hal_tim.o
    0x080068e4   0x080068e4   0x0000003c   Code   RO           14    i.HAL_TIM_PeriodElapsedCallback  main.o
    0x08006920   0x08006920   0x00000002   Code   RO         1099    i.HAL_TIM_TriggerCallback  stm32h7xx_hal_tim.o
    0x08006922   0x08006922   0x00000040   Code   RO         6415    i.HAL_UARTEx_DisableFifoMode  stm32h7xx_hal_uart_ex.o
    0x08006962   0x08006962   0x0000004a   Code   RO         6421    i.HAL_UARTEx_ReceiveToIdle_DMA  stm32h7xx_hal_uart_ex.o
    0x080069ac   0x080069ac   0x000000f0   Code   RO        10923    i.HAL_UARTEx_RxEventCallback  bsp_usart.o
    0x08006a9c   0x08006a9c   0x00000002   Code   RO         6423    i.HAL_UARTEx_RxFifoFullCallback  stm32h7xx_hal_uart_ex.o
    0x08006a9e   0x08006a9e   0x00000048   Code   RO         6424    i.HAL_UARTEx_SetRxFifoThreshold  stm32h7xx_hal_uart_ex.o
    0x08006ae6   0x08006ae6   0x00000048   Code   RO         6425    i.HAL_UARTEx_SetTxFifoThreshold  stm32h7xx_hal_uart_ex.o
    0x08006b2e   0x08006b2e   0x00000002   Code   RO         6427    i.HAL_UARTEx_TxFifoEmptyCallback  stm32h7xx_hal_uart_ex.o
    0x08006b30   0x08006b30   0x00000002   Code   RO         6428    i.HAL_UARTEx_WakeupCallback  stm32h7xx_hal_uart_ex.o
    0x08006b32   0x08006b32   0x00000002   PAD
    0x08006b34   0x08006b34   0x000000ac   Code   RO        10924    i.HAL_UART_ErrorCallback  bsp_usart.o
    0x08006be0   0x08006be0   0x0000039c   Code   RO         6023    i.HAL_UART_IRQHandler  stm32h7xx_hal_uart.o
    0x08006f7c   0x08006f7c   0x0000006a   Code   RO         6024    i.HAL_UART_Init     stm32h7xx_hal_uart.o
    0x08006fe6   0x08006fe6   0x00000002   PAD
    0x08006fe8   0x08006fe8   0x00000474   Code   RO          664    i.HAL_UART_MspInit  usart.o
    0x0800745c   0x0800745c   0x00000002   Code   RO        10925    i.HAL_UART_RxCpltCallback  bsp_usart.o
    0x0800745e   0x0800745e   0x00000002   Code   RO         6032    i.HAL_UART_RxHalfCpltCallback  stm32h7xx_hal_uart.o
    0x08007460   0x08007460   0x00000090   Code   RO         6034    i.HAL_UART_Transmit_DMA  stm32h7xx_hal_uart.o
    0x080074f0   0x080074f0   0x00000002   Code   RO        10926    i.HAL_UART_TxCpltCallback  bsp_usart.o
    0x080074f2   0x080074f2   0x00000002   Code   RO         6037    i.HAL_UART_TxHalfCpltCallback  stm32h7xx_hal_uart.o
    0x080074f4   0x080074f4   0x00000002   Code   RO          747    i.HardFault_Handler  stm32h7xx_it.o
    0x080074f6   0x080074f6   0x00000002   PAD
    0x080074f8   0x080074f8   0x00000038   Code   RO        12075    i.IntToUnicode      usbd_desc.o
    0x08007530   0x08007530   0x00000028   Code   RO         8147    i.LightTask_Init    light_task.o
    0x08007558   0x08007558   0x000000c0   Code   RO        10721    i.MITFdbData        bsp_fdcan.o
    0x08007618   0x08007618   0x000000cc   Code   RO          462    i.MX_DMA_Init       dma.o
    0x080076e4   0x080076e4   0x00000074   Code   RO          488    i.MX_FDCAN1_Init    fdcan.o
    0x08007758   0x08007758   0x00000070   Code   RO          489    i.MX_FDCAN2_Init    fdcan.o
    0x080077c8   0x080077c8   0x00000074   Code   RO          490    i.MX_FDCAN3_Init    fdcan.o
    0x0800783c   0x0800783c   0x00000078   Code   RO          353    i.MX_FREERTOS_Init  freertos.o
    0x080078b4   0x080078b4   0x000000b0   Code   RO          329    i.MX_GPIO_Init      gpio.o
    0x08007964   0x08007964   0x00000064   Code   RO          545    i.MX_SPI2_Init      spi.o
    0x080079c8   0x080079c8   0x00000064   Code   RO          546    i.MX_SPI6_Init      spi.o
    0x08007a2c   0x08007a2c   0x00000074   Code   RO          596    i.MX_TIM12_Init     tim.o
    0x08007aa0   0x08007aa0   0x00000068   Code   RO          597    i.MX_TIM24_Init     tim.o
    0x08007b08   0x08007b08   0x00000048   Code   RO          598    i.MX_TIM6_Init      tim.o
    0x08007b50   0x08007b50   0x0000006c   Code   RO          665    i.MX_UART5_Init     usart.o
    0x08007bbc   0x08007bbc   0x00000068   Code   RO          666    i.MX_UART7_Init     usart.o
    0x08007c24   0x08007c24   0x00000068   Code   RO          667    i.MX_UART8_Init     usart.o
    0x08007c8c   0x08007c8c   0x00000068   Code   RO          668    i.MX_USART10_UART_Init  usart.o
    0x08007cf4   0x08007cf4   0x00000068   Code   RO          669    i.MX_USART1_UART_Init  usart.o
    0x08007d5c   0x08007d5c   0x00000054   Code   RO        12037    i.MX_USB_DEVICE_Init  usb_device.o
    0x08007db0   0x08007db0   0x00000002   Code   RO          748    i.MemManage_Handler  stm32h7xx_it.o
    0x08007db2   0x08007db2   0x00000002   PAD
    0x08007db4   0x08007db4   0x000001bc   Code   RO         8722    i.Model_Based_Control  omni_chassis.o
    0x08007f70   0x08007f70   0x0000000c   Code   RO        10722    i.Motor_ENABLE      bsp_fdcan.o
    0x08007f7c   0x08007f7c   0x00000002   Code   RO          749    i.NMI_Handler       stm32h7xx_it.o
    0x08007f7e   0x08007f7e   0x00000002   PAD
    0x08007f80   0x08007f80   0x0000000c   Code   RO          750    i.OTG_HS_IRQHandler  stm32h7xx_it.o
    0x08007f8c   0x08007f8c   0x000000cc   Code   RO         2059    i.PCD_EP_OutXfrComplete_int  stm32h7xx_hal_pcd.o
    0x08008058   0x08008058   0x000000a2   Code   RO         2060    i.PCD_WriteEmptyTxFifo  stm32h7xx_hal_pcd.o
    0x080080fa   0x080080fa   0x00000002   PAD
    0x080080fc   0x080080fc   0x00000154   Code   RO        11920    i.PID_Calc          pid.o
    0x08008250   0x08008250   0x000001b4   Code   RO         8723    i.PID_Calc_Jump     omni_chassis.o
    0x08008404   0x08008404   0x00000040   Code   RO        11921    i.PID_clear         pid.o
    0x08008444   0x08008444   0x0000005c   Code   RO        11922    i.PID_init          pid.o
    0x080084a0   0x080084a0   0x00000044   Code   RO           15    i.PeriphCommonClock_Config  main.o
    0x080084e4   0x080084e4   0x00000120   Code   RO         8872    i.Predict_Power     chassis_power_control.o
    0x08008604   0x08008604   0x00000120   Code   RO         2762    i.RCCEx_PLL2_Config  stm32h7xx_hal_rcc_ex.o
    0x08008724   0x08008724   0x00000120   Code   RO         2763    i.RCCEx_PLL3_Config  stm32h7xx_hal_rcc_ex.o
    0x08008844   0x08008844   0x00000028   Code   RO         8437    i.RefereeUsartTask_Init  referee_usart_task.o
    0x0800886c   0x0800886c   0x0000000c   Code   RO          751    i.SPI2_IRQHandler   stm32h7xx_it.o
    0x08008878   0x08008878   0x000000bc   Code   RO         5697    i.SPI_CloseTransfer  stm32h7xx_hal_spi.o
    0x08008934   0x08008934   0x0000001a   Code   RO         5698    i.SPI_DMAAbortOnError  stm32h7xx_hal_spi.o
    0x0800894e   0x0800894e   0x00000002   PAD
    0x08008950   0x08008950   0x00000046   Code   RO         5714    i.SPI_WaitOnFlagUntilTimeout  stm32h7xx_hal_spi.o
    0x08008996   0x08008996   0x0000000a   Code   RO        12615    i.SWAPBYTE          usbd_ctlreq.o
    0x080089a0   0x080089a0   0x00000028   Code   RO         8116    i.ServiceTask_Init  service_task.o
    0x080089c8   0x080089c8   0x0000000c   Code   RO          354    i.StartDefaultTask  freertos.o
    0x080089d4   0x080089d4   0x0000002c   Code   RO         7794    i.SysTick_Handler   port.o
    0x08008a00   0x08008a00   0x00000098   Code   RO           16    i.SystemClock_Config  main.o
    0x08008a98   0x08008a98   0x000000c0   Code   RO         6534    i.SystemInit        system_stm32h7xx.o
    0x08008b58   0x08008b58   0x0000000c   Code   RO          752    i.TIM23_IRQHandler  stm32h7xx_it.o
    0x08008b64   0x08008b64   0x0000000c   Code   RO          753    i.TIM24_IRQHandler  stm32h7xx_it.o
    0x08008b70   0x08008b70   0x0000000c   Code   RO          754    i.TIM6_DAC_IRQHandler  stm32h7xx_it.o
    0x08008b7c   0x08008b7c   0x000000e0   Code   RO         1101    i.TIM_Base_SetConfig  stm32h7xx_hal_tim.o
    0x08008c5c   0x08008c5c   0x0000001a   Code   RO         1102    i.TIM_CCxChannelCmd  stm32h7xx_hal_tim.o
    0x08008c76   0x08008c76   0x00000012   Code   RO         1112    i.TIM_ETR_SetConfig  stm32h7xx_hal_tim.o
    0x08008c88   0x08008c88   0x00000014   Code   RO         1113    i.TIM_ITRx_SetConfig  stm32h7xx_hal_tim.o
    0x08008c9c   0x08008c9c   0x000000a4   Code   RO         1114    i.TIM_OC1_SetConfig  stm32h7xx_hal_tim.o
    0x08008d40   0x08008d40   0x00000098   Code   RO         1115    i.TIM_OC2_SetConfig  stm32h7xx_hal_tim.o
    0x08008dd8   0x08008dd8   0x00000098   Code   RO         1116    i.TIM_OC3_SetConfig  stm32h7xx_hal_tim.o
    0x08008e70   0x08008e70   0x00000078   Code   RO         1117    i.TIM_OC4_SetConfig  stm32h7xx_hal_tim.o
    0x08008ee8   0x08008ee8   0x00000074   Code   RO         1118    i.TIM_OC5_SetConfig  stm32h7xx_hal_tim.o
    0x08008f5c   0x08008f5c   0x00000074   Code   RO         1119    i.TIM_OC6_SetConfig  stm32h7xx_hal_tim.o
    0x08008fd0   0x08008fd0   0x00000022   Code   RO         1121    i.TIM_TI1_ConfigInputStage  stm32h7xx_hal_tim.o
    0x08008ff2   0x08008ff2   0x00000024   Code   RO         1123    i.TIM_TI2_ConfigInputStage  stm32h7xx_hal_tim.o
    0x08009016   0x08009016   0x00000002   PAD
    0x08009018   0x08009018   0x0000000c   Code   RO          755    i.UART5_IRQHandler  stm32h7xx_it.o
    0x08009024   0x08009024   0x0000000c   Code   RO          756    i.UART7_IRQHandler  stm32h7xx_it.o
    0x08009030   0x08009030   0x0000000c   Code   RO          757    i.UART8_IRQHandler  stm32h7xx_it.o
    0x0800903c   0x0800903c   0x00000044   Code   RO         6429    i.UARTEx_SetNbDataToProcess  stm32h7xx_hal_uart_ex.o
    0x08009080   0x08009080   0x000000c8   Code   RO         6038    i.UART_AdvFeatureConfig  stm32h7xx_hal_uart.o
    0x08009148   0x08009148   0x000000aa   Code   RO         6039    i.UART_CheckIdleState  stm32h7xx_hal_uart.o
    0x080091f2   0x080091f2   0x00000010   Code   RO         6040    i.UART_DMAAbortOnError  stm32h7xx_hal_uart.o
    0x08009202   0x08009202   0x0000004e   Code   RO         6041    i.UART_DMAError     stm32h7xx_hal_uart.o
    0x08009250   0x08009250   0x00000082   Code   RO         6042    i.UART_DMAReceiveCplt  stm32h7xx_hal_uart.o
    0x080092d2   0x080092d2   0x00000020   Code   RO         6044    i.UART_DMARxHalfCplt  stm32h7xx_hal_uart.o
    0x080092f2   0x080092f2   0x00000040   Code   RO         6046    i.UART_DMATransmitCplt  stm32h7xx_hal_uart.o
    0x08009332   0x08009332   0x0000000a   Code   RO         6048    i.UART_DMATxHalfCplt  stm32h7xx_hal_uart.o
    0x0800933c   0x0800933c   0x00000054   Code   RO         6050    i.UART_EndRxTransfer  stm32h7xx_hal_uart.o
    0x08009390   0x08009390   0x0000002e   Code   RO         6051    i.UART_EndTxTransfer  stm32h7xx_hal_uart.o
    0x080093be   0x080093be   0x00000002   PAD
    0x080093c0   0x080093c0   0x000003dc   Code   RO         6056    i.UART_SetConfig    stm32h7xx_hal_uart.o
    0x0800979c   0x0800979c   0x000000a8   Code   RO         6057    i.UART_Start_Receive_DMA  stm32h7xx_hal_uart.o
    0x08009844   0x08009844   0x00000094   Code   RO         6063    i.UART_WaitOnFlagUntilTimeout  stm32h7xx_hal_uart.o
    0x080098d8   0x080098d8   0x0000000c   Code   RO          758    i.USART10_IRQHandler  stm32h7xx_it.o
    0x080098e4   0x080098e4   0x0000000c   Code   RO          759    i.USART1_IRQHandler  stm32h7xx_it.o
    0x080098f0   0x080098f0   0x0000001c   Code   RO        10931    i.USART8_Transmit   bsp_usart.o
    0x0800990c   0x0800990c   0x00000076   Code   RO        12761    i.USBD_CDC_DataIn   usbd_cdc.o
    0x08009982   0x08009982   0x0000003c   Code   RO        12762    i.USBD_CDC_DataOut  usbd_cdc.o
    0x080099be   0x080099be   0x00000002   PAD
    0x080099c0   0x080099c0   0x00000090   Code   RO        12763    i.USBD_CDC_DeInit   usbd_cdc.o
    0x08009a50   0x08009a50   0x00000036   Code   RO        12764    i.USBD_CDC_EP0_RxReady  usbd_cdc.o
    0x08009a86   0x08009a86   0x00000002   PAD
    0x08009a88   0x08009a88   0x0000000c   Code   RO        12765    i.USBD_CDC_GetDeviceQualifierDescriptor  usbd_cdc.o
    0x08009a94   0x08009a94   0x00000040   Code   RO        12766    i.USBD_CDC_GetFSCfgDesc  usbd_cdc.o
    0x08009ad4   0x08009ad4   0x00000040   Code   RO        12767    i.USBD_CDC_GetHSCfgDesc  usbd_cdc.o
    0x08009b14   0x08009b14   0x00000040   Code   RO        12768    i.USBD_CDC_GetOtherSpeedCfgDesc  usbd_cdc.o
    0x08009b54   0x08009b54   0x0000011c   Code   RO        12769    i.USBD_CDC_Init     usbd_cdc.o
    0x08009c70   0x08009c70   0x00000038   Code   RO        12770    i.USBD_CDC_ReceivePacket  usbd_cdc.o
    0x08009ca8   0x08009ca8   0x00000016   Code   RO        12771    i.USBD_CDC_RegisterInterface  usbd_cdc.o
    0x08009cbe   0x08009cbe   0x0000001a   Code   RO        12772    i.USBD_CDC_SetRxBuffer  usbd_cdc.o
    0x08009cd8   0x08009cd8   0x0000001e   Code   RO        12773    i.USBD_CDC_SetTxBuffer  usbd_cdc.o
    0x08009cf6   0x08009cf6   0x000000ce   Code   RO        12774    i.USBD_CDC_Setup    usbd_cdc.o
    0x08009dc4   0x08009dc4   0x00000054   Code   RO        12775    i.USBD_CDC_TransmitPacket  usbd_cdc.o
    0x08009e18   0x08009e18   0x00000014   Code   RO        12452    i.USBD_ClrClassConfig  usbd_core.o
    0x08009e2c   0x08009e2c   0x00000004   Code   RO        12453    i.USBD_CoreFindEP   usbd_core.o
    0x08009e30   0x08009e30   0x00000004   Code   RO        12454    i.USBD_CoreFindIF   usbd_core.o
    0x08009e34   0x08009e34   0x00000010   Code   RO        12697    i.USBD_CtlContinueRx  usbd_ioreq.o
    0x08009e44   0x08009e44   0x00000010   Code   RO        12698    i.USBD_CtlContinueSendData  usbd_ioreq.o
    0x08009e54   0x08009e54   0x00000016   Code   RO        12616    i.USBD_CtlError     usbd_ctlreq.o
    0x08009e6a   0x08009e6a   0x0000001e   Code   RO        12699    i.USBD_CtlPrepareRx  usbd_ioreq.o
    0x08009e88   0x08009e88   0x00000016   Code   RO        12700    i.USBD_CtlReceiveStatus  usbd_ioreq.o
    0x08009e9e   0x08009e9e   0x0000001a   Code   RO        12701    i.USBD_CtlSendData  usbd_ioreq.o
    0x08009eb8   0x08009eb8   0x00000016   Code   RO        12702    i.USBD_CtlSendStatus  usbd_ioreq.o
    0x08009ece   0x08009ece   0x000000fa   Code   RO        12617    i.USBD_GetDescriptor  usbd_ctlreq.o
    0x08009fc8   0x08009fc8   0x0000003a   Code   RO        12456    i.USBD_GetEpDesc    usbd_core.o
    0x0800a002   0x0800a002   0x00000014   Code   RO        12618    i.USBD_GetLen       usbd_ctlreq.o
    0x0800a016   0x0800a016   0x0000000e   Code   RO        12457    i.USBD_GetNextDesc  usbd_core.o
    0x0800a024   0x0800a024   0x0000004e   Code   RO        12619    i.USBD_GetString    usbd_ctlreq.o
    0x0800a072   0x0800a072   0x00000018   Code   RO        12254    i.USBD_Get_USB_Status  usbd_conf.o
    0x0800a08a   0x0800a08a   0x00000002   PAD
    0x0800a08c   0x0800a08c   0x00000020   Code   RO        12076    i.USBD_HS_ConfigStrDescriptor  usbd_desc.o
    0x0800a0ac   0x0800a0ac   0x0000000c   Code   RO        12077    i.USBD_HS_DeviceDescriptor  usbd_desc.o
    0x0800a0b8   0x0800a0b8   0x00000024   Code   RO        12078    i.USBD_HS_InterfaceStrDescriptor  usbd_desc.o
    0x0800a0dc   0x0800a0dc   0x0000000c   Code   RO        12079    i.USBD_HS_LangIDStrDescriptor  usbd_desc.o
    0x0800a0e8   0x0800a0e8   0x00000028   Code   RO        12080    i.USBD_HS_ManufacturerStrDescriptor  usbd_desc.o
    0x0800a110   0x0800a110   0x0000002c   Code   RO        12081    i.USBD_HS_ProductStrDescriptor  usbd_desc.o
    0x0800a13c   0x0800a13c   0x0000003c   Code   RO        12082    i.USBD_HS_SerialStrDescriptor  usbd_desc.o
    0x0800a178   0x0800a178   0x00000026   Code   RO        12458    i.USBD_Init         usbd_core.o
    0x0800a19e   0x0800a19e   0x00000012   Code   RO        12255    i.USBD_LL_ClearStallEP  usbd_conf.o
    0x0800a1b0   0x0800a1b0   0x00000012   Code   RO        12256    i.USBD_LL_CloseEP   usbd_conf.o
    0x0800a1c2   0x0800a1c2   0x000000b8   Code   RO        12459    i.USBD_LL_DataInStage  usbd_core.o
    0x0800a27a   0x0800a27a   0x00000090   Code   RO        12460    i.USBD_LL_DataOutStage  usbd_core.o
    0x0800a30a   0x0800a30a   0x00000004   Code   RO        12461    i.USBD_LL_DevConnected  usbd_core.o
    0x0800a30e   0x0800a30e   0x00000020   Code   RO        12462    i.USBD_LL_DevDisconnected  usbd_core.o
    0x0800a32e   0x0800a32e   0x00000008   Code   RO        12260    i.USBD_LL_GetRxDataSize  usbd_conf.o
    0x0800a336   0x0800a336   0x00000002   PAD
    0x0800a338   0x0800a338   0x00000068   Code   RO        12261    i.USBD_LL_Init      usbd_conf.o
    0x0800a3a0   0x0800a3a0   0x0000001e   Code   RO        12262    i.USBD_LL_IsStallEP  usbd_conf.o
    0x0800a3be   0x0800a3be   0x00000028   Code   RO        12463    i.USBD_LL_IsoINIncomplete  usbd_core.o
    0x0800a3e6   0x0800a3e6   0x00000028   Code   RO        12464    i.USBD_LL_IsoOUTIncomplete  usbd_core.o
    0x0800a40e   0x0800a40e   0x00000018   Code   RO        12263    i.USBD_LL_OpenEP    usbd_conf.o
    0x0800a426   0x0800a426   0x00000012   Code   RO        12264    i.USBD_LL_PrepareReceive  usbd_conf.o
    0x0800a438   0x0800a438   0x0000005e   Code   RO        12465    i.USBD_LL_Reset     usbd_core.o
    0x0800a496   0x0800a496   0x00000014   Code   RO        12466    i.USBD_LL_Resume    usbd_core.o
    0x0800a4aa   0x0800a4aa   0x0000001a   Code   RO        12467    i.USBD_LL_SOF       usbd_core.o
    0x0800a4c4   0x0800a4c4   0x00000006   Code   RO        12468    i.USBD_LL_SetSpeed  usbd_core.o
    0x0800a4ca   0x0800a4ca   0x00000012   Code   RO        12265    i.USBD_LL_SetUSBAddress  usbd_conf.o
    0x0800a4dc   0x0800a4dc   0x00000060   Code   RO        12469    i.USBD_LL_SetupStage  usbd_core.o
    0x0800a53c   0x0800a53c   0x00000012   Code   RO        12266    i.USBD_LL_StallEP   usbd_conf.o
    0x0800a54e   0x0800a54e   0x00000012   Code   RO        12267    i.USBD_LL_Start     usbd_conf.o
    0x0800a560   0x0800a560   0x0000001a   Code   RO        12470    i.USBD_LL_Suspend   usbd_core.o
    0x0800a57a   0x0800a57a   0x00000012   Code   RO        12269    i.USBD_LL_Transmit  usbd_conf.o
    0x0800a58c   0x0800a58c   0x0000002a   Code   RO        12620    i.USBD_ParseSetupRequest  usbd_ctlreq.o
    0x0800a5b6   0x0800a5b6   0x0000003a   Code   RO        12471    i.USBD_RegisterClass  usbd_core.o
    0x0800a5f0   0x0800a5f0   0x00000014   Code   RO        12473    i.USBD_SetClassConfig  usbd_core.o
    0x0800a604   0x0800a604   0x000000bc   Code   RO        12621    i.USBD_SetConfig    usbd_ctlreq.o
    0x0800a6c0   0x0800a6c0   0x00000004   Code   RO        12474    i.USBD_Start        usbd_core.o
    0x0800a6c4   0x0800a6c4   0x0000012e   Code   RO        12622    i.USBD_StdDevReq    usbd_ctlreq.o
    0x0800a7f2   0x0800a7f2   0x00000164   Code   RO        12623    i.USBD_StdEPReq     usbd_ctlreq.o
    0x0800a956   0x0800a956   0x00000074   Code   RO        12624    i.USBD_StdItfReq    usbd_ctlreq.o
    0x0800a9ca   0x0800a9ca   0x00000002   Code   RO        12270    i.USBD_static_free  usbd_conf.o
    0x0800a9cc   0x0800a9cc   0x00000008   Code   RO        12271    i.USBD_static_malloc  usbd_conf.o
    0x0800a9d4   0x0800a9d4   0x00000080   Code   RO         2330    i.USB_ActivateEndpoint  stm32h7xx_ll_usb.o
    0x0800aa54   0x0800aa54   0x0000001c   Code   RO         2332    i.USB_ActivateSetup  stm32h7xx_ll_usb.o
    0x0800aa70   0x0800aa70   0x00000098   Code   RO         2334    i.USB_CoreInit      stm32h7xx_ll_usb.o
    0x0800ab08   0x0800ab08   0x0000003c   Code   RO         2335    i.USB_CoreReset     stm32h7xx_ll_usb.o
    0x0800ab44   0x0800ab44   0x000000cc   Code   RO         2338    i.USB_DeactivateEndpoint  stm32h7xx_ll_usb.o
    0x0800ac10   0x0800ac10   0x0000001c   Code   RO         2339    i.USB_DevConnect    stm32h7xx_ll_usb.o
    0x0800ac2c   0x0800ac2c   0x0000001c   Code   RO         2340    i.USB_DevDisconnect  stm32h7xx_ll_usb.o
    0x0800ac48   0x0800ac48   0x0000016c   Code   RO         2341    i.USB_DevInit       stm32h7xx_ll_usb.o
    0x0800adb4   0x0800adb4   0x0000000c   Code   RO         2342    i.USB_DisableGlobalInt  stm32h7xx_ll_usb.o
    0x0800adc0   0x0800adc0   0x00000058   Code   RO         2345    i.USB_EP0_OutStart  stm32h7xx_ll_usb.o
    0x0800ae18   0x0800ae18   0x00000058   Code   RO         2346    i.USB_EPClearStall  stm32h7xx_ll_usb.o
    0x0800ae70   0x0800ae70   0x00000058   Code   RO         2347    i.USB_EPSetStall    stm32h7xx_ll_usb.o
    0x0800aec8   0x0800aec8   0x00000240   Code   RO         2348    i.USB_EPStartXfer   stm32h7xx_ll_usb.o
    0x0800b108   0x0800b108   0x0000009e   Code   RO         2349    i.USB_EPStopXfer    stm32h7xx_ll_usb.o
    0x0800b1a6   0x0800b1a6   0x0000000c   Code   RO         2350    i.USB_EnableGlobalInt  stm32h7xx_ll_usb.o
    0x0800b1b2   0x0800b1b2   0x00000038   Code   RO         2351    i.USB_FlushRxFifo   stm32h7xx_ll_usb.o
    0x0800b1ea   0x0800b1ea   0x0000003c   Code   RO         2352    i.USB_FlushTxFifo   stm32h7xx_ll_usb.o
    0x0800b226   0x0800b226   0x0000001a   Code   RO         2354    i.USB_GetDevSpeed   stm32h7xx_ll_usb.o
    0x0800b240   0x0800b240   0x00000008   Code   RO         2356    i.USB_GetMode       stm32h7xx_ll_usb.o
    0x0800b248   0x0800b248   0x0000000e   Code   RO         2364    i.USB_ReadDevAllInEpInterrupt  stm32h7xx_ll_usb.o
    0x0800b256   0x0800b256   0x0000000e   Code   RO         2365    i.USB_ReadDevAllOutEpInterrupt  stm32h7xx_ll_usb.o
    0x0800b264   0x0800b264   0x00000024   Code   RO         2366    i.USB_ReadDevInEPInterrupt  stm32h7xx_ll_usb.o
    0x0800b288   0x0800b288   0x00000010   Code   RO         2367    i.USB_ReadDevOutEPInterrupt  stm32h7xx_ll_usb.o
    0x0800b298   0x0800b298   0x00000008   Code   RO         2368    i.USB_ReadInterrupts  stm32h7xx_ll_usb.o
    0x0800b2a0   0x0800b2a0   0x00000040   Code   RO         2369    i.USB_ReadPacket    stm32h7xx_ll_usb.o
    0x0800b2e0   0x0800b2e0   0x0000005e   Code   RO         2371    i.USB_SetCurrentMode  stm32h7xx_ll_usb.o
    0x0800b33e   0x0800b33e   0x00000022   Code   RO         2372    i.USB_SetDevAddress  stm32h7xx_ll_usb.o
    0x0800b360   0x0800b360   0x000000e8   Code   RO         2374    i.USB_SetTurnaroundTime  stm32h7xx_ll_usb.o
    0x0800b448   0x0800b448   0x00000028   Code   RO         2377    i.USB_WritePacket   stm32h7xx_ll_usb.o
    0x0800b470   0x0800b470   0x00000002   Code   RO          760    i.UsageFault_Handler  stm32h7xx_it.o
    0x0800b472   0x0800b472   0x00000002   PAD
    0x0800b474   0x0800b474   0x00000024   Code   RO        11356    i.VOFA_Send6        vofa.o
    0x0800b498   0x0800b498   0x00000078   Code   RO        11357    i.VOFA_SendChassisAnglePidDebug  vofa.o
    0x0800b510   0x0800b510   0x00000004   Code   RO        11369    i.VOFA_ServiceSend  vofa.o
    0x0800b514   0x0800b514   0x0000009c   Code   RO        11466    i.WS2812_Ctrl       ws2812.o
    0x0800b5b0   0x0800b5b0   0x00000026   Code   RO        13130    i.__ARM_fpclassifyf  m_wv.l(fpclassifyf.o)
    0x0800b5d6   0x0800b5d6   0x00000022   Code   RO         3970    i.__NVIC_SetPriority  stm32h7xx_hal_cortex.o
    0x0800b5f8   0x0800b5f8   0x00000170   Code   RO        12952    i.__hardfp_atanf    m_wv.l(atanf.o)
    0x0800b768   0x0800b768   0x00000150   Code   RO        12964    i.__hardfp_cosf     m_wv.l(cosf.o)
    0x0800b8b8   0x0800b8b8   0x000001f4   Code   RO        13116    i.__hardfp_expf     m_wv.l(expf.o)
    0x0800baac   0x0800baac   0x00000658   Code   RO        12982    i.__hardfp_powf     m_wv.l(powf.o)
    0x0800c104   0x0800c104   0x00000194   Code   RO        12996    i.__hardfp_sinf     m_wv.l(sinf.o)
    0x0800c298   0x0800c298   0x0000003a   Code   RO        13008    i.__hardfp_sqrtf    m_wv.l(sqrtf.o)
    0x0800c2d2   0x0800c2d2   0x00000002   PAD
    0x0800c2d4   0x0800c2d4   0x000000ec   Code   RO        13020    i.__hardfp_tanhf    m_wv.l(tanhf.o)
    0x0800c3c0   0x0800c3c0   0x00000018   Code   RO        13132    i.__mathlib_flt_divzero  m_wv.l(funder.o)
    0x0800c3d8   0x0800c3d8   0x00000006   Code   RO        13133    i.__mathlib_flt_infnan  m_wv.l(funder.o)
    0x0800c3de   0x0800c3de   0x00000006   Code   RO        13134    i.__mathlib_flt_infnan2  m_wv.l(funder.o)
    0x0800c3e4   0x0800c3e4   0x00000010   Code   RO        13135    i.__mathlib_flt_invalid  m_wv.l(funder.o)
    0x0800c3f4   0x0800c3f4   0x00000010   Code   RO        13136    i.__mathlib_flt_overflow  m_wv.l(funder.o)
    0x0800c404   0x0800c404   0x00000010   Code   RO        13138    i.__mathlib_flt_underflow  m_wv.l(funder.o)
    0x0800c414   0x0800c414   0x00000154   Code   RO        13146    i.__mathlib_rredf2  m_wv.l(rredf.o)
    0x0800c568   0x0800c568   0x00000020   Code   RO        11683    i.adrc_clamp        adrc.o
    0x0800c588   0x0800c588   0x0000005c   Code   RO        11684    i.adrc_fal          adrc.o
    0x0800c5e4   0x0800c5e4   0x00000070   Code   RO        11685    i.adrc_fill_config_from_param  adrc.o
    0x0800c654   0x0800c654   0x00000040   Code   RO        11686    i.adrc_resolve_b0   adrc.o
    0x0800c694   0x0800c694   0x00000024   Code   RO        11687    i.adrc_sync_public_state  adrc.o
    0x0800c6b8   0x0800c6b8   0x000000d4   Code   RO         7945    i.auto_aim_apply_delta_udeg  auto_aim.o
    0x0800c78c   0x0800c78c   0x00000024   Code   RO         7946    i.auto_aim_clear_error  auto_aim.o
    0x0800c7b0   0x0800c7b0   0x00000024   Code   RO         7947    i.auto_aim_get_pitch_err_rad  auto_aim.o
    0x0800c7d4   0x0800c7d4   0x00000024   Code   RO         7948    i.auto_aim_get_yaw_err_rad  auto_aim.o
    0x0800c7f8   0x0800c7f8   0x00000018   Code   RO         7949    i.auto_aim_is_active  auto_aim.o
    0x0800c810   0x0800c810   0x00000004   Code   RO         7950    i.auto_aim_reset_delta_accum  auto_aim.o
    0x0800c814   0x0800c814   0x00000070   Code   RO         7951    i.auto_aim_task     auto_aim.o
    0x0800c884   0x0800c884   0x00000054   Code   RO        10725    i.bsp_can_init      bsp_fdcan.o
    0x0800c8d8   0x0800c8d8   0x00000020   Code   RO        10561    i.cam_fifo_clear    camera_channel.o
    0x0800c8f8   0x0800c8f8   0x000000a8   Code   RO        10563    i.camera_channel_init_ex  camera_channel.o
    0x0800c9a0   0x0800c9a0   0x00000036   Code   RO        10566    i.camera_channel_tick  camera_channel.o
    0x0800c9d6   0x0800c9d6   0x00000036   Code   RO        10568    i.camera_on_rx      camera_channel.o
    0x0800ca0c   0x0800ca0c   0x00000040   Code   RO        10726    i.can1_filter_init  bsp_fdcan.o
    0x0800ca4c   0x0800ca4c   0x0000003c   Code   RO        10727    i.can2_filter_init  bsp_fdcan.o
    0x0800ca88   0x0800ca88   0x00000040   Code   RO        10728    i.can3_filter_init  bsp_fdcan.o
    0x0800cac8   0x0800cac8   0x00000070   Code   RO        10729    i.canx_send_data    bsp_fdcan.o
    0x0800cb38   0x0800cb38   0x000000a8   Code   RO         9819    i.ch_uproto_arbiter_tick  comm.o
    0x0800cbe0   0x0800cbe0   0x00000020   Code   RO         9820    i.ch_uproto_bind    comm.o
    0x0800cc00   0x0800cc00   0x0000007c   Code   RO         9821    i.ch_uproto_queue_notify  comm.o
    0x0800cc7c   0x0800cc7c   0x00000024   Code   RO         9822    i.ch_uproto_register_rx  comm.o
    0x0800cca0   0x0800cca0   0x00000076   Code   RO         9823    i.ch_uproto_send_notify  comm.o
    0x0800cd16   0x0800cd16   0x0000000c   Code   RO         9824    i.channel_bind_transport  comm.o
    0x0800cd22   0x0800cd22   0x00000002   Code   RO         9825    i.channel_default_hooks_on_cfg_change  comm.o
    0x0800cd24   0x0800cd24   0x0000004c   Code   RO         9826    i.channel_init      comm.o
    0x0800cd70   0x0800cd70   0x000000ac   Code   RO         8664    i.chas_inv_cal      chassis_calculate.o
    0x0800ce1c   0x0800ce1c   0x000000bc   Code   RO         8724    i.chassis_angle_pd_calc  omni_chassis.o
    0x0800ced8   0x0800ced8   0x000000ac   Code   RO         8612    i.chassis_behaviour_control_set  chassis_behaviour.o
    0x0800cf84   0x0800cf84   0x000000b8   Code   RO         8613    i.chassis_behaviour_mode_set  chassis_behaviour.o
    0x0800d03c   0x0800d03c   0x00000040   Code   RO         8725    i.chassis_body_feedforward_clear  omni_chassis.o
    0x0800d07c   0x0800d07c   0x000001cc   Code   RO         8726    i.chassis_body_feedforward_update  omni_chassis.o
    0x0800d248   0x0800d248   0x000001e8   Code   RO         8727    i.chassis_control_loop  omni_chassis.o
    0x0800d430   0x0800d430   0x00000090   Code   RO         8873    i.chassis_current_from_power  chassis_power_control.o
    0x0800d4c0   0x0800d4c0   0x000000f0   Code   RO         8728    i.chassis_dynamic_current_limit_update  omni_chassis.o
    0x0800d5b0   0x0800d5b0   0x00000144   Code   RO         8729    i.chassis_feedback_update  omni_chassis.o
    0x0800d6f4   0x0800d6f4   0x000000f8   Code   RO         8730    i.chassis_follow_yaw_control  omni_chassis.o
    0x0800d7ec   0x0800d7ec   0x00000016   Code   RO         8731    i.chassis_hwt101_yaw_ready  omni_chassis.o
    0x0800d802   0x0800d802   0x00000002   PAD
    0x0800d804   0x0800d804   0x0000015c   Code   RO         8732    i.chassis_init      omni_chassis.o
    0x0800d960   0x0800d960   0x0000001e   Code   RO         8733    i.chassis_limit_abs  omni_chassis.o
    0x0800d97e   0x0800d97e   0x00000046   Code   RO         8665    i.chassis_limit_wz_by_lateral_accel  chassis_calculate.o
    0x0800d9c4   0x0800d9c4   0x000000ac   Code   RO         8734    i.chassis_mode_change_control_transit  omni_chassis.o
    0x0800da70   0x0800da70   0x00000030   Code   RO         8874    i.chassis_motor_power_calc  chassis_power_control.o
    0x0800daa0   0x0800daa0   0x00000054   Code   RO         8875    i.chassis_power_control  chassis_power_control.o
    0x0800daf4   0x0800daf4   0x00000178   Code   RO         8614    i.chassis_rc_to_control_vector  chassis_behaviour.o
    0x0800dc6c   0x0800dc6c   0x000001d0   Code   RO         8735    i.chassis_s_curve_update  omni_chassis.o
    0x0800de3c   0x0800de3c   0x000000bc   Code   RO         8876    i.chassis_select_power_solution  chassis_power_control.o
    0x0800def8   0x0800def8   0x00000042   Code   RO         8736    i.chassis_send_cmd  omni_chassis.o
    0x0800df3a   0x0800df3a   0x00000002   PAD
    0x0800df3c   0x0800df3c   0x00000128   Code   RO         8737    i.chassis_set_contorl  omni_chassis.o
    0x0800e064   0x0800e064   0x0000000a   Code   RO         8738    i.chassis_set_mode  omni_chassis.o
    0x0800e06e   0x0800e06e   0x00000002   PAD
    0x0800e070   0x0800e070   0x00000090   Code   RO         8739    i.chassis_speed_pi_calc  omni_chassis.o
    0x0800e100   0x0800e100   0x00000040   Code   RO         8303    i.chassis_task      chassis_task.o
    0x0800e140   0x0800e140   0x0000002c   Code   RO         8666    i.chassis_wheel_angle_offset_init  chassis_calculate.o
    0x0800e16c   0x0800e16c   0x000000ac   Code   RO         8740    i.chassis_yaw_hold_control  omni_chassis.o
    0x0800e218   0x0800e218   0x000000a4   Code   RO         8741    i.chassis_zero_force_clear  omni_chassis.o
    0x0800e2bc   0x0800e2bc   0x00000024   Code   RO         9830    i.chmgr_dispatch_rx  comm.o
    0x0800e2e0   0x0800e2e0   0x0000002e   Code   RO         9831    i.chmgr_find        comm.o
    0x0800e30e   0x0800e30e   0x0000000c   Code   RO         9832    i.chmgr_init        comm.o
    0x0800e31a   0x0800e31a   0x0000001e   Code   RO         9833    i.chmgr_register    comm.o
    0x0800e338   0x0800e338   0x00000028   Code   RO         9834    i.chmgr_tick        comm.o
    0x0800e360   0x0800e360   0x00000010   Code   RO        10183    i.clamp_i32         comm_app.o
    0x0800e370   0x0800e370   0x0000002c   Code   RO        10184    i.comm_app_start    comm_app.o
    0x0800e39c   0x0800e39c   0x0000009c   Code   RO        10185    i.comm_app_task     comm_app.o
    0x0800e438   0x0800e438   0x00000210   Code   RO        10186    i.comm_apply_host_controls  comm_app.o
    0x0800e648   0x0800e648   0x00000010   Code   RO        10187    i.comm_autoaim_enabled  comm_app.o
    0x0800e658   0x0800e658   0x00000024   Code   RO        10189    i.comm_clear_rc_injection  comm_app.o
    0x0800e67c   0x0800e67c   0x00000088   Code   RO        10190    i.comm_publish_referee  comm_app.o
    0x0800e704   0x0800e704   0x0000000a   Code   RO        10452    i.comm_read_i32_le  gimbal_channel.o
    0x0800e70e   0x0800e70e   0x0000001c   Code   RO        10453    i.comm_read_u64_le  gimbal_channel.o
    0x0800e72a   0x0800e72a   0x0000001c   Code   RO        10632    i.comm_read_u64_le  time_sync_channel.o
    0x0800e746   0x0800e746   0x00000016   Code   RO        10191    i.comm_referee_get_snapshot  comm_app.o
    0x0800e75c   0x0800e75c   0x00000012   Code   RO        10454    i.comm_write_i32_le  gimbal_channel.o
    0x0800e76e   0x0800e76e   0x00000008   Code   RO        10633    i.comm_write_u16_le  time_sync_channel.o
    0x0800e776   0x0800e776   0x00000022   Code   RO        10455    i.comm_write_u64_le  gimbal_channel.o
    0x0800e798   0x0800e798   0x00000022   Code   RO        10634    i.comm_write_u64_le  time_sync_channel.o
    0x0800e7ba   0x0800e7ba   0x00000008   Code   RO         9969    i.crc16_ccitt       uproto.o
    0x0800e7c2   0x0800e7c2   0x00000002   PAD
    0x0800e7c4   0x0800e7c4   0x000000c4   Code   RO         8377    i.detect_dbus_rx_active  detect_task.o
    0x0800e888   0x0800e888   0x00000060   Code   RO         8378    i.detect_hook       detect_task.o
    0x0800e8e8   0x0800e8e8   0x00000078   Code   RO         8379    i.detect_init       detect_task.o
    0x0800e960   0x0800e960   0x00000098   Code   RO         8380    i.detect_task       detect_task.o
    0x0800e9f8   0x0800e9f8   0x00000006   Code   RO         8742    i.fabsf             omni_chassis.o
    0x0800e9fe   0x0800e9fe   0x00000006   Code   RO         8877    i.fabsf             chassis_power_control.o
    0x0800ea04   0x0800ea04   0x00000006   Code   RO         9624    i.fabsf             shoot_3508.o
    0x0800ea0a   0x0800ea0a   0x00000002   PAD
    0x0800ea0c   0x0800ea0c   0x00000100   Code   RO        10730    i.fdcan1_receive    bsp_fdcan.o
    0x0800eb0c   0x0800eb0c   0x00000020   Code   RO        10731    i.fdcan1_rx_callback  bsp_fdcan.o
    0x0800eb2c   0x0800eb2c   0x000000b0   Code   RO        10732    i.fdcan2_receive    bsp_fdcan.o
    0x0800ebdc   0x0800ebdc   0x00000020   Code   RO        10733    i.fdcan2_rx_callback  bsp_fdcan.o
    0x0800ebfc   0x0800ebfc   0x0000002c   Code   RO        10734    i.fdcan3_receive    bsp_fdcan.o
    0x0800ec28   0x0800ec28   0x00000020   Code   RO        10735    i.fdcan3_rx_callback  bsp_fdcan.o
    0x0800ec48   0x0800ec48   0x00000058   Code   RO        10736    i.fdcan_dlc_to_len  bsp_fdcan.o
    0x0800eca0   0x0800eca0   0x00000076   Code   RO        10737    i.fdcan_len_to_dlc  bsp_fdcan.o
    0x0800ed16   0x0800ed16   0x0000002c   Code   RO        11043    i.fifo_s_get        fifo.o
    0x0800ed42   0x0800ed42   0x00000018   Code   RO        11046    i.fifo_s_init       fifo.o
    0x0800ed5a   0x0800ed5a   0x0000007c   Code   RO        11052    i.fifo_s_puts       fifo.o
    0x0800edd6   0x0800edd6   0x00000004   Code   RO        11054    i.fifo_s_used       fifo.o
    0x0800edda   0x0800edda   0x00000002   PAD
    0x0800eddc   0x0800eddc   0x00000124   Code   RO         9835    i.find_next_ready_index  comm.o
    0x0800ef00   0x0800ef00   0x0000003c   Code   RO        11948    i.first_order_filter_cali  user_lib.o
    0x0800ef3c   0x0800ef3c   0x00000012   Code   RO        11949    i.first_order_filter_init  user_lib.o
    0x0800ef4e   0x0800ef4e   0x00000028   Code   RO        10739    i.float_to_uint     bsp_fdcan.o
    0x0800ef76   0x0800ef76   0x00000020   Code   RO        11950    i.fp32_constrain    user_lib.o
    0x0800ef96   0x0800ef96   0x00000002   PAD
    0x0800ef98   0x0800ef98   0x0000002c   Code   RO        11814    i.get_CRC16_check_sum  crc8_crc16.o
    0x0800efc4   0x0800efc4   0x0000001c   Code   RO        11815    i.get_CRC8_check_sum  crc8_crc16.o
    0x0800efe0   0x0800efe0   0x00000008   Code   RO        11491    i.get_INS_angle_point  hwt_imu.o
    0x0800efe8   0x0800efe8   0x00000008   Code   RO        11492    i.get_accel_data_point  hwt_imu.o
    0x0800eff0   0x0800eff0   0x00000010   Code   RO        10740    i.get_chassis_motor_measure_point  bsp_fdcan.o
    0x0800f000   0x0800f000   0x00000008   Code   RO        11493    i.get_gyro_data_point  hwt_imu.o
    0x0800f008   0x0800f008   0x0000001e   Code   RO        10741    i.get_mit_motor_index  bsp_fdcan.o
    0x0800f026   0x0800f026   0x0000001c   Code   RO        10742    i.get_motor_measure  bsp_fdcan.o
    0x0800f042   0x0800f042   0x00000002   PAD
    0x0800f044   0x0800f044   0x00000008   Code   RO         8016    i.get_pitch_motor_point  gimbal_task.o
    0x0800f04c   0x0800f04c   0x00000008   Code   RO        11241    i.get_remote_control_point  remote_control.o
    0x0800f054   0x0800f054   0x00000008   Code   RO         8017    i.get_yaw_motor_point  gimbal_task.o
    0x0800f05c   0x0800f05c   0x00000012   Code   RO         9039    i.gimbal_absolute_angle_control  gimbal_behaviour.o
    0x0800f06e   0x0800f06e   0x00000002   PAD
    0x0800f070   0x0800f070   0x00000040   Code   RO         9344    i.gimbal_absolute_angle_limit  yaw_pitch_direct.o
    0x0800f0b0   0x0800f0b0   0x0000000c   Code   RO         9040    i.gimbal_apply_deadband  gimbal_behaviour.o
    0x0800f0bc   0x0800f0bc   0x00000030   Code   RO         9345    i.gimbal_auto_aim_clear_target_vel  yaw_pitch_direct.o
    0x0800f0ec   0x0800f0ec   0x000000a0   Code   RO         9346    i.gimbal_auto_aim_plan_target  yaw_pitch_direct.o
    0x0800f18c   0x0800f18c   0x00000064   Code   RO         9041    i.gimbal_behaviour_control_set  gimbal_behaviour.o
    0x0800f1f0   0x0800f1f0   0x00000038   Code   RO         9042    i.gimbal_behaviour_mode_set  gimbal_behaviour.o
    0x0800f228   0x0800f228   0x000000d0   Code   RO         9043    i.gimbal_behavour_set  gimbal_behaviour.o
    0x0800f2f8   0x0800f2f8   0x0000008c   Code   RO         9347    i.gimbal_calc_angle_speed_torque  yaw_pitch_direct.o
    0x0800f384   0x0800f384   0x00000058   Code   RO         9348    i.gimbal_calc_feedback_torque  yaw_pitch_direct.o
    0x0800f3dc   0x0800f3dc   0x00000038   Code   RO         9349    i.gimbal_calc_feedforward  yaw_pitch_direct.o
    0x0800f414   0x0800f414   0x000000b8   Code   RO         9350    i.gimbal_calc_static_friction_comp_raw  yaw_pitch_direct.o
    0x0800f4cc   0x0800f4cc   0x00000064   Code   RO         9044    i.gimbal_cali_control  gimbal_behaviour.o
    0x0800f530   0x0800f530   0x0000009c   Code   RO        10456    i.gimbal_channel_init  gimbal_channel.o
    0x0800f5cc   0x0800f5cc   0x00000044   Code   RO        10457    i.gimbal_channel_init_ex  gimbal_channel.o
    0x0800f610   0x0800f610   0x000000b6   Code   RO        10458    i.gimbal_channel_publish  gimbal_channel.o
    0x0800f6c6   0x0800f6c6   0x00000076   Code   RO        10459    i.gimbal_channel_publish_referee  gimbal_channel.o
    0x0800f73c   0x0800f73c   0x00000020   Code   RO         9351    i.gimbal_clamp      yaw_pitch_direct.o
    0x0800f75c   0x0800f75c   0x00000024   Code   RO         9046    i.gimbal_cmd_to_shoot_stop  gimbal_behaviour.o
    0x0800f780   0x0800f780   0x0000006a   Code   RO         9352    i.gimbal_control_loop  yaw_pitch_direct.o
    0x0800f7ea   0x0800f7ea   0x00000002   PAD
    0x0800f7ec   0x0800f7ec   0x000001f0   Code   RO         9353    i.gimbal_feedback_update  yaw_pitch_direct.o
    0x0800f9dc   0x0800f9dc   0x0000004c   Code   RO         9354    i.gimbal_feedforward_clear  yaw_pitch_direct.o
    0x0800fa28   0x0800fa28   0x00000044   Code   RO         9355    i.gimbal_feedforward_clear_source  yaw_pitch_direct.o
    0x0800fa6c   0x0800fa6c   0x000000c8   Code   RO         9356    i.gimbal_feedforward_track_target  yaw_pitch_direct.o
    0x0800fb34   0x0800fb34   0x0000000c   Code   RO         9357    i.gimbal_float_to_torque_cmd  yaw_pitch_direct.o
    0x0800fb40   0x0800fb40   0x000000b4   Code   RO        10192    i.gimbal_get_state  comm_app.o
    0x0800fbf4   0x0800fbf4   0x000001f8   Code   RO         9358    i.gimbal_init       yaw_pitch_direct.o
    0x0800fdec   0x0800fdec   0x00000038   Code   RO         9047    i.gimbal_init_control  gimbal_behaviour.o
    0x0800fe24   0x0800fe24   0x00000028   Code   RO        10462    i.gimbal_mailbox_set  gimbal_channel.o
    0x0800fe4c   0x0800fe4c   0x00000020   Code   RO         9359    i.gimbal_mit_clamp  yaw_pitch_direct.o
    0x0800fe6c   0x0800fe6c   0x000000de   Code   RO         9360    i.gimbal_mode_change_control_transit  yaw_pitch_direct.o
    0x0800ff4a   0x0800ff4a   0x00000002   PAD
    0x0800ff4c   0x0800ff4c   0x0000001c   Code   RO         9048    i.gimbal_motionless_control  gimbal_behaviour.o
    0x0800ff68   0x0800ff68   0x000000c0   Code   RO         9361    i.gimbal_motor_absolute_angle_control  yaw_pitch_direct.o
    0x08010028   0x08010028   0x0000003c   Code   RO         9362    i.gimbal_motor_raw_angle_control  yaw_pitch_direct.o
    0x08010064   0x08010064   0x000000b8   Code   RO         9363    i.gimbal_motor_relative_angle_control  yaw_pitch_direct.o
    0x0801011c   0x0801011c   0x00000030   Code   RO        10193    i.gimbal_on_chassis  comm_app.o
    0x0801014c   0x0801014c   0x0000002c   Code   RO        10194    i.gimbal_on_delta   comm_app.o
    0x08010178   0x08010178   0x00000088   Code   RO        10195    i.gimbal_on_fire    comm_app.o
    0x08010200   0x08010200   0x00000010   Code   RO        10196    i.gimbal_on_referee_query  comm_app.o
    0x08010210   0x08010210   0x0000000c   Code   RO         9364    i.gimbal_output_to_mit_torque  yaw_pitch_direct.o
    0x0801021c   0x0801021c   0x00000010   Code   RO         9365    i.gimbal_pid_calc   yaw_pitch_direct.o
    0x0801022c   0x0801022c   0x0000000a   Code   RO         9366    i.gimbal_pid_clear  yaw_pitch_direct.o
    0x08010236   0x08010236   0x0000001c   Code   RO         9367    i.gimbal_pid_init   yaw_pitch_direct.o
    0x08010252   0x08010252   0x00000002   PAD
    0x08010254   0x08010254   0x00000020   Code   RO         9368    i.gimbal_pitch_mit_feedback_ready  yaw_pitch_direct.o
    0x08010274   0x08010274   0x000000d4   Code   RO         9369    i.gimbal_pitch_relative_angle_limit  yaw_pitch_direct.o
    0x08010348   0x08010348   0x00000074   Code   RO         9370    i.gimbal_pitch_zero_output  yaw_pitch_direct.o
    0x080103bc   0x080103bc   0x000000a0   Code   RO         9049    i.gimbal_read_manual_input  gimbal_behaviour.o
    0x0801045c   0x0801045c   0x00000012   Code   RO         9050    i.gimbal_relative_angle_control  gimbal_behaviour.o
    0x0801046e   0x0801046e   0x00000002   PAD
    0x08010470   0x08010470   0x000000a0   Code   RO         9371    i.gimbal_send_cmd   yaw_pitch_direct.o
    0x08010510   0x08010510   0x000002c4   Code   RO         9372    i.gimbal_set_control  yaw_pitch_direct.o
    0x080107d4   0x080107d4   0x00000020   Code   RO         9373    i.gimbal_set_mode   yaw_pitch_direct.o
    0x080107f4   0x080107f4   0x0000003c   Code   RO         9051    i.gimbal_spin_control  gimbal_behaviour.o
    0x08010830   0x08010830   0x00000058   Code   RO         8025    i.gimbal_task       gimbal_task.o
    0x08010888   0x08010888   0x00000060   Code   RO         9374    i.gimbal_update_static_friction_comp  yaw_pitch_direct.o
    0x080108e8   0x080108e8   0x00000034   Code   RO         9375    i.gimbal_wrap_angle  yaw_pitch_direct.o
    0x0801091c   0x0801091c   0x00000110   Code   RO         9376    i.gimbal_yaw_absolute_angle_limit  yaw_pitch_direct.o
    0x08010a2c   0x08010a2c   0x0000001c   Code   RO         9052    i.gimbal_zero_force_control  gimbal_behaviour.o
    0x08010a48   0x08010a48   0x00000010   Code   RO        11864    i.gravity_comp_calc_torque  gravity_comp.o
    0x08010a58   0x08010a58   0x00000070   Code   RO        11865    i.gravity_comp_calc_torque_with_param  gravity_comp.o
    0x08010ac8   0x08010ac8   0x0000005c   Code   RO        11866    i.gravity_comp_execute  gravity_comp.o
    0x08010b24   0x08010b24   0x00000058   Code   RO        11867    i.gravity_comp_init  gravity_comp.o
    0x08010b7c   0x08010b7c   0x00000008   Code   RO        11495    i.hwt101_get_chassis_yaw_point  hwt_imu.o
    0x08010b84   0x08010b84   0x00000008   Code   RO        11496    i.hwt101_get_info   hwt_imu.o
    0x08010b8c   0x08010b8c   0x0000000c   Code   RO        11500    i.hwt101_get_yaw_total_rad  hwt_imu.o
    0x08010b98   0x08010b98   0x00000018   Code   RO        11501    i.hwt101_rx_parse   hwt_imu.o
    0x08010bb0   0x08010bb0   0x00000008   Code   RO        11505    i.hwt906_get_gimbal_gyro_point  hwt_imu.o
    0x08010bb8   0x08010bb8   0x00000018   Code   RO        11513    i.hwt906_rx_parse   hwt_imu.o
    0x08010bd0   0x08010bd0   0x000001f4   Code   RO        11514    i.hwt_handle_frame  hwt_imu.o
    0x08010dc4   0x08010dc4   0x00000048   Code   RO        11515    i.hwt_imu_init      hwt_imu.o
    0x08010e0c   0x08010e0c   0x00000060   Code   RO        11516    i.hwt_parse_stream  hwt_imu.o
    0x08010e6c   0x08010e6c   0x00000080   Code   RO        11517    i.hwt_update_yaw_total  hwt_imu.o
    0x08010eec   0x08010eec   0x00000180   Code   RO         8502    i.init_referee_data  referee.o
    0x0801106c   0x0801106c   0x0000001c   Code   RO         8148    i.light_abs_float   light_task.o
    0x08011088   0x08011088   0x0000000c   Code   RO         8149    i.light_clear       light_task.o
    0x08011094   0x08011094   0x00000030   Code   RO         8150    i.light_fill        light_task.o
    0x080110c4   0x080110c4   0x00000040   Code   RO         8151    i.light_fric_average_speed_rpm  light_task.o
    0x08011104   0x08011104   0x0000001c   Code   RO         8152    i.light_fric_one_motor_online  light_task.o
    0x08011120   0x08011120   0x00000064   Code   RO         8153    i.light_pack_frame  light_task.o
    0x08011184   0x08011184   0x000000d8   Code   RO         8155    i.light_render_auto  light_task.o
    0x0801125c   0x0801125c   0x00000098   Code   RO         8156    i.light_render_online_status  light_task.o
    0x080112f4   0x080112f4   0x00000018   Code   RO         8157    i.light_send_frame  light_task.o
    0x0801130c   0x0801130c   0x0000001c   Code   RO         8161    i.light_set_pixel   light_task.o
    0x08011328   0x08011328   0x0000002c   Code   RO         8162    i.light_task        light_task.o
    0x08011354   0x08011354   0x000000e4   Code   RO         8163    i.light_update_online_status  light_task.o
    0x08011438   0x08011438   0x00000048   Code   RO        11955    i.loop_fp32_constrain  user_lib.o
    0x08011480   0x08011480   0x000000b0   Code   RO           17    i.main              main.o
    0x08011530   0x08011530   0x0000000e   Code   RO         7359    i.makeFreeRtosPriority  cmsis_os.o
    0x0801153e   0x0801153e   0x00000070   Code   RO         9836    i.mux_decode        comm.o
    0x080115ae   0x080115ae   0x00000066   Code   RO         9837    i.mux_encode        comm.o
    0x08011614   0x08011614   0x00000010   Code   RO        10635    i.now_us            time_sync_channel.o
    0x08011624   0x08011624   0x00000038   Code   RO         9838    i.on_mux_rx         comm.o
    0x0801165c   0x0801165c   0x00000104   Code   RO        10463    i.on_rx             gimbal_channel.o
    0x08011760   0x08011760   0x000001a0   Code   RO        10636    i.on_rx             time_sync_channel.o
    0x08011900   0x08011900   0x00000058   Code   RO        10464    i.on_tick           gimbal_channel.o
    0x08011958   0x08011958   0x000000a8   Code   RO        10637    i.on_tick           time_sync_channel.o
    0x08011a00   0x08011a00   0x0000000e   Code   RO         7361    i.osDelay           cmsis_os.o
    0x08011a0e   0x08011a0e   0x0000000a   Code   RO         7364    i.osKernelStart     cmsis_os.o
    0x08011a18   0x08011a18   0x00000052   Code   RO         7398    i.osThreadCreate    cmsis_os.o
    0x08011a6a   0x08011a6a   0x00000012   Code   RO        10111    i.platform_memcpy   platform_stm32.o
    0x08011a7c   0x08011a7c   0x00000030   Code   RO        10112    i.platform_memmove  platform_stm32.o
    0x08011aac   0x08011aac   0x00000012   Code   RO        10113    i.platform_memset   platform_stm32.o
    0x08011abe   0x08011abe   0x00000002   Code   RO         8943    i.pm01_access_poll  pm01_api.o
    0x08011ac0   0x08011ac0   0x00000088   Code   RO         8947    i.pm01_response_handle  pm01_api.o
    0x08011b48   0x08011b48   0x00000038   Code   RO           18    i.proto_init_from_main  main.o
    0x08011b80   0x08011b80   0x00000004   Code   RO           19    i.proto_time_now    main.o
    0x08011b84   0x08011b84   0x00000070   Code   RO         7035    i.prvAddCurrentTaskToDelayedList  tasks.o
    0x08011bf4   0x08011bf4   0x000000d0   Code   RO         7036    i.prvAddNewTaskToReadyList  tasks.o
    0x08011cc4   0x08011cc4   0x00000034   Code   RO         7037    i.prvDeleteTCB      tasks.o
    0x08011cf8   0x08011cf8   0x00000050   Code   RO         7726    i.prvHeapInit       heap_4.o
    0x08011d48   0x08011d48   0x00000060   Code   RO         7038    i.prvIdleTask       tasks.o
    0x08011da8   0x08011da8   0x0000009a   Code   RO         7039    i.prvInitialiseNewTask  tasks.o
    0x08011e42   0x08011e42   0x00000002   PAD
    0x08011e44   0x08011e44   0x0000004c   Code   RO         7727    i.prvInsertBlockIntoFreeList  heap_4.o
    0x08011e90   0x08011e90   0x00000020   Code   RO         7040    i.prvResetNextTaskUnblockTime  tasks.o
    0x08011eb0   0x08011eb0   0x00000028   Code   RO         7795    i.prvTaskExitError  port.o
    0x08011ed8   0x08011ed8   0x000000dc   Code   RO         7728    i.pvPortMalloc      heap_4.o
    0x08011fb4   0x08011fb4   0x00000030   Code   RO         7796    i.pxPortInitialiseStack  port.o
    0x08011fe4   0x08011fe4   0x00000344   Code   RO         8506    i.referee_handle_data  referee.o
    0x08012328   0x08012328   0x000000e8   Code   RO         8438    i.referee_unpack_fifo_data  referee_usart_task.o
    0x08012410   0x08012410   0x0000003c   Code   RO         8439    i.referee_usart_task  referee_usart_task.o
    0x0801244c   0x0801244c   0x0000009a   Code   RO        11243    i.sbus_to_rc        remote_control.o
    0x080124e6   0x080124e6   0x00000002   PAD
    0x080124e8   0x080124e8   0x00000038   Code   RO         8117    i.service_task      service_task.o
    0x08012520   0x08012520   0x000000dc   Code   RO        10197    i.setup_channels    comm_app.o
    0x080125fc   0x080125fc   0x00000034   Code   RO         9625    i.shoot_control_loop  shoot_3508.o
    0x08012630   0x08012630   0x0000000c   Code   RO         9626    i.shoot_init        shoot_3508.o
    0x0801263c   0x0801263c   0x00000012   Code   RO         9627    i.shoot_task_avg3   shoot_3508.o
    0x0801264e   0x0801264e   0x00000020   Code   RO         9628    i.shoot_task_clamp_float  shoot_3508.o
    0x0801266e   0x0801266e   0x00000002   PAD
    0x08012670   0x08012670   0x0000021c   Code   RO         9629    i.shoot_task_control_friction  shoot_3508.o
    0x0801288c   0x0801288c   0x0000039c   Code   RO         9630    i.shoot_task_control_strum  shoot_3508.o
    0x08012c28   0x08012c28   0x0000001c   Code   RO         9631    i.shoot_task_current_a_to_input_torque_nm  shoot_3508.o
    0x08012c44   0x08012c44   0x0000004c   Code   RO         9632    i.shoot_task_current_ma_to_esc_cmd  shoot_3508.o
    0x08012c90   0x08012c90   0x000000b4   Code   RO         9633    i.shoot_task_init_control  shoot_3508.o
    0x08012d44   0x08012d44   0x00000028   Code   RO         9634    i.shoot_task_limit_current_a  shoot_3508.o
    0x08012d6c   0x08012d6c   0x0000001e   Code   RO         9635    i.shoot_task_max3   shoot_3508.o
    0x08012d8a   0x08012d8a   0x00000006   Code   RO         9636    i.shoot_task_min_float  shoot_3508.o
    0x08012d90   0x08012d90   0x00000024   Code   RO         9637    i.shoot_task_motor_apply_feedforward  shoot_3508.o
    0x08012db4   0x08012db4   0x00000028   Code   RO         9638    i.shoot_task_motor_calc  shoot_3508.o
    0x08012ddc   0x08012ddc   0x00000044   Code   RO         9639    i.shoot_task_motor_finalize_current  shoot_3508.o
    0x08012e20   0x08012e20   0x00000024   Code   RO         9640    i.shoot_task_motor_hot_reset  shoot_3508.o
    0x08012e44   0x08012e44   0x00000098   Code   RO         9641    i.shoot_task_motor_init  shoot_3508.o
    0x08012edc   0x08012edc   0x0000001c   Code   RO         9642    i.shoot_task_motor_ready  shoot_3508.o
    0x08012ef8   0x08012ef8   0x00000018   Code   RO         9643    i.shoot_task_motor_reset  shoot_3508.o
    0x08012f10   0x08012f10   0x00000038   Code   RO         9644    i.shoot_task_motor_should_trigger_feedforward  shoot_3508.o
    0x08012f48   0x08012f48   0x00000050   Code   RO         9645    i.shoot_task_motor_update_current_physics  shoot_3508.o
    0x08012f98   0x08012f98   0x00000008   Code   RO         9646    i.shoot_task_ms_to_ticks  shoot_3508.o
    0x08012fa0   0x08012fa0   0x00000058   Code   RO         9647    i.shoot_task_send_friction_current  shoot_3508.o
    0x08012ff8   0x08012ff8   0x00000054   Code   RO         9648    i.shoot_task_set_mode  shoot_3508.o
    0x0801304c   0x0801304c   0x00000070   Code   RO         9649    i.shoot_task_should_start_bullet_speed_estimate  shoot_3508.o
    0x080130bc   0x080130bc   0x0000006c   Code   RO         9650    i.shoot_task_should_start_fire_detect  shoot_3508.o
    0x08013128   0x08013128   0x000000d0   Code   RO         9651    i.shoot_task_stop_friction  shoot_3508.o
    0x080131f8   0x080131f8   0x000000f0   Code   RO         9652    i.shoot_task_update_bullet_speed_estimate  shoot_3508.o
    0x080132e8   0x080132e8   0x0000009c   Code   RO         9653    i.shoot_task_update_feedback  shoot_3508.o
    0x08013384   0x08013384   0x000000f8   Code   RO         9654    i.shoot_task_update_fire_detect  shoot_3508.o
    0x0801347c   0x0801347c   0x00000036   Code   RO         9655    i.shoot_task_update_history  shoot_3508.o
    0x080134b2   0x080134b2   0x00000002   Code   RO         8667    i.slip_control      chassis_calculate.o
    0x080134b4   0x080134b4   0x00000064   Code   RO        12165    i.start_usb_tx_if_idle  usbd_cdc_if.o
    0x08013518   0x08013518   0x00000024   Code   RO        10198    i.stream_on_rx      comm_app.o
    0x0801353c   0x0801353c   0x0000000c   Code   RO        10199    i.sync_now_us       comm_app.o
    0x08013548   0x08013548   0x00000020   Code   RO        11315    i.tim24_timebase_init  bsp_tim24.o
    0x08013568   0x08013568   0x00000038   Code   RO        11316    i.tim24_timebase_now_us  bsp_tim24.o
    0x080135a0   0x080135a0   0x00000010   Code   RO        11317    i.tim24_timebase_on_overflow  bsp_tim24.o
    0x080135b0   0x080135b0   0x000000a8   Code   RO        10638    i.time_sync_channel_init  time_sync_channel.o
    0x08013658   0x08013658   0x00000032   Code   RO        10639    i.time_sync_channel_init_ex  time_sync_channel.o
    0x0801368a   0x0801368a   0x00000022   Code   RO        10640    i.time_sync_channel_now_us  time_sync_channel.o
    0x080136ac   0x080136ac   0x00000034   Code   RO         8382    i.toe_is_error      detect_task.o
    0x080136e0   0x080136e0   0x00000028   Code   RO        10743    i.uint_to_float     bsp_fdcan.o
    0x08013708   0x08013708   0x00000020   Code   RO         9970    i.uproto_complete_transaction  uproto.o
    0x08013728   0x08013728   0x0000008e   Code   RO         9971    i.uproto_decode_frame  uproto.o
    0x080137b6   0x080137b6   0x00000092   Code   RO         9972    i.uproto_encode_frame  uproto.o
    0x08013848   0x08013848   0x00000036   Code   RO         9973    i.uproto_find_transaction  uproto.o
    0x0801387e   0x0801387e   0x0000000c   Code   RO         9974    i.uproto_fire_event  uproto.o
    0x0801388a   0x0801388a   0x00000002   PAD
    0x0801388c   0x0801388c   0x00000134   Code   RO         9976    i.uproto_handle_frame  uproto.o
    0x080139c0   0x080139c0   0x0000005c   Code   RO         9977    i.uproto_init       uproto.o
    0x08013a1c   0x08013a1c   0x0000000c   Code   RO         9979    i.uproto_now        uproto.o
    0x08013a28   0x08013a28   0x00000040   Code   RO         9980    i.uproto_on_rx_bytes  uproto.o
    0x08013a68   0x08013a68   0x000000dc   Code   RO         9981    i.uproto_process_rx_buffer  uproto.o
    0x08013b44   0x08013b44   0x00000048   Code   RO         9982    i.uproto_register_handler  uproto.o
    0x08013b8c   0x08013b8c   0x0000005e   Code   RO         9983    i.uproto_send_frame  uproto.o
    0x08013bea   0x08013bea   0x0000001c   Code   RO         9984    i.uproto_send_notify  uproto.o
    0x08013c06   0x08013c06   0x00000002   PAD
    0x08013c08   0x08013c08   0x000000d4   Code   RO         9985    i.uproto_send_request  uproto.o
    0x08013cdc   0x08013cdc   0x00000104   Code   RO         9988    i.uproto_tick       uproto.o
    0x08013de0   0x08013de0   0x0000000c   Code   RO        10372    i.usb_cdc_port_bind_uproto  usb_cdc_port.o
    0x08013dec   0x08013dec   0x00000002   Code   RO        10373    i.usb_cdc_port_flush  usb_cdc_port.o
    0x08013dee   0x08013dee   0x00000006   Code   RO        10374    i.usb_cdc_port_get_mtu  usb_cdc_port.o
    0x08013df4   0x08013df4   0x00000024   Code   RO        10375    i.usb_cdc_port_get_ops  usb_cdc_port.o
    0x08013e18   0x08013e18   0x00000004   Code   RO        10376    i.usb_cdc_port_init  usb_cdc_port.o
    0x08013e1c   0x08013e1c   0x00000074   Code   RO        10377    i.usb_cdc_port_on_rx  usb_cdc_port.o
    0x08013e90   0x08013e90   0x00000068   Code   RO        10378    i.usb_cdc_port_poll_rx  usb_cdc_port.o
    0x08013ef8   0x08013ef8   0x0000001c   Code   RO        10379    i.usb_cdc_port_reset_rx  usb_cdc_port.o
    0x08013f14   0x08013f14   0x00000048   Code   RO        10380    i.usb_cdc_port_write  usb_cdc_port.o
    0x08013f5c   0x08013f5c   0x00000020   Code   RO        12166    i.usb_tx_read_pos   usbd_cdc_if.o
    0x08013f7c   0x08013f7c   0x00000026   Code   RO         6671    i.uxListRemove      list.o
    0x08013fa2   0x08013fa2   0x00000002   PAD
    0x08013fa4   0x08013fa4   0x00000018   Code   RO          355    i.vApplicationGetIdleTaskMemory  freertos.o
    0x08013fbc   0x08013fbc   0x00000016   Code   RO         6672    i.vListInitialise   list.o
    0x08013fd2   0x08013fd2   0x00000006   Code   RO         6673    i.vListInitialiseItem  list.o
    0x08013fd8   0x08013fd8   0x00000030   Code   RO         6674    i.vListInsert       list.o
    0x08014008   0x08014008   0x00000018   Code   RO         6675    i.vListInsertEnd    list.o
    0x08014020   0x08014020   0x00000040   Code   RO         7798    i.vPortEnterCritical  port.o
    0x08014060   0x08014060   0x00000028   Code   RO         7799    i.vPortExitCritical  port.o
    0x08014088   0x08014088   0x00000064   Code   RO         7729    i.vPortFree         heap_4.o
    0x080140ec   0x080140ec   0x00000024   Code   RO         7800    i.vPortSetupTimerInterrupt  port.o
    0x08014110   0x08014110   0x0000004c   Code   RO         7049    i.vTaskDelay        tasks.o
    0x0801415c   0x0801415c   0x0000008c   Code   RO         7050    i.vTaskDelayUntil   tasks.o
    0x080141e8   0x080141e8   0x0000006c   Code   RO         7063    i.vTaskStartScheduler  tasks.o
    0x08014254   0x08014254   0x00000010   Code   RO         7065    i.vTaskSuspendAll   tasks.o
    0x08014264   0x08014264   0x0000005c   Code   RO         7066    i.vTaskSwitchContext  tasks.o
    0x080142c0   0x080142c0   0x0000005c   Code   RO         8668    i.vector_rotate     chassis_calculate.o
    0x0801431c   0x0801431c   0x0000003c   Code   RO        11816    i.verify_CRC16_check_sum  crc8_crc16.o
    0x08014358   0x08014358   0x00000026   Code   RO        11817    i.verify_CRC8_check_sum  crc8_crc16.o
    0x0801437e   0x0801437e   0x00000002   PAD
    0x08014380   0x08014380   0x00000054   Code   RO         9018    i.wattmeter_feedback_handle  wattmeter_api.o
    0x080143d4   0x080143d4   0x00000008   Code   RO         9989    i.write_u16_le      uproto.o
    0x080143dc   0x080143dc   0x00000038   Code   RO         7879    i.ws2812_task       safewarning.o
    0x08014414   0x08014414   0x000000f4   Code   RO         7802    i.xPortStartScheduler  port.o
    0x08014508   0x08014508   0x0000005a   Code   RO         7069    i.xTaskCreate       tasks.o
    0x08014562   0x08014562   0x00000056   Code   RO         7070    i.xTaskCreateStatic  tasks.o
    0x080145b8   0x080145b8   0x0000000c   Code   RO         7075    i.xTaskGetTickCount  tasks.o
    0x080145c4   0x080145c4   0x000000cc   Code   RO         7077    i.xTaskIncrementTick  tasks.o
    0x08014690   0x08014690   0x000000c4   Code   RO         7083    i.xTaskResumeAll    tasks.o
    0x08014754   0x08014754   0x0000000a   Code   RO        13193    x$fpl$fpinit        fz_wv.l(fpinit.o)
    0x0801475e   0x0801475e   0x00000000   Code   RO        13115    x$fpl$usenofp       fz_wv.l(usenofp.o)
    0x0801475e   0x0801475e   0x00000002   PAD
    0x08014760   0x08014760   0x00000020   Data   RO           22    .constdata          main.o
    0x08014780   0x08014780   0x00000070   Data   RO          357    .constdata          freertos.o
    0x080147f0   0x080147f0   0x00000008   Data   RO         3271    .constdata          stm32h7xx_hal_dma.o
    0x080147f8   0x080147f8   0x0000005c   Data   RO         5148    .constdata          stm32h7xx_hal_fdcan.o
    0x08014854   0x08014854   0x00000018   Data   RO         6064    .constdata          stm32h7xx_hal_uart.o
    0x0801486c   0x0801486c   0x00000010   Data   RO         6430    .constdata          stm32h7xx_hal_uart_ex.o
    0x0801487c   0x0801487c   0x00000010   Data   RO         6535    .constdata          system_stm32h7xx.o
    0x0801488c   0x0801488c   0x00000064   Data   RO         7881    .constdata          safewarning.o
    0x080148f0   0x080148f0   0x0000001c   Data   RO         8027    .constdata          gimbal_task.o
    0x0801490c   0x0801490c   0x0000001c   Data   RO         8118    .constdata          service_task.o
    0x08014928   0x08014928   0x0000001c   Data   RO         8165    .constdata          light_task.o
    0x08014944   0x08014944   0x0000006c   Data   RO         8384    .constdata          detect_task.o
    0x080149b0   0x080149b0   0x0000001c   Data   RO         8442    .constdata          referee_usart_task.o
    0x080149cc   0x080149cc   0x00000020   Data   RO         8744    .constdata          omni_chassis.o
    0x080149ec   0x080149ec   0x00000078   Data   RO        10201    .constdata          comm_app.o
    0x08014a64   0x08014a64   0x00000024   Data   RO        10466    .constdata          gimbal_channel.o
    0x08014a88   0x08014a88   0x0000001c   Data   RO        10569    .constdata          camera_channel.o
    0x08014aa4   0x08014aa4   0x0000000c   Data   RO        10643    .constdata          time_sync_channel.o
    0x08014ab0   0x08014ab0   0x00000300   Data   RO        11819    .constdata          crc8_crc16.o
    0x08014db0   0x08014db0   0x00000140   Data   RO        12985    .constdata          m_wv.l(powf.o)
    0x08014ef0   0x08014ef0   0x00000030   Data   RO        13119    .constdata          m_wv.l(expf.o)
    0x08014f20   0x08014f20   0x00000020   Data   RO        13147    .constdata          m_wv.l(rredf.o)
    0x08014f40   0x08014f40   0x00000027   Data   RO          358    .conststring        freertos.o
    0x08014f67   0x08014f67   0x00000001   PAD
    0x08014f68   0x08014f68   0x0000000b   Data   RO         8028    .conststring        gimbal_task.o
    0x08014f73   0x08014f73   0x00000001   PAD
    0x08014f74   0x08014f74   0x0000000c   Data   RO         8119    .conststring        service_task.o
    0x08014f80   0x08014f80   0x0000000a   Data   RO         8166    .conststring        light_task.o
    0x08014f8a   0x08014f8a   0x00000002   PAD
    0x08014f8c   0x08014f8c   0x00000011   Data   RO         8443    .conststring        referee_usart_task.o
    0x08014f9d   0x08014f9d   0x00000003   PAD
    0x08014fa0   0x08014fa0   0x00000009   Data   RO        10202    .conststring        comm_app.o
    0x08014fa9   0x08014fa9   0x00000003   PAD
    0x08014fac   0x08014fac   0x00000020   Data   RO        13282    Region$$Table       anon$$obj.o


    Execution Region RW_IRAM1 (Exec base: 0x20000000, Load base: 0x08014fcc, Size: 0x00000000, Max: 0x00020000, ABSOLUTE)

    **** No section assigned to this execution region ****


    Execution Region RW_IRAM2 (Exec base: 0x24000000, Load base: 0x08014fcc, Size: 0x0000b198, Max: 0x00050000, ABSOLUTE, COMPRESSED[0x00000108])

    Exec Addr    Load Addr    Size         Type   Attr      Idx    E Section Name        Object

    0x24000000   COMPRESSED   0x00000004   Data   RW          359    .data               freertos.o
    0x24000004   COMPRESSED   0x00000004   Data   RW          494    .data               fdcan.o
    0x24000008   COMPRESSED   0x0000000c   Data   RW         4156    .data               stm32h7xx_hal.o
    0x24000014   COMPRESSED   0x00000008   Data   RW         6536    .data               system_stm32h7xx.o
    0x2400001c   COMPRESSED   0x0000003c   Data   RW         7086    .data               tasks.o
    0x24000058   COMPRESSED   0x00000020   Data   RW         7735    .data               heap_4.o
    0x24000078   COMPRESSED   0x0000000c   Data   RW         7803    .data               port.o
    0x24000084   COMPRESSED   0x00000006   Data   RW         7882    .data               safewarning.o
    0x2400008a   COMPRESSED   0x00000002   PAD
    0x2400008c   COMPRESSED   0x0000000c   Data   RW         7953    .data               auto_aim.o
    0x24000098   COMPRESSED   0x00000004   Data   RW         8029    .data               gimbal_task.o
    0x2400009c   COMPRESSED   0x00000008   Data   RW         8120    .data               service_task.o
    0x240000a4   COMPRESSED   0x00000001   Data   RW         8167    .data               light_task.o
    0x240000a5   COMPRESSED   0x00000003   PAD
    0x240000a8   COMPRESSED   0x0000000c   Data   RW         8385    .data               detect_task.o
    0x240000b4   COMPRESSED   0x00000004   Data   RW         8444    .data               referee_usart_task.o
    0x240000b8   COMPRESSED   0x0000006f   Data   RW         8508    .data               referee.o
    0x24000127   COMPRESSED   0x00000001   PAD
    0x24000128   COMPRESSED   0x00000010   Data   RW         8615    .data               chassis_behaviour.o
    0x24000138   COMPRESSED   0x00000008   Data   RW         8745    .data               omni_chassis.o
    0x24000140   COMPRESSED   0x00000004   Data   RW         8878    .data               chassis_power_control.o
    0x24000144   COMPRESSED   0x00000064   Data   RW         8879    .data               chassis_power_control.o
    0x240001a8   COMPRESSED   0x00000004   Data   RW         8955    .data               pm01_api.o
    0x240001ac   COMPRESSED   0x00000010   Data   RW         9053    .data               gimbal_behaviour.o
    0x240001bc   COMPRESSED   0x00000018   Data   RW         9377    .data               yaw_pitch_direct.o
    0x240001d4   COMPRESSED   0x00000024   Data   RW         9657    .data               shoot_3508.o
    0x240001f8   COMPRESSED   0x00000010   Data   RW        10203    .data               comm_app.o
    0x24000208   COMPRESSED   0x0000000c   Data   RW        10382    .data               usb_cdc_port.o
    0x24000214   COMPRESSED   0x0000004c   Data   RW        10746    .data               bsp_fdcan.o
    0x24000260   COMPRESSED   0x00000002   Data   RW        10938    .data               bsp_usart.o
    0x24000262   COMPRESSED   0x00000002   PAD
    0x24000264   COMPRESSED   0x00000004   Data   RW        11318    .data               bsp_tim24.o
    0x24000268   COMPRESSED   0x0000001c   Data   RW        11370    .data               vofa.o
    0x24000284   COMPRESSED   0x00000004   Data   RW        11521    .data               hwt_imu.o
    0x24000288   COMPRESSED   0x00000002   Data   RW        11820    .data               crc8_crc16.o
    0x2400028a   COMPRESSED   0x00000002   PAD
    0x2400028c   COMPRESSED   0x00000020   Data   RW        12085    .data               usbd_desc.o
    0x240002ac   COMPRESSED   0x0000003e   Data   RW        12086    .data               usbd_desc.o
    0x240002ea   COMPRESSED   0x00000008   Data   RW        12170    .data               usbd_cdc_if.o
    0x240002f2   COMPRESSED   0x00000002   PAD
    0x240002f4   COMPRESSED   0x00000014   Data   RW        12171    .data               usbd_cdc_if.o
    0x24000308   COMPRESSED   0x00000001   Data   RW        12625    .data               usbd_ctlreq.o
    0x24000309   COMPRESSED   0x00000003   PAD
    0x2400030c   COMPRESSED   0x00000053   Data   RW        12776    .data               usbd_cdc.o
    0x2400035f   COMPRESSED   0x00000001   PAD
    0x24000360   COMPRESSED   0x00000038   Data   RW        12777    .data               usbd_cdc.o
    0x24000398        -       0x00000ce4   Zero   RW           21    .bss                main.o
    0x2400107c        -       0x00000254   Zero   RW          356    .bss                freertos.o
    0x240012d0        -       0x00000204   Zero   RW          493    .bss                fdcan.o
    0x240014d4        -       0x00000210   Zero   RW          547    .bss                spi.o
    0x240016e4        -       0x00000150   Zero   RW          599    .bss                tim.o
    0x24001834        -       0x000006c4   Zero   RW          670    .bss                usart.o
    0x24001ef8        -       0x00000070   Zero   RW          970    .bss                stm32h7xx_hal_timebase_tim.o
    0x24001f68        -       0x000000f0   Zero   RW         7085    .bss                tasks.o
    0x24002058        -       0x00003c00   Zero   RW         7734    .bss                heap_4.o
    0x24005c58        -       0x00000010   Zero   RW         7880    .bss                safewarning.o
    0x24005c68        -       0x00000028   Zero   RW         7952    .bss                auto_aim.o
    0x24005c90        -       0x000002cc   Zero   RW         8026    .bss                gimbal_task.o
    0x24005f5c        -       0x00000050   Zero   RW         8164    .bss                light_task.o
    0x24005fac        -       0x000002b8   Zero   RW         8304    .bss                chassis_task.o
    0x24006264        -       0x000001c8   Zero   RW         8383    .bss                detect_task.o
    0x2400642c        -       0x000000d0   Zero   RW         8440    .bss                referee_usart_task.o
    0x240064fc        -       0x00000466   Zero   RW         8507    .bss                referee.o
    0x24006962   COMPRESSED   0x00000002   PAD
    0x24006964        -       0x00000010   Zero   RW         8743    .bss                omni_chassis.o
    0x24006974        -       0x0000001e   Zero   RW         8950    .bss                pm01_api.o
    0x24006992   COMPRESSED   0x00000002   PAD
    0x24006994        -       0x0000000c   Zero   RW         9019    .bss                wattmeter_api.o
    0x240069a0        -       0x000002b0   Zero   RW         9656    .bss                shoot_3508.o
    0x24006c50        -       0x00000930   Zero   RW        10200    .bss                comm_app.o
    0x24007580        -       0x00000400   Zero   RW        10381    .bss                usb_cdc_port.o
    0x24007980        -       0x00000020   Zero   RW        10465    .bss                gimbal_channel.o
    0x240079a0        -       0x000002b0   Zero   RW        10744    .bss                bsp_fdcan.o
    0x24007c50        -       0x00000170   Zero   RW        10934    .bss                bsp_usart.o
    0x24007dc0        -       0x00000400   Zero   RW        10936    .bss                bsp_usart.o
    0x240081c0        -       0x0000002e   Zero   RW        11246    .bss                remote_control.o
    0x240081ee   COMPRESSED   0x00000002   PAD
    0x240081f0        -       0x00000164   Zero   RW        11520    .bss                hwt_imu.o
    0x24008354        -       0x000002dc   Zero   RW        12038    .bss                usb_device.o
    0x24008630        -       0x00000200   Zero   RW        12084    .bss                usbd_desc.o
    0x24008830        -       0x00001800   Zero   RW        12167    .bss                usbd_cdc_if.o
    0x2400a030        -       0x00000708   Zero   RW        12272    .bss                usbd_conf.o
    0x2400a738        -       0x00000060   Zero   RW        13152    .bss                c_wu.l(libspace.o)
    0x2400a798        -       0x00000200   Zero   RW            2    HEAP                startup_stm32h723xx.o
    0x2400a998        -       0x00000800   Zero   RW            1    STACK               startup_stm32h723xx.o


==============================================================================

Image component sizes


      Code (inc. data)   RO Data    RW Data    ZI Data      Debug   Object Name

      1420         62          0          0          0      15328   adrc.o
       460         66          0         12         40       6740   auto_aim.o
      1924        180          0         76        688      20428   bsp_fdcan.o
       104         24          0          4          0       2335   bsp_tim24.o
       444        100          0          2       1392       6967   bsp_usart.o
       308          4         28          0          0       7531   camera_channel.o
       732         44          0         16          0       6115   chassis_behaviour.o
       380         36          0          0          0       4864   chassis_calculate.o
       822         52          0        104          0       8310   chassis_power_control.o
        64          6          0          0        696       6189   chassis_task.o
       120          0          0          0          0      23401   cmsis_os.o
      1294         12          0          0          0      18669   comm.o
      1646        120        129         16       2352      26151   comm_app.o
       170         16        768          2          0       3819   crc8_crc16.o
       616         66        108         12        456       4091   detect_task.o
       204          4          0          0          0       1002   dma.o
         0          0          0          0          0      16820   event_groups.o
       708         56          0          4        516       3593   fdcan.o
       196          0          0          0          0       8857   fifo.o
       156         16        151          4        596      22146   freertos.o
       880        102          0         16          0      11079   gimbal_behaviour.o
      1002         14         36          0         32      16138   gimbal_channel.o
       144         24         39          4        716      10592   gimbal_task.o
       176         12          0          0          0       1147   gpio.o
       308         18          0          0          0       6713   gravity_comp.o
       476         24          0         32      15360       7539   heap_4.o
       904         96          0          4        356      12227   hwt_imu.o
      1012        110         38          1         80      26786   light_task.o
       138          0          0          0          0       3674   list.o
       520         60         32          0       3300    1295936   main.o
      4786        380         32          8         16      26237   omni_chassis.o
       496         22          0          0          0       3330   pid.o
        84          0          0          0          0       3003   platform_stm32.o
       138          8          0          4         30       3281   pm01_api.o
       706         74          0         12          0      11116   port.o
      1220         42          0        111       1126      13515   referee.o
       332         42         45          4        208       2930   referee_usart_task.o
       162          4          0          0         46       6248   remote_control.o
       320         48        100          6         16       4746   safewarning.o
        96         14         40          8          0       2313   service_task.o
      3770        224          0         36        688      29207   shoot_3508.o
       612         52          0          0        528       2956   spi.o
        64         26        716          0       2560        836   startup_stm32h723xx.o
       156         32          0         12          0      23058   stm32h7xx_hal.o
       160         12          0          0          0      38822   stm32h7xx_hal_cortex.o
      5920        240          8          0          0      12018   stm32h7xx_hal_dma.o
      2944         50         92          0          0      22779   stm32h7xx_hal_fdcan.o
       550         44          0          0          0       2328   stm32h7xx_hal_gpio.o
        36          4          0          0          0        954   stm32h7xx_hal_msp.o
      2630         16          0          0          0      13832   stm32h7xx_hal_pcd.o
       120          6          0          0          0       3307   stm32h7xx_hal_pcd_ex.o
       100         10          0          0          0       1358   stm32h7xx_hal_pwr_ex.o
      2466        110          0          0          0       7865   stm32h7xx_hal_rcc.o
      3622        112          0          0          0       7833   stm32h7xx_hal_rcc_ex.o
      1794         18          0          0          0       9690   stm32h7xx_hal_spi.o
      2768        324          0          0          0      19167   stm32h7xx_hal_tim.o
       178         36          0          0          0       3284   stm32h7xx_hal_tim_ex.o
       132         22          0          0        112       1588   stm32h7xx_hal_timebase_tim.o
      3312        172         24          0          0      35157   stm32h7xx_hal_uart.o
       356          6         16          0          0       6437   stm32h7xx_hal_uart_ex.o
       324        156          0          0          0      15149   stm32h7xx_it.o
      2716        116          0          0          0      23456   stm32h7xx_ll_usb.o
         0          0          0          0          0        384   stream_buffer.o
       192         34         16          8          0       1494   system_stm32h7xx.o
      1674        124          0         60        240      21384   tasks.o
       516         66          0          0        336       4392   tim.o
       922          6         12          0          0      12371   time_sync_channel.o
      1764         70          0          0          0      17970   uproto.o
      1664        116          0          0       1732       5912   usart.o
       380         46          0         12       1024      12924   usb_cdc_port.o
        84         18          0          0        732        804   usb_device.o
      1288         42          0        139          0      14625   usbd_cdc.o
       392         52          0         28       6144       7756   usbd_cdc_if.o
       618         24          0          0       1800      16928   usbd_conf.o
       932          0          0          0          0      15611   usbd_core.o
      1384         22          0          1          0      15660   usbd_ctlreq.o
       292        106          0         94        512       6421   usbd_desc.o
       132          0          0          0          0       4676   usbd_ioreq.o
       182          0          0          0          0       3859   user_lib.o
       160         26          0         28          0       2703   vofa.o
        84          8          0          0         12       1980   wattmeter_api.o
       156          6          0          0          0        890   ws2812.o
      4670        386          0         24          0      31802   yaw_pitch_direct.o

    ----------------------------------------------------------------------
     77982       4898       2472        920      44448    2163533   Object Totals
         0          0         32          0          0          0   (incl. Generated)
        98          0         10         16          6          0   (incl. Padding)

    ----------------------------------------------------------------------

      Code (inc. data)   RO Data    RW Data    ZI Data      Debug   Library Member Name

        90          0          0          0          0          0   __dczerorl2.o
         8          0          0          0          0         68   __main.o
         0          0          0          0          0          0   __rtentry.o
        12          0          0          0          0          0   __rtentry2.o
         6          0          0          0          0          0   __rtentry4.o
        52          8          0          0          0          0   __scatter.o
        28          0          0          0          0          0   __scatter_zi.o
        22          0          0          0          0        100   _rserrno.o
        18          0          0          0          0         80   exit.o
         6          0          0          0          0        152   heapauxi.o
         0          0          0          0          0          0   indicate_semi.o
         2          0          0          0          0          0   libinit.o
         6          0          0          0          0          0   libinit2.o
         2          0          0          0          0          0   libshutdown.o
         2          0          0          0          0          0   libshutdown2.o
         8          4          0          0         96         68   libspace.o
        72          0          0          0          0         76   llsdiv.o
       238          0          0          0          0        100   lludivv7m.o
        38          0          0          0          0         68   llushr.o
         8          4          0          0          0         68   rt_errno_addr_intlibspace.o
        68          0          0          0          0         68   rt_memclr.o
        78          0          0          0          0         80   rt_memclr_w.o
       138          0          0          0          0         68   rt_memcpy_v6.o
       100          0          0          0          0         80   rt_memcpy_w.o
         2          0          0          0          0          0   rtexit.o
        10          0          0          0          0          0   rtexit2.o
        12          4          0          0          0         68   sys_exit.o
        74          0          0          0          0         80   sys_stackheap_outer.o
         2          0          0          0          0         68   use_no_semi.o
        10          0          0          0          0        116   fpinit.o
         0          0          0          0          0          0   usenofp.o
       368         72          0          0          0        172   atanf.o
       336         60          0          0          0        136   cosf.o
       500         74         48          0          0        236   expf.o
        38          0          0          0          0        116   fpclassifyf.o
        84         28          0          0          0        696   funder.o
      1624        130        320          0          0        400   powf.o
       340         24         32          0          0        160   rredf.o
       404         60          0          0          0        212   sinf.o
        58          0          0          0          0        136   sqrtf.o
       236         28          0          0          0        152   tanhf.o

    ----------------------------------------------------------------------
      5110        496        400          0         96       3824   Library Totals
        10          0          0          0          0          0   (incl. Padding)

    ----------------------------------------------------------------------

      Code (inc. data)   RO Data    RW Data    ZI Data      Debug   Library Name

      1102         20          0          0         96       1292   c_wu.l
        10          0          0          0          0        116   fz_wv.l
      3988        476        400          0          0       2416   m_wv.l

    ----------------------------------------------------------------------
      5110        496        400          0         96       3824   Library Totals

    ----------------------------------------------------------------------

==============================================================================


      Code (inc. data)   RO Data    RW Data    ZI Data      Debug   

     83092       5394       2872        920      44544    2096733   Grand Totals
     83092       5394       2872        264      44544    2096733   ELF Image Totals (compressed)
     83092       5394       2872        264          0          0   ROM Totals

==============================================================================

    Total RO  Size (Code + RO Data)                85964 (  83.95kB)
    Total RW  Size (RW Data + ZI Data)             45464 (  44.40kB)
    Total ROM Size (Code + RO Data + RW Data)      86228 (  84.21kB)

==============================================================================

