<html>
<body>
<pre>
<h1>µVision Build Log</h1>
<h2>Tool Versions:</h2>
IDE-Version: ¦ÌVision V5.40.0.0
Copyright (C) 2024 ARM Ltd and ARM Germany GmbH. All rights reserved.
License Information: huang yan, A, LIC=YA39H-WBB3W-WFAI7-EIPGA-63JT5-NEMTH
 
Tool Versions:
Toolchain:       MDK-ARM Plus  Version: 5.40.0.3
Toolchain Path:  D:\Keil5\ARM\ARMCC\Bin
C Compiler:      Armcc.exe V5.06 update 5 (build 528)
Assembler:       Armasm.exe V5.06 update 5 (build 528)
Linker/Locator:  ArmLink.exe V5.06 update 5 (build 528)
Library Manager: ArmAr.exe V5.06 update 5 (build 528)
Hex Converter:   FromElf.exe V5.06 update 5 (build 528)
CPU DLL:         SARMCM3.DLL V5.40.0.3
Dialog DLL:      DCM.DLL V1.17.5.0
Target DLL:      CMSIS_AGDI.dll V1.33.18.0
Dialog DLL:      TCM.DLL V1.56.4.0
 
<h2>Project:</h2>
D:\RM\2027Ó¢ÐÛ\ÐÂÓ¢ÐÛ´úÂë\Hero\MDK-ARM\CtrlBoard-H7_WS1812.uvprojx
Project File Date:  05/24/2026

<h2>Output:</h2>
*** Using Compiler 'V5.06 update 5 (build 528)', folder: 'D:\Keil5\ARM\ARMCC\Bin'
Build target 'CtrlBoard-H7_WS1812'
compiling target_curve.c...
compiling gimbal_behaviour.c...
compiling auto_aim.c...
compiling detect_task.c...
compiling chassis_power_control.c...
..\User\APP_Support\protocol.h(27): warning:  #47-D: incompatible redefinition of macro "REF_PROTOCOL_FRAME_MAX_SIZE"  (declared at line 171 of "../User/APP_Support/project_config.h")
  #define REF_PROTOCOL_FRAME_MAX_SIZE         300
..\User\APP_Support\chassis_power_control.c: 1 warning, 0 errors
compiling chassis_behaviour.c...
compiling pm01_api.c...
compiling hwt_imu.c...
compiling chassis_calculate.c...
compiling user_lib.c...
compiling light_task.c...
compiling shoot_task.c...
compiling chassis_task.c...
compiling gimbal_task.c...
..\User\APP\gimbal_task.c(61): warning:  #550-D: variable "gimbalTaskHandle"  was set but never used
  static osThreadId gimbalTaskHandle = NULL;
..\User\APP\gimbal_task.c: 1 warning, 0 errors
compiling freertos.c...
../User/APP/chassis_task.h(14): warning:  #47-D: incompatible redefinition of macro "CHASSIS_X_CHANNEL"  (declared at line 69 of "../User/Communication/example/device/comm_app_config.h")
  #define CHASSIS_X_CHANNEL          1
../User/APP/chassis_task.h(15): warning:  #47-D: incompatible redefinition of macro "CHASSIS_Y_CHANNEL"  (declared at line 73 of "../User/Communication/example/device/comm_app_config.h")
  #define CHASSIS_Y_CHANNEL          0
../User/APP/chassis_task.h(19): warning:  #47-D: incompatible redefinition of macro "CHASSIS_VX_RC_SEN"  (declared at line 89 of "../User/Communication/example/device/comm_app_config.h")
  #define CHASSIS_VX_RC_SEN          0.004f
../User/APP/chassis_task.h(20): warning:  #47-D: incompatible redefinition of macro "CHASSIS_VY_RC_SEN"  (declared at line 93 of "../User/Communication/example/device/comm_app_config.h")
  #define CHASSIS_VY_RC_SEN          0.004f
../Core/Src/freertos.c: 4 warnings, 0 errors
compiling yaw_pitch_direct.c...
compiling main.c...
compiling comm_app.c...
../User/BSP/remote_control.h(55): warning:  #3108-D: attribute "__packed__" does not apply here
  typedef __packed  struct
..\User\Communication\example\device\comm_app.c(130): warning:  #177-D: function "now_us_fallback"  was declared but never referenced
  static uint64_t now_us_fallback(void) {
..\User\Communication\example\device\comm_app.c: 2 warnings, 0 errors
compiling gravity_comp.c...
compiling remote_control.c...
compiling bsp_usart.c...
compiling bsp_fdcan.c...
compiling gimbal_channel.c...
linking...
Program Size: Code=76444 RO-data=2804 RW-data=792 ZI-data=42712  
FromELF: creating hex file...
"CtrlBoard-H7_WS1812\CtrlBoard-H7_WS1812.axf" - 0 Error(s), 8 Warning(s).

<h2>Software Packages used:</h2>

Package Vendor: ARM
                https://www.keil.com/pack/ARM.CMSIS.6.1.0.pack
                ARM::CMSIS@6.1.0
                CMSIS (Common Microcontroller Software Interface Standard)
   * Component: CORE Version: 6.1.0

Package Vendor: Keil
                https://www.keil.com/pack/Keil.STM32H7xx_DFP.4.0.0.pack
                Keil::STM32H7xx_DFP@4.0.0
                STMicroelectronics STM32H7 Series Device Support

<h2>Collection of Component include folders:</h2>
  ./RTE/_CtrlBoard-H7_WS1812
  D:/Keil5/ARM/PACK/ARM/CMSIS/6.1.0/CMSIS/Core/Include

<h2>Collection of Component Files used:</h2>

   * Component: ARM::CMSIS:CORE@6.1.0
      Include file:  CMSIS/Core/Include/tz_context.h
Build Time Elapsed:  00:00:33
</pre>
</body>
</html>
