
CH32V003F4P.elf:     file format elf32-littleriscv
CH32V003F4P.elf
architecture: riscv:rv32, flags 0x00000112:
EXEC_P, HAS_SYMS, D_PAGED
start address 0x00000000

Program Header:
    LOAD off    0x00001000 vaddr 0x00000000 paddr 0x00000000 align 2**12
         filesz 0x00000dc0 memsz 0x00000dc0 flags r-x
    LOAD off    0x00002000 vaddr 0x20000000 paddr 0x00000dc0 align 2**12
         filesz 0x00000038 memsz 0x00000264 flags rw-
    LOAD off    0x00002700 vaddr 0x20000700 paddr 0x20000700 align 2**12
         filesz 0x00000000 memsz 0x00000100 flags rw-

Sections:
Idx Name          Size      VMA       LMA       File off  Algn
  0 .init         000000a0  00000000  00000000  00001000  2**2
                  CONTENTS, ALLOC, LOAD, READONLY, CODE
  1 .highcodelalign 00000000  000000a0  000000a0  00002038  2**0
                  CONTENTS
  2 .highcode     00000000  20000000  20000000  00002038  2**0
                  CONTENTS
  3 .text         00000d20  000000a0  000000a0  000010a0  2**2
                  CONTENTS, ALLOC, LOAD, READONLY, CODE
  4 .fini         00000000  00000dc0  00000dc0  00002038  2**0
                  CONTENTS, ALLOC, LOAD, CODE
  5 .dalign       00000000  20000000  20000000  00002038  2**0
                  CONTENTS
  6 .dlalign      00000000  00000dc0  00000dc0  00002038  2**0
                  CONTENTS
  7 .data         00000038  20000000  00000dc0  00002000  2**2
                  CONTENTS, ALLOC, LOAD, DATA
  8 .bss          0000022c  20000038  00000df8  00002038  2**2
                  ALLOC
  9 .stack        00000100  20000700  20000700  00002700  2**0
                  ALLOC
 10 .debug_info   0000a385  00000000  00000000  00002038  2**0
                  CONTENTS, READONLY, DEBUGGING
 11 .debug_abbrev 00001f69  00000000  00000000  0000c3bd  2**0
                  CONTENTS, READONLY, DEBUGGING
 12 .debug_aranges 000004f0  00000000  00000000  0000e328  2**3
                  CONTENTS, READONLY, DEBUGGING
 13 .debug_ranges 00000490  00000000  00000000  0000e818  2**3
                  CONTENTS, READONLY, DEBUGGING
 14 .debug_line   00006261  00000000  00000000  0000eca8  2**0
                  CONTENTS, READONLY, DEBUGGING
 15 .debug_str    00001bf7  00000000  00000000  00014f09  2**0
                  CONTENTS, READONLY, DEBUGGING
 16 .comment      00000033  00000000  00000000  00016b00  2**0
                  CONTENTS, READONLY
 17 .debug_frame  00000a40  00000000  00000000  00016b34  2**2
                  CONTENTS, READONLY, DEBUGGING
 18 .debug_loc    00001eaf  00000000  00000000  00017574  2**0
                  CONTENTS, READONLY, DEBUGGING
SYMBOL TABLE:
00000000 l    d  .init	00000000 .init
000000a0 l    d  .highcodelalign	00000000 .highcodelalign
20000000 l    d  .highcode	00000000 .highcode
000000a0 l    d  .text	00000000 .text
00000dc0 l    d  .fini	00000000 .fini
20000000 l    d  .dalign	00000000 .dalign
00000dc0 l    d  .dlalign	00000000 .dlalign
20000000 l    d  .data	00000000 .data
20000038 l    d  .bss	00000000 .bss
20000700 l    d  .stack	00000000 .stack
00000000 l    d  .debug_info	00000000 .debug_info
00000000 l    d  .debug_abbrev	00000000 .debug_abbrev
00000000 l    d  .debug_aranges	00000000 .debug_aranges
00000000 l    d  .debug_ranges	00000000 .debug_ranges
00000000 l    d  .debug_line	00000000 .debug_line
00000000 l    d  .debug_str	00000000 .debug_str
00000000 l    d  .comment	00000000 .comment
00000000 l    d  .debug_frame	00000000 .debug_frame
00000000 l    d  .debug_loc	00000000 .debug_loc
00000000 l    df *ABS*	00000000 ch32v00x_it.c
00000000 l    df *ABS*	00000000 main.c
00000230 l     F .text	0000001a UART_WaitTxComplete
0000024a l     F .text	0000002e UART_SendByte
00000278 l     F .text	0000001a UART_SendText
00000292 l     F .text	00000040 UART_SendFrame
000002d2 l     F .text	00000024 UART_SendAckFrame
000002f6 l     F .text	0000004c WS2812_PlayBootFlow
00000342 l     F .text	00000048 UART_SendRunFrame
20000038 l     O .bss	00000004 g_app_mode
2000003c l     O .bss	00000001 g_boot_step
20000040 l     O .bss	00000004 g_boot_tick_ms
20000044 l     O .bss	00000004 g_report_tick_ms
20000048 l     O .bss	00000080 g_uart_rx_buf
200000c8 l     O .bss	00000001 g_uart_rx_head
200000c9 l     O .bss	00000001 g_uart_rx_tail
00000dac l     O .text	00000012 palette.4158
00000000 l    df *ABS*	00000000 system_ch32v00x.c
00000000 l    df *ABS*	00000000 ws2812.c
000006fe l     F .text	0000002a WS2812_EncodeByte
200000cc l     O .bss	0000001e g_led_buffer
200000ec l     O .bss	00000170 g_spi_tx_buffer
00000000 l    df *ABS*	00000000 ch32v00x_gpio.c
00000000 l    df *ABS*	00000000 ch32v00x_misc.c
00000000 l    df *ABS*	00000000 ch32v00x_rcc.c
20000014 l     O .data	00000014 ADCPrescTable
20000028 l     O .data	00000010 APBAHBPrescTable
00000000 l    df *ABS*	00000000 ch32v00x_spi.c
00000000 l    df *ABS*	00000000 ch32v00x_usart.c
00000000 l    df *ABS*	00000000 debug.c
20000260 l     O .bss	00000002 p_ms
20000262 l     O .bss	00000001 p_us
000007be g     F .text	0000009c WS2812_Refresh
20000838 g       .data	00000000 __global_pointer$
000008d6  w      .text	00000000 TIM1_CC_IRQHandler
00000b8a g     F .text	00000004 SPI_I2S_SendData
000001f4 g     F .text	00000010 HardFault_Handler
000008d6  w      .text	00000000 SysTick_Handler
00000a0a g     F .text	00000062 NVIC_Init
000008d6  w      .text	00000000 PVD_IRQHandler
000001f2 g     F .text	00000002 NMI_Handler
00000cc0 g     F .text	0000000a USART_GetFlagStatus
20000038 g       .bss	00000000 _sbss
00000100 g       *ABS*	00000000 __stack_size
000000aa g     F .text	0000000a .hidden __riscv_restore_2
20000010 g     O .data	00000004 SystemCoreClock
00000cb8 g     F .text	00000008 USART_ReceiveData
000000d4 g     F .text	0000002c .hidden __udivsi3
000000a0 g       .init	00000000 _einit
00000b20 g     F .text	0000001e RCC_APB2PeriphClockCmd
00000988 g     F .text	0000007c GPIO_Init
2000025c g     O .bss	00000004 NVIC_Priority_Group
000008d6  w      .text	00000000 SPI1_IRQHandler
00000c64 g     F .text	00000016 USART_Cmd
000000a0 g     F .text	0000000a .hidden __riscv_save_1
0000075e g     F .text	00000030 WS2812_SetFromRgbBuffer
000000aa g     F .text	0000000a .hidden __riscv_restore_0
000008d6  w      .text	00000000 AWU_IRQHandler
000008d6  w      .text	00000000 EXTI7_0_IRQHandler
20000700 g       .stack	00000000 _heap_end
00000b8e g     F .text	0000000a SPI_I2S_GetFlagStatus
000008d6  w      .text	00000000 DMA1_Channel4_IRQHandler
000008d6  w      .text	00000000 ADC1_IRQHandler
20000264 g       .bss	00000000 _ebss
00000cca g     F .text	0000003c USART_GetITStatus
000008d6  w      .text	00000000 DMA1_Channel7_IRQHandler
00000d06 g     F .text	00000034 Delay_Init
00000100 g     F .text	00000008 .hidden __umodsi3
000008d6  w      .text	00000000 I2C1_EV_IRQHandler
00000a7e g     F .text	000000a2 RCC_GetClocksFreq
000008d6  w      .text	00000000 DMA1_Channel6_IRQHandler
00000b98 g     F .text	000000cc USART_Init
000008d6  w      .text	00000000 RCC_IRQHandler
000008d6  w      .text	00000000 TIM1_TRG_COM_IRQHandler
000008d6  w      .text	00000000 DMA1_Channel1_IRQHandler
00000000 g       .init	00000000 _start
20000000 g     O .data	00000010 AHBPrescTable
00000c7a g     F .text	00000036 USART_ITConfig
20000000 g       .highcode	00000000 _highcode_vma_start
000000b4 g     F .text	00000014 .hidden __mulsi3
00000744 g     F .text	0000001a WS2812_SetPixel
20000000 g       .dalign	00000000 _data_vma
00000728 g     F .text	0000001c WS2812_Clear
0000085a g     F .text	0000007c WS2812_Init
0000078e g     F .text	00000030 WS2812_CopyRgbBuffer
0000014a g     F .text	000000a8 memset
00000a6c g     F .text	00000012 RCC_AdjustHSICalibrationValue
000003ac g     F .text	0000020a main
000008d6  w      .text	00000000 DMA1_Channel5_IRQHandler
000000cc g     F .text	00000058 .hidden __divsi3
00000d3a g     F .text	0000003a Delay_Ms
00000b70 g     F .text	0000001a SPI_Cmd
000000a0 g       .highcodelalign	00000000 _highcode_lma
000005b6 g     F .text	000000e0 SystemInit
00000000 g       .init	00000000 _sinit
000008d6  w      .text	00000000 DMA1_Channel3_IRQHandler
000008d6  w      .text	00000000 TIM1_UP_IRQHandler
000008d6  w      .text	00000000 WWDG_IRQHandler
000008d6  w      .text	00000000 TIM2_IRQHandler
20000800 g       .stack	00000000 _eusrstack
000000a0 g     F .text	0000000a .hidden __riscv_save_2
000008d6  w      .text	00000000 SW_Handler
000008d6  w      .text	00000000 TIM1_BRK_IRQHandler
00000cb0 g     F .text	00000008 USART_SendData
20000038 g       .data	00000000 _edata
0000038a g     F .text	00000022 UART_RxPush
20000264 g       .bss	00000000 _end
20000000 g       .highcode	00000000 _highcode_vma_end
00000dc0 g       .dlalign	00000000 _data_lma
00000696 g     F .text	00000068 SystemCoreClockUpdate
00000124 g     F .text	00000024 .hidden __modsi3
000008d6  w      .text	00000000 DMA1_Channel2_IRQHandler
000008d8  w      .text	00000000 handle_reset
000008d6  w      .text	00000000 FLASH_IRQHandler
000000a0 g     F .text	0000000a .hidden __riscv_save_0
00000204 g     F .text	0000002c USART1_IRQHandler
000008d6  w      .text	00000000 I2C1_ER_IRQHandler
00000b3e g     F .text	00000032 SPI_Init
00000a04 g     F .text	00000006 NVIC_PriorityGroupConfig
000000aa g     F .text	0000000a .hidden __riscv_restore_1



Disassembly of section .init:

00000000 <_sinit>:
   0:	0d90006f          	j	8d8 <handle_reset>
   4:	0000                	unimp
   6:	0000                	unimp
   8:	01f2                	slli	gp,gp,0x1c
   a:	0000                	unimp
   c:	01f4                	addi	a3,sp,204
	...
  2e:	0000                	unimp
  30:	08d6                	slli	a7,a7,0x15
  32:	0000                	unimp
  34:	0000                	unimp
  36:	0000                	unimp
  38:	08d6                	slli	a7,a7,0x15
  3a:	0000                	unimp
  3c:	0000                	unimp
  3e:	0000                	unimp
  40:	08d6                	slli	a7,a7,0x15
  42:	0000                	unimp
  44:	08d6                	slli	a7,a7,0x15
  46:	0000                	unimp
  48:	08d6                	slli	a7,a7,0x15
  4a:	0000                	unimp
  4c:	08d6                	slli	a7,a7,0x15
  4e:	0000                	unimp
  50:	08d6                	slli	a7,a7,0x15
  52:	0000                	unimp
  54:	08d6                	slli	a7,a7,0x15
  56:	0000                	unimp
  58:	08d6                	slli	a7,a7,0x15
  5a:	0000                	unimp
  5c:	08d6                	slli	a7,a7,0x15
  5e:	0000                	unimp
  60:	08d6                	slli	a7,a7,0x15
  62:	0000                	unimp
  64:	08d6                	slli	a7,a7,0x15
  66:	0000                	unimp
  68:	08d6                	slli	a7,a7,0x15
  6a:	0000                	unimp
  6c:	08d6                	slli	a7,a7,0x15
  6e:	0000                	unimp
  70:	08d6                	slli	a7,a7,0x15
  72:	0000                	unimp
  74:	08d6                	slli	a7,a7,0x15
  76:	0000                	unimp
  78:	08d6                	slli	a7,a7,0x15
  7a:	0000                	unimp
  7c:	08d6                	slli	a7,a7,0x15
  7e:	0000                	unimp
  80:	0204                	addi	s1,sp,256
  82:	0000                	unimp
  84:	08d6                	slli	a7,a7,0x15
  86:	0000                	unimp
  88:	08d6                	slli	a7,a7,0x15
  8a:	0000                	unimp
  8c:	08d6                	slli	a7,a7,0x15
  8e:	0000                	unimp
  90:	08d6                	slli	a7,a7,0x15
  92:	0000                	unimp
  94:	08d6                	slli	a7,a7,0x15
  96:	0000                	unimp
  98:	08d6                	slli	a7,a7,0x15
  9a:	0000                	unimp
  9c:	0000                	unimp
	...

Disassembly of section .text:

000000a0 <__riscv_save_0>:
  a0:	1151                	addi	sp,sp,-12
  a2:	c026                	sw	s1,0(sp)
  a4:	c222                	sw	s0,4(sp)
  a6:	c406                	sw	ra,8(sp)
  a8:	8282                	jr	t0

000000aa <__riscv_restore_0>:
  aa:	4482                	lw	s1,0(sp)
  ac:	4412                	lw	s0,4(sp)
  ae:	40a2                	lw	ra,8(sp)
  b0:	0131                	addi	sp,sp,12
  b2:	8082                	ret

000000b4 <__mulsi3>:
  b4:	862a                	mv	a2,a0
  b6:	4501                	li	a0,0
  b8:	0015f693          	andi	a3,a1,1
  bc:	c291                	beqz	a3,c0 <__mulsi3+0xc>
  be:	9532                	add	a0,a0,a2
  c0:	8185                	srli	a1,a1,0x1
  c2:	0606                	slli	a2,a2,0x1
  c4:	f9f5                	bnez	a1,b8 <__mulsi3+0x4>
  c6:	8082                	ret
  c8:	0000                	unimp
	...

000000cc <__divsi3>:
  cc:	02054e63          	bltz	a0,108 <__umodsi3+0x8>
  d0:	0405c363          	bltz	a1,116 <__umodsi3+0x16>

000000d4 <__udivsi3>:
  d4:	862e                	mv	a2,a1
  d6:	85aa                	mv	a1,a0
  d8:	557d                	li	a0,-1
  da:	c215                	beqz	a2,fe <__udivsi3+0x2a>
  dc:	4685                	li	a3,1
  de:	00b67863          	bgeu	a2,a1,ee <__udivsi3+0x1a>
  e2:	00c05663          	blez	a2,ee <__udivsi3+0x1a>
  e6:	0606                	slli	a2,a2,0x1
  e8:	0686                	slli	a3,a3,0x1
  ea:	feb66ce3          	bltu	a2,a1,e2 <__udivsi3+0xe>
  ee:	4501                	li	a0,0
  f0:	00c5e463          	bltu	a1,a2,f8 <__udivsi3+0x24>
  f4:	8d91                	sub	a1,a1,a2
  f6:	8d55                	or	a0,a0,a3
  f8:	8285                	srli	a3,a3,0x1
  fa:	8205                	srli	a2,a2,0x1
  fc:	faf5                	bnez	a3,f0 <__udivsi3+0x1c>
  fe:	8082                	ret

00000100 <__umodsi3>:
 100:	8286                	mv	t0,ra
 102:	3fc9                	jal	d4 <__udivsi3>
 104:	852e                	mv	a0,a1
 106:	8282                	jr	t0
 108:	40a00533          	neg	a0,a0
 10c:	0005d763          	bgez	a1,11a <__umodsi3+0x1a>
 110:	40b005b3          	neg	a1,a1
 114:	b7c1                	j	d4 <__udivsi3>
 116:	40b005b3          	neg	a1,a1
 11a:	8286                	mv	t0,ra
 11c:	3f65                	jal	d4 <__udivsi3>
 11e:	40a00533          	neg	a0,a0
 122:	8282                	jr	t0

00000124 <__modsi3>:
 124:	8286                	mv	t0,ra
 126:	0005c763          	bltz	a1,134 <__modsi3+0x10>
 12a:	00054963          	bltz	a0,13c <__modsi3+0x18>
 12e:	375d                	jal	d4 <__udivsi3>
 130:	852e                	mv	a0,a1
 132:	8282                	jr	t0
 134:	40b005b3          	neg	a1,a1
 138:	fe055be3          	bgez	a0,12e <__modsi3+0xa>
 13c:	40a00533          	neg	a0,a0
 140:	3f51                	jal	d4 <__udivsi3>
 142:	40b00533          	neg	a0,a1
 146:	8282                	jr	t0
	...

0000014a <memset>:
 14a:	433d                	li	t1,15
 14c:	872a                	mv	a4,a0
 14e:	02c37363          	bgeu	t1,a2,174 <memset+0x2a>
 152:	00f77793          	andi	a5,a4,15
 156:	efbd                	bnez	a5,1d4 <memset+0x8a>
 158:	e5ad                	bnez	a1,1c2 <memset+0x78>
 15a:	ff067693          	andi	a3,a2,-16
 15e:	8a3d                	andi	a2,a2,15
 160:	96ba                	add	a3,a3,a4
 162:	c30c                	sw	a1,0(a4)
 164:	c34c                	sw	a1,4(a4)
 166:	c70c                	sw	a1,8(a4)
 168:	c74c                	sw	a1,12(a4)
 16a:	0741                	addi	a4,a4,16
 16c:	fed76be3          	bltu	a4,a3,162 <memset+0x18>
 170:	e211                	bnez	a2,174 <memset+0x2a>
 172:	8082                	ret
 174:	40c306b3          	sub	a3,t1,a2
 178:	068a                	slli	a3,a3,0x2
 17a:	00000297          	auipc	t0,0x0
 17e:	9696                	add	a3,a3,t0
 180:	00a68067          	jr	10(a3)
 184:	00b70723          	sb	a1,14(a4)
 188:	00b706a3          	sb	a1,13(a4)
 18c:	00b70623          	sb	a1,12(a4)
 190:	00b705a3          	sb	a1,11(a4)
 194:	00b70523          	sb	a1,10(a4)
 198:	00b704a3          	sb	a1,9(a4)
 19c:	00b70423          	sb	a1,8(a4)
 1a0:	00b703a3          	sb	a1,7(a4)
 1a4:	00b70323          	sb	a1,6(a4)
 1a8:	00b702a3          	sb	a1,5(a4)
 1ac:	00b70223          	sb	a1,4(a4)
 1b0:	00b701a3          	sb	a1,3(a4)
 1b4:	00b70123          	sb	a1,2(a4)
 1b8:	00b700a3          	sb	a1,1(a4)
 1bc:	00b70023          	sb	a1,0(a4)
 1c0:	8082                	ret
 1c2:	0ff5f593          	andi	a1,a1,255
 1c6:	00859693          	slli	a3,a1,0x8
 1ca:	8dd5                	or	a1,a1,a3
 1cc:	01059693          	slli	a3,a1,0x10
 1d0:	8dd5                	or	a1,a1,a3
 1d2:	b761                	j	15a <memset+0x10>
 1d4:	00279693          	slli	a3,a5,0x2
 1d8:	00000297          	auipc	t0,0x0
 1dc:	9696                	add	a3,a3,t0
 1de:	8286                	mv	t0,ra
 1e0:	fa8680e7          	jalr	-88(a3)
 1e4:	8096                	mv	ra,t0
 1e6:	17c1                	addi	a5,a5,-16
 1e8:	8f1d                	sub	a4,a4,a5
 1ea:	963e                	add	a2,a2,a5
 1ec:	f8c374e3          	bgeu	t1,a2,174 <memset+0x2a>
 1f0:	b7a5                	j	158 <memset+0xe>

000001f2 <NMI_Handler>:
 1f2:	a001                	j	1f2 <NMI_Handler>

000001f4 <HardFault_Handler>:
 1f4:	beef07b7          	lui	a5,0xbeef0
 1f8:	e000e737          	lui	a4,0xe000e
 1fc:	08078793          	addi	a5,a5,128 # beef0080 <__global_pointer$+0x9eeef848>
 200:	c73c                	sw	a5,72(a4)
 202:	a001                	j	202 <HardFault_Handler+0xe>

00000204 <USART1_IRQHandler>:
 204:	1171                	addi	sp,sp,-4
 206:	c022                	sw	s0,0(sp)
 208:	40014437          	lui	s0,0x40014
 20c:	52500593          	li	a1,1317
 210:	80040513          	addi	a0,s0,-2048 # 40013800 <__global_pointer$+0x20012fc8>
 214:	2b7000ef          	jal	ra,cca <USART_GetITStatus>
 218:	c901                	beqz	a0,228 <USART1_IRQHandler+0x24>
 21a:	80040513          	addi	a0,s0,-2048
 21e:	29b000ef          	jal	ra,cb8 <USART_ReceiveData>
 222:	0ff57513          	andi	a0,a0,255
 226:	2295                	jal	38a <UART_RxPush>
 228:	4402                	lw	s0,0(sp)
 22a:	0111                	addi	sp,sp,4
 22c:	30200073          	mret

00000230 <UART_WaitTxComplete>:
 230:	e71ff2ef          	jal	t0,a0 <__riscv_save_0>
 234:	40014437          	lui	s0,0x40014
 238:	80040413          	addi	s0,s0,-2048 # 40013800 <__global_pointer$+0x20012fc8>
 23c:	04000593          	li	a1,64
 240:	8522                	mv	a0,s0
 242:	27f000ef          	jal	ra,cc0 <USART_GetFlagStatus>
 246:	d97d                	beqz	a0,23c <UART_WaitTxComplete+0xc>
 248:	b58d                	j	aa <__riscv_restore_0>

0000024a <UART_SendByte>:
 24a:	e57ff2ef          	jal	t0,a0 <__riscv_save_0>
 24e:	40014437          	lui	s0,0x40014
 252:	84aa                	mv	s1,a0
 254:	80040793          	addi	a5,s0,-2048 # 40013800 <__global_pointer$+0x20012fc8>
 258:	853e                	mv	a0,a5
 25a:	08000593          	li	a1,128
 25e:	263000ef          	jal	ra,cc0 <USART_GetFlagStatus>
 262:	400147b7          	lui	a5,0x40014
 266:	80078793          	addi	a5,a5,-2048 # 40013800 <__global_pointer$+0x20012fc8>
 26a:	d57d                	beqz	a0,258 <UART_SendByte+0xe>
 26c:	85a6                	mv	a1,s1
 26e:	80040513          	addi	a0,s0,-2048
 272:	23f000ef          	jal	ra,cb0 <USART_SendData>
 276:	bd15                	j	aa <__riscv_restore_0>

00000278 <UART_SendText>:
 278:	e29ff2ef          	jal	t0,a0 <__riscv_save_0>
 27c:	842a                	mv	s0,a0
 27e:	00040503          	lb	a0,0(s0)
 282:	c511                	beqz	a0,28e <UART_SendText+0x16>
 284:	0ff57513          	andi	a0,a0,255
 288:	0405                	addi	s0,s0,1
 28a:	37c1                	jal	24a <UART_SendByte>
 28c:	f86d                	bnez	s0,27e <UART_SendText+0x6>
 28e:	374d                	jal	230 <UART_WaitTxComplete>
 290:	bd29                	j	aa <__riscv_restore_0>

00000292 <UART_SendFrame>:
 292:	e0fff2ef          	jal	t0,a0 <__riscv_save_0>
 296:	1171                	addi	sp,sp,-4
 298:	c02a                	sw	a0,0(sp)
 29a:	0aa00513          	li	a0,170
 29e:	84b2                	mv	s1,a2
 2a0:	842e                	mv	s0,a1
 2a2:	3765                	jal	24a <UART_SendByte>
 2a4:	05500513          	li	a0,85
 2a8:	374d                	jal	24a <UART_SendByte>
 2aa:	4782                	lw	a5,0(sp)
 2ac:	853e                	mv	a0,a5
 2ae:	3f71                	jal	24a <UART_SendByte>
 2b0:	8526                	mv	a0,s1
 2b2:	3f61                	jal	24a <UART_SendByte>
 2b4:	94a2                	add	s1,s1,s0
 2b6:	2008                	lbu	a0,0(s0)
 2b8:	0405                	addi	s0,s0,1
 2ba:	3f41                	jal	24a <UART_SendByte>
 2bc:	fe849de3          	bne	s1,s0,2b6 <UART_SendFrame+0x24>
 2c0:	05500513          	li	a0,85
 2c4:	3759                	jal	24a <UART_SendByte>
 2c6:	0aa00513          	li	a0,170
 2ca:	3741                	jal	24a <UART_SendByte>
 2cc:	3795                	jal	230 <UART_WaitTxComplete>
 2ce:	0111                	addi	sp,sp,4
 2d0:	bbe9                	j	aa <__riscv_restore_0>

000002d2 <UART_SendAckFrame>:
 2d2:	dcfff2ef          	jal	t0,a0 <__riscv_save_0>
 2d6:	200007b7          	lui	a5,0x20000
 2da:	0387a783          	lw	a5,56(a5) # 20000038 <_edata>
 2de:	1171                	addi	sp,sp,-4
 2e0:	8048                	sb	a0,0(sp)
 2e2:	80dc                	sb	a5,1(sp)
 2e4:	858a                	mv	a1,sp
 2e6:	47f9                	li	a5,30
 2e8:	460d                	li	a2,3
 2ea:	08100513          	li	a0,129
 2ee:	815c                	sb	a5,2(sp)
 2f0:	374d                	jal	292 <UART_SendFrame>
 2f2:	0111                	addi	sp,sp,4
 2f4:	bb5d                	j	aa <__riscv_restore_0>

000002f6 <WS2812_PlayBootFlow>:
 2f6:	dabff2ef          	jal	t0,a0 <__riscv_save_0>
 2fa:	6405                	lui	s0,0x1
 2fc:	1171                	addi	sp,sp,-4
 2fe:	4701                	li	a4,0
 300:	dac40413          	addi	s0,s0,-596 # dac <palette.4158>
 304:	200004b7          	lui	s1,0x20000
 308:	03c48493          	addi	s1,s1,60 # 2000003c <g_boot_step>
 30c:	2088                	lbu	a0,0(s1)
 30e:	4599                	li	a1,6
 310:	c03a                	sw	a4,0(sp)
 312:	953a                	add	a0,a0,a4
 314:	3d01                	jal	124 <__modsi3>
 316:	00151793          	slli	a5,a0,0x1
 31a:	953e                	add	a0,a0,a5
 31c:	9522                	add	a0,a0,s0
 31e:	4702                	lw	a4,0(sp)
 320:	2134                	lbu	a3,2(a0)
 322:	2110                	lbu	a2,0(a0)
 324:	310c                	lbu	a1,1(a0)
 326:	0ff77513          	andi	a0,a4,255
 32a:	2929                	jal	744 <WS2812_SetPixel>
 32c:	4702                	lw	a4,0(sp)
 32e:	47a9                	li	a5,10
 330:	0705                	addi	a4,a4,1
 332:	fcf719e3          	bne	a4,a5,304 <WS2812_PlayBootFlow+0xe>
 336:	2161                	jal	7be <WS2812_Refresh>
 338:	209c                	lbu	a5,0(s1)
 33a:	0785                	addi	a5,a5,1
 33c:	a09c                	sb	a5,0(s1)
 33e:	0111                	addi	sp,sp,4
 340:	b3ad                	j	aa <__riscv_restore_0>

00000342 <UART_SendRunFrame>:
 342:	d5fff2ef          	jal	t0,a0 <__riscv_save_0>
 346:	200007b7          	lui	a5,0x20000
 34a:	200006b7          	lui	a3,0x20000
 34e:	0107d703          	lhu	a4,16(a5) # 20000010 <SystemCoreClock>
 352:	0386a683          	lw	a3,56(a3) # 20000038 <_edata>
 356:	0107a783          	lw	a5,16(a5)
 35a:	fdc10113          	addi	sp,sp,-36
 35e:	8054                	sb	a3,0(sp)
 360:	8178                	sh	a4,2(sp)
 362:	46a9                	li	a3,10
 364:	0107d713          	srli	a4,a5,0x10
 368:	00610513          	addi	a0,sp,6
 36c:	83e1                	srli	a5,a5,0x18
 36e:	45f9                	li	a1,30
 370:	80d4                	sb	a3,1(sp)
 372:	8258                	sb	a4,4(sp)
 374:	82dc                	sb	a5,5(sp)
 376:	2921                	jal	78e <WS2812_CopyRgbBuffer>
 378:	858a                	mv	a1,sp
 37a:	02400613          	li	a2,36
 37e:	08200513          	li	a0,130
 382:	3f01                	jal	292 <UART_SendFrame>
 384:	02410113          	addi	sp,sp,36
 388:	b30d                	j	aa <__riscv_restore_0>

0000038a <UART_RxPush>:
 38a:	89018713          	addi	a4,gp,-1904 # 200000c8 <g_uart_rx_head>
 38e:	231c                	lbu	a5,0(a4)
 390:	8911c683          	lbu	a3,-1903(gp) # 200000c9 <g_uart_rx_tail>
 394:	0785                	addi	a5,a5,1
 396:	07f7f793          	andi	a5,a5,127
 39a:	00d78863          	beq	a5,a3,3aa <UART_RxPush+0x20>
 39e:	2310                	lbu	a2,0(a4)
 3a0:	81018693          	addi	a3,gp,-2032 # 20000048 <g_uart_rx_buf>
 3a4:	96b2                	add	a3,a3,a2
 3a6:	a288                	sb	a0,0(a3)
 3a8:	a31c                	sb	a5,0(a4)
 3aa:	8082                	ret

000003ac <main>:
 3ac:	cf5ff2ef          	jal	t0,a0 <__riscv_save_0>
 3b0:	fb810113          	addi	sp,sp,-72
 3b4:	4679                	li	a2,30
 3b6:	4581                	li	a1,0
 3b8:	1028                	addi	a0,sp,40
 3ba:	3b41                	jal	14a <memset>
 3bc:	4505                	li	a0,1
 3be:	2599                	jal	a04 <NVIC_PriorityGroupConfig>
 3c0:	2cd9                	jal	696 <SystemCoreClockUpdate>
 3c2:	145000ef          	jal	ra,d06 <Delay_Init>
 3c6:	4585                	li	a1,1
 3c8:	6511                	lui	a0,0x4
 3ca:	cc02                	sw	zero,24(sp)
 3cc:	ce02                	sw	zero,28(sp)
 3ce:	d002                	sw	zero,32(sp)
 3d0:	d202                	sw	zero,36(sp)
 3d2:	c202                	sw	zero,4(sp)
 3d4:	c402                	sw	zero,8(sp)
 3d6:	74a000ef          	jal	ra,b20 <RCC_APB2PeriphClockCmd>
 3da:	4585                	li	a1,1
 3dc:	02100513          	li	a0,33
 3e0:	c602                	sw	zero,12(sp)
 3e2:	c802                	sw	zero,16(sp)
 3e4:	ca02                	sw	zero,20(sp)
 3e6:	73a000ef          	jal	ra,b20 <RCC_APB2PeriphClockCmd>
 3ea:	04000793          	li	a5,64
 3ee:	40011437          	lui	s0,0x40011
 3f2:	867c                	sh	a5,12(sp)
 3f4:	478d                	li	a5,3
 3f6:	40040513          	addi	a0,s0,1024 # 40011400 <__global_pointer$+0x20010bc8>
 3fa:	c83e                	sw	a5,16(sp)
 3fc:	006c                	addi	a1,sp,12
 3fe:	4791                	li	a5,4
 400:	ca3e                	sw	a5,20(sp)
 402:	2359                	jal	988 <GPIO_Init>
 404:	02000793          	li	a5,32
 408:	40040513          	addi	a0,s0,1024
 40c:	867c                	sh	a5,12(sp)
 40e:	006c                	addi	a1,sp,12
 410:	47e1                	li	a5,24
 412:	ca3e                	sw	a5,20(sp)
 414:	2b95                	jal	988 <GPIO_Init>
 416:	67f1                	lui	a5,0x1c
 418:	40014437          	lui	s0,0x40014
 41c:	20078793          	addi	a5,a5,512 # 1c200 <_data_lma+0x1b440>
 420:	80040513          	addi	a0,s0,-2048 # 40013800 <__global_pointer$+0x20012fc8>
 424:	cc3e                	sw	a5,24(sp)
 426:	082c                	addi	a1,sp,24
 428:	000c07b7          	lui	a5,0xc0
 42c:	d03e                	sw	a5,32(sp)
 42e:	ce02                	sw	zero,28(sp)
 430:	02011223          	sh	zero,36(sp)
 434:	764000ef          	jal	ra,b98 <USART_Init>
 438:	4605                	li	a2,1
 43a:	52500593          	li	a1,1317
 43e:	80040513          	addi	a0,s0,-2048
 442:	039000ef          	jal	ra,c7a <USART_ITConfig>
 446:	12000793          	li	a5,288
 44a:	827c                	sh	a5,4(sp)
 44c:	0048                	addi	a0,sp,4
 44e:	4785                	li	a5,1
 450:	c43e                	sw	a5,8(sp)
 452:	00010323          	sb	zero,6(sp)
 456:	2b55                	jal	a0a <NVIC_Init>
 458:	4585                	li	a1,1
 45a:	80040513          	addi	a0,s0,-2048
 45e:	007000ef          	jal	ra,c64 <USART_Cmd>
 462:	2ee5                	jal	85a <WS2812_Init>
 464:	00001537          	lui	a0,0x1
 468:	d8850513          	addi	a0,a0,-632 # d88 <Delay_Ms+0x4e>
 46c:	3531                	jal	278 <UART_SendText>
 46e:	4401                	li	s0,0
 470:	3559                	jal	2f6 <WS2812_PlayBootFlow>
 472:	4481                	li	s1,0
 474:	35f9                	jal	342 <UART_SendRunFrame>
 476:	400147b7          	lui	a5,0x40014
 47a:	80078513          	addi	a0,a5,-2048 # 40013800 <__global_pointer$+0x20012fc8>
 47e:	02000593          	li	a1,32
 482:	03f000ef          	jal	ra,cc0 <USART_GetFlagStatus>
 486:	400147b7          	lui	a5,0x40014
 48a:	e131                	bnez	a0,4ce <main+0x122>
 48c:	89018793          	addi	a5,gp,-1904 # 200000c8 <g_uart_rx_head>
 490:	89118693          	addi	a3,gp,-1903 # 200000c9 <g_uart_rx_tail>
 494:	2390                	lbu	a2,0(a5)
 496:	229c                	lbu	a5,0(a3)
 498:	0ff7f793          	andi	a5,a5,255
 49c:	0cc78863          	beq	a5,a2,56c <main+0x1c0>
 4a0:	2290                	lbu	a2,0(a3)
 4a2:	81018793          	addi	a5,gp,-2032 # 20000048 <g_uart_rx_buf>
 4a6:	97b2                	add	a5,a5,a2
 4a8:	239c                	lbu	a5,0(a5)
 4aa:	2290                	lbu	a2,0(a3)
 4ac:	0ff7f793          	andi	a5,a5,255
 4b0:	0605                	addi	a2,a2,1
 4b2:	07f67613          	andi	a2,a2,127
 4b6:	a290                	sb	a2,0(a3)
 4b8:	4691                	li	a3,4
 4ba:	0886ed63          	bltu	a3,s0,554 <main+0x1a8>
 4be:	6605                	lui	a2,0x1
 4c0:	00241693          	slli	a3,s0,0x2
 4c4:	d7460613          	addi	a2,a2,-652 # d74 <Delay_Ms+0x3a>
 4c8:	96b2                	add	a3,a3,a2
 4ca:	4294                	lw	a3,0(a3)
 4cc:	8682                	jr	a3
 4ce:	80078513          	addi	a0,a5,-2048 # 40013800 <__global_pointer$+0x20012fc8>
 4d2:	7e6000ef          	jal	ra,cb8 <USART_ReceiveData>
 4d6:	0ff57793          	andi	a5,a0,255
 4da:	853e                	mv	a0,a5
 4dc:	c03e                	sw	a5,0(sp)
 4de:	33b5                	jal	24a <UART_SendByte>
 4e0:	4782                	lw	a5,0(sp)
 4e2:	853e                	mv	a0,a5
 4e4:	355d                	jal	38a <UART_RxPush>
 4e6:	bf41                	j	476 <main+0xca>
 4e8:	05500713          	li	a4,85
 4ec:	06e78e63          	beq	a5,a4,568 <main+0x1bc>
 4f0:	f5678793          	addi	a5,a5,-170
 4f4:	0017b413          	seqz	s0,a5
 4f8:	bf51                	j	48c <main+0xe0>
 4fa:	00b8                	addi	a4,sp,72
 4fc:	00148693          	addi	a3,s1,1
 500:	94ba                	add	s1,s1,a4
 502:	fef48023          	sb	a5,-32(s1)
 506:	47f5                	li	a5,29
 508:	0ff6f493          	andi	s1,a3,255
 50c:	f897f0e3          	bgeu	a5,s1,48c <main+0xe0>
 510:	440d                	li	s0,3
 512:	bfad                	j	48c <main+0xe0>
 514:	05500693          	li	a3,85
 518:	4411                	li	s0,4
 51a:	f6d789e3          	beq	a5,a3,48c <main+0xe0>
 51e:	f5678793          	addi	a5,a5,-170
 522:	0017b413          	seqz	s0,a5
 526:	4481                	li	s1,0
 528:	b795                	j	48c <main+0xe0>
 52a:	0aa00713          	li	a4,170
 52e:	02e79563          	bne	a5,a4,558 <main+0x1ac>
 532:	200007b7          	lui	a5,0x20000
 536:	4705                	li	a4,1
 538:	45f9                	li	a1,30
 53a:	1028                	addi	a0,sp,40
 53c:	02e7ac23          	sw	a4,56(a5) # 20000038 <_edata>
 540:	2c39                	jal	75e <WS2812_SetFromRgbBuffer>
 542:	2cb5                	jal	7be <WS2812_Refresh>
 544:	00001537          	lui	a0,0x1
 548:	d9850513          	addi	a0,a0,-616 # d98 <Delay_Ms+0x5e>
 54c:	3335                	jal	278 <UART_SendText>
 54e:	4501                	li	a0,0
 550:	3349                	jal	2d2 <UART_SendAckFrame>
 552:	3bc5                	jal	342 <UART_SendRunFrame>
 554:	4401                	li	s0,0
 556:	bfc1                	j	526 <main+0x17a>
 558:	00001537          	lui	a0,0x1
 55c:	da050513          	addi	a0,a0,-608 # da0 <Delay_Ms+0x66>
 560:	3b21                	jal	278 <UART_SendText>
 562:	4505                	li	a0,1
 564:	33bd                	jal	2d2 <UART_SendAckFrame>
 566:	b7fd                	j	554 <main+0x1a8>
 568:	4409                	li	s0,2
 56a:	bf75                	j	526 <main+0x17a>
 56c:	4505                	li	a0,1
 56e:	7cc000ef          	jal	ra,d3a <Delay_Ms>
 572:	80c18613          	addi	a2,gp,-2036 # 20000044 <g_report_tick_ms>
 576:	4214                	lw	a3,0(a2)
 578:	200005b7          	lui	a1,0x20000
 57c:	0385a583          	lw	a1,56(a1) # 20000038 <_edata>
 580:	0685                	addi	a3,a3,1
 582:	c214                	sw	a3,0(a2)
 584:	80818693          	addi	a3,gp,-2040 # 20000040 <g_boot_tick_ms>
 588:	4290                	lw	a2,0(a3)
 58a:	80c18793          	addi	a5,gp,-2036 # 20000044 <g_report_tick_ms>
 58e:	0605                	addi	a2,a2,1
 590:	c290                	sw	a2,0(a3)
 592:	e991                	bnez	a1,5a6 <main+0x1fa>
 594:	06300593          	li	a1,99
 598:	00c5f763          	bgeu	a1,a2,5a6 <main+0x1fa>
 59c:	0006a023          	sw	zero,0(a3)
 5a0:	3b99                	jal	2f6 <WS2812_PlayBootFlow>
 5a2:	80c18793          	addi	a5,gp,-2036 # 20000044 <g_report_tick_ms>
 5a6:	4390                	lw	a2,0(a5)
 5a8:	46cd                	li	a3,19
 5aa:	ecc6f6e3          	bgeu	a3,a2,476 <main+0xca>
 5ae:	0007a023          	sw	zero,0(a5)
 5b2:	3b41                	jal	342 <UART_SendRunFrame>
 5b4:	b5c9                	j	476 <main+0xca>

000005b6 <SystemInit>:
 5b6:	aebff2ef          	jal	t0,a0 <__riscv_save_0>
 5ba:	40021437          	lui	s0,0x40021
 5be:	401c                	lw	a5,0(s0)
 5c0:	f8ff0737          	lui	a4,0xf8ff0
 5c4:	4541                	li	a0,16
 5c6:	0017e793          	ori	a5,a5,1
 5ca:	c01c                	sw	a5,0(s0)
 5cc:	405c                	lw	a5,4(s0)
 5ce:	8ff9                	and	a5,a5,a4
 5d0:	c05c                	sw	a5,4(s0)
 5d2:	401c                	lw	a5,0(s0)
 5d4:	fef70737          	lui	a4,0xfef70
 5d8:	177d                	addi	a4,a4,-1
 5da:	8ff9                	and	a5,a5,a4
 5dc:	c01c                	sw	a5,0(s0)
 5de:	401c                	lw	a5,0(s0)
 5e0:	fffc0737          	lui	a4,0xfffc0
 5e4:	177d                	addi	a4,a4,-1
 5e6:	8ff9                	and	a5,a5,a4
 5e8:	c01c                	sw	a5,0(s0)
 5ea:	405c                	lw	a5,4(s0)
 5ec:	7741                	lui	a4,0xffff0
 5ee:	177d                	addi	a4,a4,-1
 5f0:	8ff9                	and	a5,a5,a4
 5f2:	c05c                	sw	a5,4(s0)
 5f4:	009f07b7          	lui	a5,0x9f0
 5f8:	c41c                	sw	a5,8(s0)
 5fa:	298d                	jal	a6c <RCC_AdjustHSICalibrationValue>
 5fc:	4c1c                	lw	a5,24(s0)
 5fe:	0207e793          	ori	a5,a5,32
 602:	cc1c                	sw	a5,24(s0)
 604:	400117b7          	lui	a5,0x40011
 608:	4007a703          	lw	a4,1024(a5) # 40011400 <__global_pointer$+0x20010bc8>
 60c:	40078693          	addi	a3,a5,1024
 610:	f0f77713          	andi	a4,a4,-241
 614:	40e7a023          	sw	a4,1024(a5)
 618:	4007a703          	lw	a4,1024(a5)
 61c:	08076713          	ori	a4,a4,128
 620:	40e7a023          	sw	a4,1024(a5)
 624:	4789                	li	a5,2
 626:	ca9c                	sw	a5,16(a3)
 628:	1ffff7b7          	lui	a5,0x1ffff
 62c:	7d47c503          	lbu	a0,2004(a5) # 1ffff7d4 <_data_lma+0x1fffea14>
 630:	0ff00793          	li	a5,255
 634:	00f50463          	beq	a0,a5,63c <SystemInit+0x86>
 638:	897d                	andi	a0,a0,31
 63a:	290d                	jal	a6c <RCC_AdjustHSICalibrationValue>
 63c:	400227b7          	lui	a5,0x40022
 640:	4398                	lw	a4,0(a5)
 642:	76c1                	lui	a3,0xffff0
 644:	16fd                	addi	a3,a3,-1
 646:	9b71                	andi	a4,a4,-4
 648:	c398                	sw	a4,0(a5)
 64a:	4398                	lw	a4,0(a5)
 64c:	00176713          	ori	a4,a4,1
 650:	c398                	sw	a4,0(a5)
 652:	400217b7          	lui	a5,0x40021
 656:	43d8                	lw	a4,4(a5)
 658:	c3d8                	sw	a4,4(a5)
 65a:	43d8                	lw	a4,4(a5)
 65c:	8f75                	and	a4,a4,a3
 65e:	c3d8                	sw	a4,4(a5)
 660:	43d8                	lw	a4,4(a5)
 662:	010006b7          	lui	a3,0x1000
 666:	c3d8                	sw	a4,4(a5)
 668:	4398                	lw	a4,0(a5)
 66a:	8f55                	or	a4,a4,a3
 66c:	c398                	sw	a4,0(a5)
 66e:	4398                	lw	a4,0(a5)
 670:	00671693          	slli	a3,a4,0x6
 674:	fe06dde3          	bgez	a3,66e <SystemInit+0xb8>
 678:	43d8                	lw	a4,4(a5)
 67a:	400216b7          	lui	a3,0x40021
 67e:	9b71                	andi	a4,a4,-4
 680:	c3d8                	sw	a4,4(a5)
 682:	43d8                	lw	a4,4(a5)
 684:	00276713          	ori	a4,a4,2
 688:	c3d8                	sw	a4,4(a5)
 68a:	4721                	li	a4,8
 68c:	42dc                	lw	a5,4(a3)
 68e:	8bb1                	andi	a5,a5,12
 690:	fee79ee3          	bne	a5,a4,68c <SystemInit+0xd6>
 694:	bc19                	j	aa <__riscv_restore_0>

00000696 <SystemCoreClockUpdate>:
 696:	a0bff2ef          	jal	t0,a0 <__riscv_save_0>
 69a:	40021737          	lui	a4,0x40021
 69e:	435c                	lw	a5,4(a4)
 6a0:	20000437          	lui	s0,0x20000
 6a4:	4691                	li	a3,4
 6a6:	8bb1                	andi	a5,a5,12
 6a8:	01040413          	addi	s0,s0,16 # 20000010 <SystemCoreClock>
 6ac:	00d78563          	beq	a5,a3,6b6 <SystemCoreClockUpdate+0x20>
 6b0:	46a1                	li	a3,8
 6b2:	04d78063          	beq	a5,a3,6f2 <SystemCoreClockUpdate+0x5c>
 6b6:	016e37b7          	lui	a5,0x16e3
 6ba:	60078793          	addi	a5,a5,1536 # 16e3600 <_data_lma+0x16e2840>
 6be:	c01c                	sw	a5,0(s0)
 6c0:	400216b7          	lui	a3,0x40021
 6c4:	42dc                	lw	a5,4(a3)
 6c6:	4008                	lw	a0,0(s0)
 6c8:	8391                	srli	a5,a5,0x4
 6ca:	00f7f713          	andi	a4,a5,15
 6ce:	200007b7          	lui	a5,0x20000
 6d2:	00078793          	mv	a5,a5
 6d6:	97ba                	add	a5,a5,a4
 6d8:	238c                	lbu	a1,0(a5)
 6da:	42dc                	lw	a5,4(a3)
 6dc:	0ff5f593          	andi	a1,a1,255
 6e0:	0807f793          	andi	a5,a5,128
 6e4:	00b55733          	srl	a4,a0,a1
 6e8:	e399                	bnez	a5,6ee <SystemCoreClockUpdate+0x58>
 6ea:	32ed                	jal	d4 <__udivsi3>
 6ec:	872a                	mv	a4,a0
 6ee:	c018                	sw	a4,0(s0)
 6f0:	ba6d                	j	aa <__riscv_restore_0>
 6f2:	435c                	lw	a5,4(a4)
 6f4:	02dc77b7          	lui	a5,0x2dc7
 6f8:	c0078793          	addi	a5,a5,-1024 # 2dc6c00 <_data_lma+0x2dc5e40>
 6fc:	b7c9                	j	6be <SystemCoreClockUpdate+0x28>

000006fe <WS2812_EncodeByte>:
 6fe:	4781                	li	a5,0
 700:	4621                	li	a2,8
 702:	01851713          	slli	a4,a0,0x18
 706:	8761                	srai	a4,a4,0x18
 708:	0fc00693          	li	a3,252
 70c:	00074463          	bltz	a4,714 <WS2812_EncodeByte+0x16>
 710:	0c000693          	li	a3,192
 714:	00f58733          	add	a4,a1,a5
 718:	0506                	slli	a0,a0,0x1
 71a:	a314                	sb	a3,0(a4)
 71c:	0785                	addi	a5,a5,1
 71e:	0ff57513          	andi	a0,a0,255
 722:	fec790e3          	bne	a5,a2,702 <WS2812_EncodeByte+0x4>
 726:	8082                	ret

00000728 <WS2812_Clear>:
 728:	89418793          	addi	a5,gp,-1900 # 200000cc <g_led_buffer>
 72c:	01e78713          	addi	a4,a5,30
 730:	00078023          	sb	zero,0(a5)
 734:	000780a3          	sb	zero,1(a5)
 738:	00078123          	sb	zero,2(a5)
 73c:	078d                	addi	a5,a5,3
 73e:	fee799e3          	bne	a5,a4,730 <WS2812_Clear+0x8>
 742:	8082                	ret

00000744 <WS2812_SetPixel>:
 744:	47a5                	li	a5,9
 746:	00a7eb63          	bltu	a5,a0,75c <WS2812_SetPixel+0x18>
 74a:	00151793          	slli	a5,a0,0x1
 74e:	97aa                	add	a5,a5,a0
 750:	89418513          	addi	a0,gp,-1900 # 200000cc <g_led_buffer>
 754:	953e                	add	a0,a0,a5
 756:	b10c                	sb	a1,1(a0)
 758:	a110                	sb	a2,0(a0)
 75a:	a134                	sb	a3,2(a0)
 75c:	8082                	ret

0000075e <WS2812_SetFromRgbBuffer>:
 75e:	c51d                	beqz	a0,78c <WS2812_SetFromRgbBuffer+0x2e>
 760:	47f5                	li	a5,29
 762:	02b7f563          	bgeu	a5,a1,78c <WS2812_SetFromRgbBuffer+0x2e>
 766:	89418793          	addi	a5,gp,-1900 # 200000cc <g_led_buffer>
 76a:	01e50713          	addi	a4,a0,30
 76e:	2114                	lbu	a3,0(a0)
 770:	050d                	addi	a0,a0,3
 772:	078d                	addi	a5,a5,3
 774:	fed78f23          	sb	a3,-2(a5)
 778:	ffe54683          	lbu	a3,-2(a0)
 77c:	fed78ea3          	sb	a3,-3(a5)
 780:	fff54683          	lbu	a3,-1(a0)
 784:	fed78fa3          	sb	a3,-1(a5)
 788:	fee513e3          	bne	a0,a4,76e <WS2812_SetFromRgbBuffer+0x10>
 78c:	8082                	ret

0000078e <WS2812_CopyRgbBuffer>:
 78e:	c51d                	beqz	a0,7bc <WS2812_CopyRgbBuffer+0x2e>
 790:	47f5                	li	a5,29
 792:	02b7f563          	bgeu	a5,a1,7bc <WS2812_CopyRgbBuffer+0x2e>
 796:	89418793          	addi	a5,gp,-1900 # 200000cc <g_led_buffer>
 79a:	01e50713          	addi	a4,a0,30
 79e:	3394                	lbu	a3,1(a5)
 7a0:	050d                	addi	a0,a0,3
 7a2:	078d                	addi	a5,a5,3
 7a4:	fed50ea3          	sb	a3,-3(a0)
 7a8:	ffd7c683          	lbu	a3,-3(a5)
 7ac:	fed50f23          	sb	a3,-2(a0)
 7b0:	fff7c683          	lbu	a3,-1(a5)
 7b4:	fed50fa3          	sb	a3,-1(a0)
 7b8:	fee513e3          	bne	a0,a4,79e <WS2812_CopyRgbBuffer+0x10>
 7bc:	8082                	ret

000007be <WS2812_Refresh>:
 7be:	8e3ff2ef          	jal	t0,a0 <__riscv_save_0>
 7c2:	1171                	addi	sp,sp,-4
 7c4:	4781                	li	a5,0
 7c6:	8b418413          	addi	s0,gp,-1868 # 200000ec <g_spi_tx_buffer>
 7ca:	04000713          	li	a4,64
 7ce:	00f406b3          	add	a3,s0,a5
 7d2:	00068023          	sb	zero,0(a3) # 40021000 <__global_pointer$+0x200207c8>
 7d6:	0785                	addi	a5,a5,1
 7d8:	fee79be3          	bne	a5,a4,7ce <WS2812_Refresh+0x10>
 7dc:	89418493          	addi	s1,gp,-1900 # 200000cc <g_led_buffer>
 7e0:	04040793          	addi	a5,s0,64
 7e4:	2088                	lbu	a0,0(s1)
 7e6:	85be                	mv	a1,a5
 7e8:	c03e                	sw	a5,0(sp)
 7ea:	3f11                	jal	6fe <WS2812_EncodeByte>
 7ec:	4782                	lw	a5,0(sp)
 7ee:	3088                	lbu	a0,1(s1)
 7f0:	048d                	addi	s1,s1,3
 7f2:	00878593          	addi	a1,a5,8
 7f6:	3721                	jal	6fe <WS2812_EncodeByte>
 7f8:	4782                	lw	a5,0(sp)
 7fa:	fff4c503          	lbu	a0,-1(s1)
 7fe:	01078593          	addi	a1,a5,16
 802:	3df5                	jal	6fe <WS2812_EncodeByte>
 804:	4782                	lw	a5,0(sp)
 806:	9e418713          	addi	a4,gp,-1564 # 2000021c <g_spi_tx_buffer+0x130>
 80a:	07e1                	addi	a5,a5,24
 80c:	fce79ce3          	bne	a5,a4,7e4 <WS2812_Refresh+0x26>
 810:	13000793          	li	a5,304
 814:	17000713          	li	a4,368
 818:	00f406b3          	add	a3,s0,a5
 81c:	00068023          	sb	zero,0(a3)
 820:	0785                	addi	a5,a5,1
 822:	fee79be3          	bne	a5,a4,818 <WS2812_Refresh+0x5a>
 826:	4481                	li	s1,0
 828:	4589                	li	a1,2
 82a:	40013537          	lui	a0,0x40013
 82e:	2685                	jal	b8e <SPI_I2S_GetFlagStatus>
 830:	dd65                	beqz	a0,828 <WS2812_Refresh+0x6a>
 832:	009407b3          	add	a5,s0,s1
 836:	238c                	lbu	a1,0(a5)
 838:	40013537          	lui	a0,0x40013
 83c:	0485                	addi	s1,s1,1
 83e:	26b1                	jal	b8a <SPI_I2S_SendData>
 840:	17000793          	li	a5,368
 844:	fef492e3          	bne	s1,a5,828 <WS2812_Refresh+0x6a>
 848:	08000593          	li	a1,128
 84c:	40013537          	lui	a0,0x40013
 850:	2e3d                	jal	b8e <SPI_I2S_GetFlagStatus>
 852:	f97d                	bnez	a0,848 <WS2812_Refresh+0x8a>
 854:	0111                	addi	sp,sp,4
 856:	855ff06f          	j	aa <__riscv_restore_0>

0000085a <WS2812_Init>:
 85a:	847ff2ef          	jal	t0,a0 <__riscv_save_0>
 85e:	1131                	addi	sp,sp,-20
 860:	4585                	li	a1,1
 862:	4541                	li	a0,16
 864:	c002                	sw	zero,0(sp)
 866:	c202                	sw	zero,4(sp)
 868:	c402                	sw	zero,8(sp)
 86a:	2c5d                	jal	b20 <RCC_APB2PeriphClockCmd>
 86c:	06000793          	li	a5,96
 870:	807c                	sh	a5,0(sp)
 872:	478d                	li	a5,3
 874:	c23e                	sw	a5,4(sp)
 876:	858a                	mv	a1,sp
 878:	47e1                	li	a5,24
 87a:	40011537          	lui	a0,0x40011
 87e:	c43e                	sw	a5,8(sp)
 880:	2221                	jal	988 <GPIO_Init>
 882:	08000793          	li	a5,128
 886:	807c                	sh	a5,0(sp)
 888:	858a                	mv	a1,sp
 88a:	4791                	li	a5,4
 88c:	40011537          	lui	a0,0x40011
 890:	c43e                	sw	a5,8(sp)
 892:	28dd                	jal	988 <GPIO_Init>
 894:	4585                	li	a1,1
 896:	6505                	lui	a0,0x1
 898:	c002                	sw	zero,0(sp)
 89a:	c202                	sw	zero,4(sp)
 89c:	c402                	sw	zero,8(sp)
 89e:	c602                	sw	zero,12(sp)
 8a0:	00011823          	sh	zero,16(sp)
 8a4:	2cb5                	jal	b20 <RCC_APB2PeriphClockCmd>
 8a6:	0104c7b7          	lui	a5,0x104c
 8aa:	c03e                	sw	a5,0(sp)
 8ac:	020007b7          	lui	a5,0x2000
 8b0:	c43e                	sw	a5,8(sp)
 8b2:	47c1                	li	a5,16
 8b4:	c63e                	sw	a5,12(sp)
 8b6:	858a                	mv	a1,sp
 8b8:	479d                	li	a5,7
 8ba:	40013537          	lui	a0,0x40013
 8be:	80fc                	sh	a5,16(sp)
 8c0:	c202                	sw	zero,4(sp)
 8c2:	2cb5                	jal	b3e <SPI_Init>
 8c4:	4585                	li	a1,1
 8c6:	40013537          	lui	a0,0x40013
 8ca:	245d                	jal	b70 <SPI_Cmd>
 8cc:	3db1                	jal	728 <WS2812_Clear>
 8ce:	3dc5                	jal	7be <WS2812_Refresh>
 8d0:	0151                	addi	sp,sp,20
 8d2:	fd8ff06f          	j	aa <__riscv_restore_0>

000008d6 <ADC1_IRQHandler>:
 8d6:	a001                	j	8d6 <ADC1_IRQHandler>

000008d8 <handle_reset>:
 8d8:	20000197          	auipc	gp,0x20000
 8dc:	f6018193          	addi	gp,gp,-160 # 20000838 <__global_pointer$>
 8e0:	fc818113          	addi	sp,gp,-56 # 20000800 <_eusrstack>
 8e4:	0a000513          	li	a0,160
 8e8:	1ffff597          	auipc	a1,0x1ffff
 8ec:	71858593          	addi	a1,a1,1816 # 20000000 <_highcode_vma_end>
 8f0:	1ffff617          	auipc	a2,0x1ffff
 8f4:	71060613          	addi	a2,a2,1808 # 20000000 <_highcode_vma_end>
 8f8:	00c5fa63          	bgeu	a1,a2,90c <handle_reset+0x34>
 8fc:	00052283          	lw	t0,0(a0) # 40013000 <__global_pointer$+0x200127c8>
 900:	0055a023          	sw	t0,0(a1)
 904:	0511                	addi	a0,a0,4
 906:	0591                	addi	a1,a1,4
 908:	fec5eae3          	bltu	a1,a2,8fc <handle_reset+0x24>
 90c:	00000517          	auipc	a0,0x0
 910:	4b450513          	addi	a0,a0,1204 # dc0 <_data_lma>
 914:	1ffff597          	auipc	a1,0x1ffff
 918:	6ec58593          	addi	a1,a1,1772 # 20000000 <_highcode_vma_end>
 91c:	1ffff617          	auipc	a2,0x1ffff
 920:	71c60613          	addi	a2,a2,1820 # 20000038 <_edata>
 924:	00c5fa63          	bgeu	a1,a2,938 <handle_reset+0x60>
 928:	00052283          	lw	t0,0(a0)
 92c:	0055a023          	sw	t0,0(a1)
 930:	0511                	addi	a0,a0,4
 932:	0591                	addi	a1,a1,4
 934:	fec5eae3          	bltu	a1,a2,928 <handle_reset+0x50>
 938:	1ffff517          	auipc	a0,0x1ffff
 93c:	70050513          	addi	a0,a0,1792 # 20000038 <_edata>
 940:	a2c18593          	addi	a1,gp,-1492 # 20000264 <_ebss>
 944:	00b57763          	bgeu	a0,a1,952 <handle_reset+0x7a>
 948:	00052023          	sw	zero,0(a0)
 94c:	0511                	addi	a0,a0,4
 94e:	feb56de3          	bltu	a0,a1,948 <handle_reset+0x70>
 952:	000022b7          	lui	t0,0x2
 956:	88028293          	addi	t0,t0,-1920 # 1880 <_data_lma+0xac0>
 95a:	30029073          	csrw	mstatus,t0
 95e:	428d                	li	t0,3
 960:	80429073          	csrw	0x804,t0
 964:	fffff297          	auipc	t0,0xfffff
 968:	69c28293          	addi	t0,t0,1692 # 0 <_sinit>
 96c:	0032e293          	ori	t0,t0,3
 970:	30529073          	csrw	mtvec,t0
 974:	c43ff0ef          	jal	ra,5b6 <SystemInit>
 978:	00000297          	auipc	t0,0x0
 97c:	a3428293          	addi	t0,t0,-1484 # 3ac <main>
 980:	34129073          	csrw	mepc,t0
 984:	30200073          	mret

00000988 <GPIO_Init>:
 988:	4594                	lw	a3,8(a1)
 98a:	0106f793          	andi	a5,a3,16
 98e:	00f6f293          	andi	t0,a3,15
 992:	c781                	beqz	a5,99a <GPIO_Init+0x12>
 994:	41dc                	lw	a5,4(a1)
 996:	00f2e2b3          	or	t0,t0,a5
 99a:	0005d383          	lhu	t2,0(a1)
 99e:	0ff3f793          	andi	a5,t2,255
 9a2:	c3a5                	beqz	a5,a02 <GPIO_Init+0x7a>
 9a4:	00052303          	lw	t1,0(a0)
 9a8:	1161                	addi	sp,sp,-8
 9aa:	c222                	sw	s0,4(sp)
 9ac:	c026                	sw	s1,0(sp)
 9ae:	4781                	li	a5,0
 9b0:	02800413          	li	s0,40
 9b4:	04800493          	li	s1,72
 9b8:	4705                	li	a4,1
 9ba:	00f71633          	sll	a2,a4,a5
 9be:	00c3f733          	and	a4,t2,a2
 9c2:	02e61263          	bne	a2,a4,9e6 <GPIO_Init+0x5e>
 9c6:	00279593          	slli	a1,a5,0x2
 9ca:	473d                	li	a4,15
 9cc:	00b71733          	sll	a4,a4,a1
 9d0:	fff74713          	not	a4,a4
 9d4:	00677333          	and	t1,a4,t1
 9d8:	00b295b3          	sll	a1,t0,a1
 9dc:	0065e333          	or	t1,a1,t1
 9e0:	00869d63          	bne	a3,s0,9fa <GPIO_Init+0x72>
 9e4:	c950                	sw	a2,20(a0)
 9e6:	0785                	addi	a5,a5,1
 9e8:	4721                	li	a4,8
 9ea:	fce797e3          	bne	a5,a4,9b8 <GPIO_Init+0x30>
 9ee:	4412                	lw	s0,4(sp)
 9f0:	00652023          	sw	t1,0(a0)
 9f4:	4482                	lw	s1,0(sp)
 9f6:	0121                	addi	sp,sp,8
 9f8:	8082                	ret
 9fa:	fe9696e3          	bne	a3,s1,9e6 <GPIO_Init+0x5e>
 9fe:	c910                	sw	a2,16(a0)
 a00:	b7dd                	j	9e6 <GPIO_Init+0x5e>
 a02:	8082                	ret

00000a04 <NVIC_PriorityGroupConfig>:
 a04:	a2a1a223          	sw	a0,-1500(gp) # 2000025c <NVIC_Priority_Group>
 a08:	8082                	ret

00000a0a <NVIC_Init>:
 a0a:	a241a683          	lw	a3,-1500(gp) # 2000025c <NVIC_Priority_Group>
 a0e:	4785                	li	a5,1
 a10:	2118                	lbu	a4,0(a0)
 a12:	02f69063          	bne	a3,a5,a32 <NVIC_Init+0x28>
 a16:	311c                	lbu	a5,1(a0)
 a18:	02d79c63          	bne	a5,a3,a50 <NVIC_Init+0x46>
 a1c:	213c                	lbu	a5,2(a0)
 a1e:	079a                	slli	a5,a5,0x6
 a20:	f807e793          	ori	a5,a5,-128
 a24:	e000e6b7          	lui	a3,0xe000e
 a28:	0ff7f793          	andi	a5,a5,255
 a2c:	96ba                	add	a3,a3,a4
 a2e:	40f68023          	sb	a5,1024(a3) # e000e400 <__global_pointer$+0xc000dbc8>
 a32:	4685                	li	a3,1
 a34:	00575793          	srli	a5,a4,0x5
 a38:	00e69733          	sll	a4,a3,a4
 a3c:	4154                	lw	a3,4(a0)
 a3e:	ce89                	beqz	a3,a58 <NVIC_Init+0x4e>
 a40:	04078793          	addi	a5,a5,64 # 2000040 <_data_lma+0x1fff280>
 a44:	078a                	slli	a5,a5,0x2
 a46:	e000e6b7          	lui	a3,0xe000e
 a4a:	97b6                	add	a5,a5,a3
 a4c:	c398                	sw	a4,0(a5)
 a4e:	8082                	ret
 a50:	f3ed                	bnez	a5,a32 <NVIC_Init+0x28>
 a52:	213c                	lbu	a5,2(a0)
 a54:	079a                	slli	a5,a5,0x6
 a56:	b7f9                	j	a24 <NVIC_Init+0x1a>
 a58:	06078793          	addi	a5,a5,96
 a5c:	e000e6b7          	lui	a3,0xe000e
 a60:	078a                	slli	a5,a5,0x2
 a62:	97b6                	add	a5,a5,a3
 a64:	c398                	sw	a4,0(a5)
 a66:	0000100f          	fence.i
 a6a:	8082                	ret

00000a6c <RCC_AdjustHSICalibrationValue>:
 a6c:	40021737          	lui	a4,0x40021
 a70:	431c                	lw	a5,0(a4)
 a72:	050e                	slli	a0,a0,0x3
 a74:	f077f793          	andi	a5,a5,-249
 a78:	8d5d                	or	a0,a0,a5
 a7a:	c308                	sw	a0,0(a4)
 a7c:	8082                	ret

00000a7e <RCC_GetClocksFreq>:
 a7e:	e22ff2ef          	jal	t0,a0 <__riscv_save_0>
 a82:	40021737          	lui	a4,0x40021
 a86:	435c                	lw	a5,4(a4)
 a88:	4691                	li	a3,4
 a8a:	842a                	mv	s0,a0
 a8c:	8bb1                	andi	a5,a5,12
 a8e:	00d78563          	beq	a5,a3,a98 <RCC_GetClocksFreq+0x1a>
 a92:	46a1                	li	a3,8
 a94:	08d78063          	beq	a5,a3,b14 <RCC_GetClocksFreq+0x96>
 a98:	016e37b7          	lui	a5,0x16e3
 a9c:	60078793          	addi	a5,a5,1536 # 16e3600 <_data_lma+0x16e2840>
 aa0:	c01c                	sw	a5,0(s0)
 aa2:	400216b7          	lui	a3,0x40021
 aa6:	42dc                	lw	a5,4(a3)
 aa8:	8391                	srli	a5,a5,0x4
 aaa:	00f7f713          	andi	a4,a5,15
 aae:	200007b7          	lui	a5,0x20000
 ab2:	02878793          	addi	a5,a5,40 # 20000028 <APBAHBPrescTable>
 ab6:	97ba                	add	a5,a5,a4
 ab8:	238c                	lbu	a1,0(a5)
 aba:	42dc                	lw	a5,4(a3)
 abc:	4018                	lw	a4,0(s0)
 abe:	0ff5f593          	andi	a1,a1,255
 ac2:	0807f793          	andi	a5,a5,128
 ac6:	00b75533          	srl	a0,a4,a1
 aca:	e781                	bnez	a5,ad2 <RCC_GetClocksFreq+0x54>
 acc:	853a                	mv	a0,a4
 ace:	e06ff0ef          	jal	ra,d4 <__udivsi3>
 ad2:	c048                	sw	a0,4(s0)
 ad4:	c408                	sw	a0,8(s0)
 ad6:	c448                	sw	a0,12(s0)
 ad8:	400217b7          	lui	a5,0x40021
 adc:	43dc                	lw	a5,4(a5)
 ade:	468d                	li	a3,3
 ae0:	83ad                	srli	a5,a5,0xb
 ae2:	8bfd                	andi	a5,a5,31
 ae4:	0037d713          	srli	a4,a5,0x3
 ae8:	078a                	slli	a5,a5,0x2
 aea:	8bf1                	andi	a5,a5,28
 aec:	8fd9                	or	a5,a5,a4
 aee:	0137f613          	andi	a2,a5,19
 af2:	0037f713          	andi	a4,a5,3
 af6:	00c6f463          	bgeu	a3,a2,afe <RCC_GetClocksFreq+0x80>
 afa:	ff478713          	addi	a4,a5,-12 # 40020ff4 <__global_pointer$+0x200207bc>
 afe:	200007b7          	lui	a5,0x20000
 b02:	01478793          	addi	a5,a5,20 # 20000014 <ADCPrescTable>
 b06:	97ba                	add	a5,a5,a4
 b08:	238c                	lbu	a1,0(a5)
 b0a:	dcaff0ef          	jal	ra,d4 <__udivsi3>
 b0e:	c808                	sw	a0,16(s0)
 b10:	d9aff06f          	j	aa <__riscv_restore_0>
 b14:	435c                	lw	a5,4(a4)
 b16:	02dc77b7          	lui	a5,0x2dc7
 b1a:	c0078793          	addi	a5,a5,-1024 # 2dc6c00 <_data_lma+0x2dc5e40>
 b1e:	b749                	j	aa0 <RCC_GetClocksFreq+0x22>

00000b20 <RCC_APB2PeriphClockCmd>:
 b20:	c599                	beqz	a1,b2e <RCC_APB2PeriphClockCmd+0xe>
 b22:	40021737          	lui	a4,0x40021
 b26:	4f1c                	lw	a5,24(a4)
 b28:	8d5d                	or	a0,a0,a5
 b2a:	cf08                	sw	a0,24(a4)
 b2c:	8082                	ret
 b2e:	400217b7          	lui	a5,0x40021
 b32:	4f98                	lw	a4,24(a5)
 b34:	fff54513          	not	a0,a0
 b38:	8d79                	and	a0,a0,a4
 b3a:	cf88                	sw	a0,24(a5)
 b3c:	8082                	ret

00000b3e <SPI_Init>:
 b3e:	211a                	lhu	a4,0(a0)
 b40:	678d                	lui	a5,0x3
 b42:	04078793          	addi	a5,a5,64 # 3040 <_data_lma+0x2280>
 b46:	21b6                	lhu	a3,2(a1)
 b48:	8f7d                	and	a4,a4,a5
 b4a:	219e                	lhu	a5,0(a1)
 b4c:	8fd5                	or	a5,a5,a3
 b4e:	21d6                	lhu	a3,4(a1)
 b50:	8fd5                	or	a5,a5,a3
 b52:	21f6                	lhu	a3,6(a1)
 b54:	8fd5                	or	a5,a5,a3
 b56:	2596                	lhu	a3,8(a1)
 b58:	8fd5                	or	a5,a5,a3
 b5a:	25b6                	lhu	a3,10(a1)
 b5c:	8fd5                	or	a5,a5,a3
 b5e:	25d6                	lhu	a3,12(a1)
 b60:	8fd5                	or	a5,a5,a3
 b62:	25f6                	lhu	a3,14(a1)
 b64:	8fd5                	or	a5,a5,a3
 b66:	8fd9                	or	a5,a5,a4
 b68:	a11e                	sh	a5,0(a0)
 b6a:	299e                	lhu	a5,16(a1)
 b6c:	a91e                	sh	a5,16(a0)
 b6e:	8082                	ret

00000b70 <SPI_Cmd>:
 b70:	211e                	lhu	a5,0(a0)
 b72:	c589                	beqz	a1,b7c <SPI_Cmd+0xc>
 b74:	0407e793          	ori	a5,a5,64
 b78:	a11e                	sh	a5,0(a0)
 b7a:	8082                	ret
 b7c:	07c2                	slli	a5,a5,0x10
 b7e:	83c1                	srli	a5,a5,0x10
 b80:	fbf7f793          	andi	a5,a5,-65
 b84:	07c2                	slli	a5,a5,0x10
 b86:	83c1                	srli	a5,a5,0x10
 b88:	bfc5                	j	b78 <SPI_Cmd+0x8>

00000b8a <SPI_I2S_SendData>:
 b8a:	a54e                	sh	a1,12(a0)
 b8c:	8082                	ret

00000b8e <SPI_I2S_GetFlagStatus>:
 b8e:	250a                	lhu	a0,8(a0)
 b90:	8d6d                	and	a0,a0,a1
 b92:	00a03533          	snez	a0,a0
 b96:	8082                	ret

00000b98 <USART_Init>:
 b98:	d08ff2ef          	jal	t0,a0 <__riscv_save_0>
 b9c:	2916                	lhu	a3,16(a0)
 b9e:	77f5                	lui	a5,0xffffd
 ba0:	17fd                	addi	a5,a5,-1
 ba2:	8ff5                	and	a5,a5,a3
 ba4:	21f6                	lhu	a3,6(a1)
 ba6:	25da                	lhu	a4,12(a1)
 ba8:	1121                	addi	sp,sp,-24
 baa:	8fd5                	or	a5,a5,a3
 bac:	a91e                	sh	a5,16(a0)
 bae:	2556                	lhu	a3,12(a0)
 bb0:	77fd                	lui	a5,0xfffff
 bb2:	9f378793          	addi	a5,a5,-1549 # ffffe9f3 <__global_pointer$+0xdfffe1bb>
 bb6:	8ff5                	and	a5,a5,a3
 bb8:	21d6                	lhu	a3,4(a1)
 bba:	842a                	mv	s0,a0
 bbc:	c02e                	sw	a1,0(sp)
 bbe:	8fd5                	or	a5,a5,a3
 bc0:	2596                	lhu	a3,8(a1)
 bc2:	8fd5                	or	a5,a5,a3
 bc4:	25b6                	lhu	a3,10(a1)
 bc6:	8fd5                	or	a5,a5,a3
 bc8:	a55e                	sh	a5,12(a0)
 bca:	295e                	lhu	a5,20(a0)
 bcc:	07c2                	slli	a5,a5,0x10
 bce:	83c1                	srli	a5,a5,0x10
 bd0:	cff7f793          	andi	a5,a5,-769
 bd4:	8f5d                	or	a4,a4,a5
 bd6:	a95a                	sh	a4,20(a0)
 bd8:	0048                	addi	a0,sp,4
 bda:	3555                	jal	a7e <RCC_GetClocksFreq>
 bdc:	400147b7          	lui	a5,0x40014
 be0:	80078793          	addi	a5,a5,-2048 # 40013800 <__global_pointer$+0x20012fc8>
 be4:	4582                	lw	a1,0(sp)
 be6:	06f41263          	bne	s0,a5,c4a <USART_Init+0xb2>
 bea:	47c2                	lw	a5,16(sp)
 bec:	245a                	lhu	a4,12(s0)
 bee:	00179513          	slli	a0,a5,0x1
 bf2:	953e                	add	a0,a0,a5
 bf4:	0742                	slli	a4,a4,0x10
 bf6:	050e                	slli	a0,a0,0x3
 bf8:	8741                	srai	a4,a4,0x10
 bfa:	953e                	add	a0,a0,a5
 bfc:	418c                	lw	a1,0(a1)
 bfe:	04075863          	bgez	a4,c4e <USART_Init+0xb6>
 c02:	0586                	slli	a1,a1,0x1
 c04:	cd0ff0ef          	jal	ra,d4 <__udivsi3>
 c08:	06400593          	li	a1,100
 c0c:	c02a                	sw	a0,0(sp)
 c0e:	cc6ff0ef          	jal	ra,d4 <__udivsi3>
 c12:	4782                	lw	a5,0(sp)
 c14:	00451493          	slli	s1,a0,0x4
 c18:	06400593          	li	a1,100
 c1c:	853e                	mv	a0,a5
 c1e:	ce2ff0ef          	jal	ra,100 <__umodsi3>
 c22:	245e                	lhu	a5,12(s0)
 c24:	07c2                	slli	a5,a5,0x10
 c26:	87c1                	srai	a5,a5,0x10
 c28:	0207d563          	bgez	a5,c52 <USART_Init+0xba>
 c2c:	050e                	slli	a0,a0,0x3
 c2e:	06400593          	li	a1,100
 c32:	03250513          	addi	a0,a0,50
 c36:	c9eff0ef          	jal	ra,d4 <__udivsi3>
 c3a:	891d                	andi	a0,a0,7
 c3c:	8cc9                	or	s1,s1,a0
 c3e:	04c2                	slli	s1,s1,0x10
 c40:	80c1                	srli	s1,s1,0x10
 c42:	a406                	sh	s1,8(s0)
 c44:	0161                	addi	sp,sp,24
 c46:	c64ff06f          	j	aa <__riscv_restore_0>
 c4a:	47b2                	lw	a5,12(sp)
 c4c:	b745                	j	bec <USART_Init+0x54>
 c4e:	058a                	slli	a1,a1,0x2
 c50:	bf55                	j	c04 <USART_Init+0x6c>
 c52:	0512                	slli	a0,a0,0x4
 c54:	06400593          	li	a1,100
 c58:	03250513          	addi	a0,a0,50
 c5c:	c78ff0ef          	jal	ra,d4 <__udivsi3>
 c60:	893d                	andi	a0,a0,15
 c62:	bfe9                	j	c3c <USART_Init+0xa4>

00000c64 <USART_Cmd>:
 c64:	c591                	beqz	a1,c70 <USART_Cmd+0xc>
 c66:	255e                	lhu	a5,12(a0)
 c68:	6709                	lui	a4,0x2
 c6a:	8fd9                	or	a5,a5,a4
 c6c:	a55e                	sh	a5,12(a0)
 c6e:	8082                	ret
 c70:	255a                	lhu	a4,12(a0)
 c72:	77f9                	lui	a5,0xffffe
 c74:	17fd                	addi	a5,a5,-1
 c76:	8ff9                	and	a5,a5,a4
 c78:	bfd5                	j	c6c <USART_Cmd+0x8>

00000c7a <USART_ITConfig>:
 c7a:	0ff5f713          	andi	a4,a1,255
 c7e:	4785                	li	a5,1
 c80:	8315                	srli	a4,a4,0x5
 c82:	00b795b3          	sll	a1,a5,a1
 c86:	00f71963          	bne	a4,a5,c98 <USART_ITConfig+0x1e>
 c8a:	00c50793          	addi	a5,a0,12
 c8e:	4398                	lw	a4,0(a5)
 c90:	ce01                	beqz	a2,ca8 <USART_ITConfig+0x2e>
 c92:	8dd9                	or	a1,a1,a4
 c94:	c38c                	sw	a1,0(a5)
 c96:	8082                	ret
 c98:	4689                	li	a3,2
 c9a:	01450793          	addi	a5,a0,20
 c9e:	fed718e3          	bne	a4,a3,c8e <USART_ITConfig+0x14>
 ca2:	01050793          	addi	a5,a0,16
 ca6:	b7e5                	j	c8e <USART_ITConfig+0x14>
 ca8:	fff5c593          	not	a1,a1
 cac:	8df9                	and	a1,a1,a4
 cae:	b7dd                	j	c94 <USART_ITConfig+0x1a>

00000cb0 <USART_SendData>:
 cb0:	1ff5f593          	andi	a1,a1,511
 cb4:	a14e                	sh	a1,4(a0)
 cb6:	8082                	ret

00000cb8 <USART_ReceiveData>:
 cb8:	214a                	lhu	a0,4(a0)
 cba:	1ff57513          	andi	a0,a0,511
 cbe:	8082                	ret

00000cc0 <USART_GetFlagStatus>:
 cc0:	210a                	lhu	a0,0(a0)
 cc2:	8d6d                	and	a0,a0,a1
 cc4:	00a03533          	snez	a0,a0
 cc8:	8082                	ret

00000cca <USART_GetITStatus>:
 cca:	0ff5f713          	andi	a4,a1,255
 cce:	4685                	li	a3,1
 cd0:	8315                	srli	a4,a4,0x5
 cd2:	00b697b3          	sll	a5,a3,a1
 cd6:	02d71163          	bne	a4,a3,cf8 <USART_GetITStatus+0x2e>
 cda:	255a                	lhu	a4,12(a0)
 cdc:	8ff9                	and	a5,a5,a4
 cde:	211a                	lhu	a4,0(a0)
 ce0:	4501                	li	a0,0
 ce2:	0742                	slli	a4,a4,0x10
 ce4:	8341                	srli	a4,a4,0x10
 ce6:	cb81                	beqz	a5,cf6 <USART_GetITStatus+0x2c>
 ce8:	4505                	li	a0,1
 cea:	81a1                	srli	a1,a1,0x8
 cec:	00b515b3          	sll	a1,a0,a1
 cf0:	8f6d                	and	a4,a4,a1
 cf2:	00e03533          	snez	a0,a4
 cf6:	8082                	ret
 cf8:	4689                	li	a3,2
 cfa:	00d71463          	bne	a4,a3,d02 <USART_GetITStatus+0x38>
 cfe:	291a                	lhu	a4,16(a0)
 d00:	bff1                	j	cdc <USART_GetITStatus+0x12>
 d02:	295a                	lhu	a4,20(a0)
 d04:	bfe1                	j	cdc <USART_GetITStatus+0x12>

00000d06 <Delay_Init>:
 d06:	b9aff2ef          	jal	t0,a0 <__riscv_save_0>
 d0a:	200007b7          	lui	a5,0x20000
 d0e:	0107a503          	lw	a0,16(a5) # 20000010 <SystemCoreClock>
 d12:	007a15b7          	lui	a1,0x7a1
 d16:	20058593          	addi	a1,a1,512 # 7a1200 <_data_lma+0x7a0440>
 d1a:	bbaff0ef          	jal	ra,d4 <__udivsi3>
 d1e:	0ff57513          	andi	a0,a0,255
 d22:	a2a18523          	sb	a0,-1494(gp) # 20000262 <p_us>
 d26:	00551793          	slli	a5,a0,0x5
 d2a:	8f89                	sub	a5,a5,a0
 d2c:	078a                	slli	a5,a5,0x2
 d2e:	953e                	add	a0,a0,a5
 d30:	050e                	slli	a0,a0,0x3
 d32:	a2a19423          	sh	a0,-1496(gp) # 20000260 <p_ms>
 d36:	b74ff06f          	j	aa <__riscv_restore_0>

00000d3a <Delay_Ms>:
 d3a:	b66ff2ef          	jal	t0,a0 <__riscv_save_0>
 d3e:	e000f437          	lui	s0,0xe000f
 d42:	405c                	lw	a5,4(s0)
 d44:	85aa                	mv	a1,a0
 d46:	9bf9                	andi	a5,a5,-2
 d48:	c05c                	sw	a5,4(s0)
 d4a:	a281d503          	lhu	a0,-1496(gp) # 20000260 <p_ms>
 d4e:	b66ff0ef          	jal	ra,b4 <__mulsi3>
 d52:	c808                	sw	a0,16(s0)
 d54:	00042423          	sw	zero,8(s0) # e000f008 <__global_pointer$+0xc000e7d0>
 d58:	401c                	lw	a5,0(s0)
 d5a:	0017e793          	ori	a5,a5,1
 d5e:	c01c                	sw	a5,0(s0)
 d60:	e000f7b7          	lui	a5,0xe000f
 d64:	43d8                	lw	a4,4(a5)
 d66:	8b05                	andi	a4,a4,1
 d68:	df75                	beqz	a4,d64 <Delay_Ms+0x2a>
 d6a:	4398                	lw	a4,0(a5)
 d6c:	9b79                	andi	a4,a4,-2
 d6e:	c398                	sw	a4,0(a5)
 d70:	b3aff06f          	j	aa <__riscv_restore_0>
 d74:	04f0                	addi	a2,sp,588
 d76:	0000                	unimp
 d78:	04e8                	addi	a0,sp,588
 d7a:	0000                	unimp
 d7c:	04fa                	slli	s1,s1,0x1e
 d7e:	0000                	unimp
 d80:	0514                	addi	a3,sp,640
 d82:	0000                	unimp
 d84:	052a                	slli	a0,a0,0xa
 d86:	0000                	unimp
 d88:	696c                	flw	fa1,84(a0)
 d8a:	20746867          	0x20746867
 d8e:	6572                	flw	fa0,28(sp)
 d90:	6461                	lui	s0,0x18
 d92:	0d79                	addi	s10,s10,30
 d94:	000a                	c.slli	zero,0x2
 d96:	0000                	unimp
 d98:	5852                	lw	a6,52(sp)
 d9a:	4f5f 0d4b 000a      	0xa0d4b4f5f
 da0:	5852                	lw	a6,52(sp)
 da2:	455f 5252 0a0d      	0xa0d5252455f
 da8:	0000                	unimp
	...

00000dac <palette.4158>:
 dac:	3000 3000 0030 3000 0000 3030 0000 3030     .0.00..0..00..00
 dbc:	3000 0000                                   .0..
